******************************************************************************
                  TI ARM Linker Unix v16.9.3                   
******************************************************************************
>> Linked Sun Oct  8 11:28:36 2017

OUTPUT FILE NAME:   <lab3_uart.out>
ENTRY POINT SYMBOL: "_c_int00"  address: 00000e7d


MEMORY CONFIGURATION

         name            origin    length      used     unused   attr    fill
----------------------  --------  ---------  --------  --------  ----  --------
  MAIN                  00000000   00040000  00001056  0003efaa  R  X
  INFO                  00200000   00004000  00000000  00004000  R  X
  SRAM_CODE             01000000   00010000  00000650  0000f9b0  RW X
  SRAM_DATA             20000000   00010000  00000650  0000f9b0  RW  


SEGMENT ALLOCATION MAP

run origin  load origin   length   init length attrs members
----------  ----------- ---------- ----------- ----- -------
00000000    00000000    00001058   00001058    r-x
  00000000    00000000    000000e4   000000e4    r-- .intvecs
  000000e4    000000e4    00000f2a   00000f2a    r-x .text
  00001010    00001010    00000048   00000048    r-- .cinit
20000000    20000000    00000450   00000000    rw-
  20000000    20000000    00000400   00000000    rw- .sysmem
  20000400    20000400    00000038   00000000    rw- .data
  20000438    20000438    00000018   00000000    rw- .bss
2000fe00    2000fe00    00000200   00000000    rw-
  2000fe00    2000fe00    00000200   00000000    rw- .stack


SECTION ALLOCATION MAP

 output                                  attributes/
section   page    origin      length       input sections
--------  ----  ----------  ----------   ----------------
.intvecs   0    00000000    000000e4     
                  00000000    000000e4     startup_msp432p401r_ccs.obj (.intvecs:retain)

.text      0    000000e4    00000f2a     
                  000000e4    000003d0     rtsv7M4_T_le_v4SPD16_eabi.lib : memory.obj (.text)
                  000004b4    0000032c     system_msp432p401r.obj (.text)
                  000007e0    000001fc     circ_buffer_basic.obj (.text)
                  000009dc    000001b0     uart.obj (.text)
                  00000b8c    00000100     main.obj (.text)
                  00000c8c    0000009c     rtsv7M4_T_le_v4SPD16_eabi.lib : memcpy_t2.obj (.text)
                  00000d28    0000007a                                   : memset_t2.obj (.text)
                  00000da2    00000002                                   : mpu_init.obj (.text)
                  00000da4    00000070                                   : autoinit.obj (.text)
                  00000e14    00000068                                   : copy_decompress_lzss.obj (.text:decompress:lzss)
                  00000e7c    00000054                                   : boot.obj (.text)
                  00000ed0    00000054                                   : exit.obj (.text)
                  00000f24    0000004c                                   : cpy_tbl.obj (.text)
                  00000f70    00000044     lab3.obj (.text)
                  00000fb4    00000018     rtsv7M4_T_le_v4SPD16_eabi.lib : args_main.obj (.text)
                  00000fcc    00000014                                   : _lock.obj (.text)
                  00000fe0    0000000e                                   : copy_decompress_none.obj (.text:decompress:none)
                  00000fee    0000000e     startup_msp432p401r_ccs.obj (.text)
                  00000ffc    0000000c     rtsv7M4_T_le_v4SPD16_eabi.lib : copy_zero_init.obj (.text:decompress:ZI)
                  00001008    00000004                                   : pre_init.obj (.text)
                  0000100c    00000002                                   : startup.obj (.text)

.cinit     0    00001010    00000048     
                  00001010    00000022     (.cinit..data.load) [load image, compression = lzss]
                  00001032    00000002     --HOLE-- [fill = 0]
                  00001034    0000000c     (__TI_handler_table)
                  00001040    00000008     (.cinit..bss.load) [load image, compression = zero_init]
                  00001048    00000010     (__TI_cinit_table)

.init_array 
*          0    00000000    00000000     UNINITIALIZED

.binit     0    00000000    00000000     

.sysmem    0    20000000    00000400     UNINITIALIZED
                  20000000    00000008     rtsv7M4_T_le_v4SPD16_eabi.lib : memory.obj (.sysmem)
                  20000008    000003f8     --HOLE--

.data      0    20000400    00000038     UNINITIALIZED
                  20000400    0000000c     rtsv7M4_T_le_v4SPD16_eabi.lib : exit.obj (.data:$O1$$)
                  2000040c    0000000c                                   : memory.obj (.data:$O1$$)
                  20000418    00000008                                   : _lock.obj (.data:$O1$$)
                  20000420    00000005     main.obj (.data:count)
                  20000425    00000003     --HOLE--
                  20000428    00000005     main.obj (.data)
                  2000042d    00000003     --HOLE--
                  20000430    00000004     rtsv7M4_T_le_v4SPD16_eabi.lib : stkdepth_vars.obj (.data)
                  20000434    00000004     system_msp432p401r.obj (.data)

.bss       0    20000438    00000018     UNINITIALIZED
                  20000438    00000018     (.common:myBuffer)

.stack     0    2000fe00    00000200     UNINITIALIZED
                  2000fe00    00000200     --HOLE--

MODULE SUMMARY

       Module                        code   ro data   rw data
       ------                        ----   -------   -------
    ./
       system_msp432p401r.obj        812    0         8      
       circ_buffer_basic.obj         508    0         0      
       uart.obj                      432    0         0      
       main.obj                      256    0         68     
       startup_msp432p401r_ccs.obj   14     228       0      
       lab3.obj                      68     0         0      
    +--+-----------------------------+------+---------+---------+
       Total:                        2090   228       76     
                                                             
    /home/kk/ti/ccsv7/tools/compiler/ti-cgt-arm_16.9.3.LTS/lib/rtsv7M4_T_le_v4SPD16_eabi.lib
       memory.obj                    976    0         24     
       memcpy_t2.obj                 156    0         0      
       memset_t2.obj                 122    0         0      
       autoinit.obj                  112    0         0      
       exit.obj                      84     0         24     
       copy_decompress_lzss.obj      104    0         0      
       boot.obj                      84     0         0      
       cpy_tbl.obj                   76     0         0      
       _lock.obj                     20     0         16     
       args_main.obj                 24     0         0      
       copy_decompress_none.obj      14     0         0      
       copy_zero_init.obj            12     0         0      
       stkdepth_vars.obj             0      0         8      
       pre_init.obj                  4      0         0      
       mpu_init.obj                  2      0         0      
       startup.obj                   2      0         0      
    +--+-----------------------------+------+---------+---------+
       Total:                        1792   0         72     
                                                             
       Heap:                         0      0         2048   
       Stack:                        0      0         1024   
       Linker Generated:             0      70        0      
    +--+-----------------------------+------+---------+---------+
       Grand Total:                  3882   298       3220   


LINKER GENERATED COPY TABLES

__TI_cinit_table @ 00001048 records: 2, size/record: 8, table size: 16
	.data: load addr=00001010, load size=00000022 bytes, run addr=20000400, run size=00000038 bytes, compression=lzss
	.bss: load addr=00001040, load size=00000008 bytes, run addr=20000438, run size=00000018 bytes, compression=zero_init


LINKER GENERATED HANDLER TABLE

__TI_handler_table @ 00001034 records: 3, size/record: 4, table size: 12
	index: 0, handler: __TI_decompress_lzss
	index: 1, handler: __TI_decompress_none
	index: 2, handler: __TI_zero_init


GLOBAL SYMBOLS: SORTED ALPHABETICALLY BY Name 

address   name                           
-------   ----                           
00000ffb  ADC14_IRQHandler               
00000ffb  AES256_IRQHandler              
00000ffb  BusFault_Handler               
00000ed1  C$$EXIT                        
00000ffb  COMP_E0_IRQHandler             
00000ffb  COMP_E1_IRQHandler             
00000ffb  CS_IRQHandler                  
2000042c  Calculate_Stats                
00000ffb  DMA_ERR_IRQHandler             
00000ffb  DMA_INT0_IRQHandler            
00000ffb  DMA_INT1_IRQHandler            
00000ffb  DMA_INT2_IRQHandler            
00000ffb  DMA_INT3_IRQHandler            
00000ffb  DebugMon_Handler               
00000ffb  Default_Handler                
00000af5  EUSCIA0_IRQHandler             
00000af5  EUSCIA0_IRQHandler             
00000ffb  EUSCIA1_IRQHandler             
00000ffb  EUSCIA2_IRQHandler             
00000ffb  EUSCIA3_IRQHandler             
00000ffb  EUSCIB0_IRQHandler             
00000ffb  EUSCIB1_IRQHandler             
00000ffb  EUSCIB2_IRQHandler             
00000ffb  EUSCIB3_IRQHandler             
00000ffb  FLCTL_IRQHandler               
00000ffb  FPU_IRQHandler                 
00000c41  HSMCLK_OUT                     
00000ffb  HardFault_Handler              
00000ffb  MemManage_Handler              
00000ffb  NMI_Handler                    
00000ffb  PCM_IRQHandler                 
00000ffb  PORT1_IRQHandler               
00000ffb  PORT2_IRQHandler               
00000ffb  PORT3_IRQHandler               
00000ffb  PORT4_IRQHandler               
00000ffb  PORT5_IRQHandler               
00000ffb  PORT6_IRQHandler               
00000ffb  PSS_IRQHandler                 
00000ffb  PendSV_Handler                 
00000ffb  RTC_C_IRQHandler               
00000fef  Reset_Handler                  
UNDEFED   SHT$$INIT_ARRAY$$Base          
UNDEFED   SHT$$INIT_ARRAY$$Limit         
00000ffb  SVC_Handler                    
00000ffb  SysTick_Handler                
20000434  SystemCoreClock                
000004b5  SystemCoreClockUpdate          
00000729  SystemInit                     
00000ffb  T32_INT1_IRQHandler            
00000ffb  T32_INT2_IRQHandler            
00000ffb  T32_INTC_IRQHandler            
00000ffb  TA0_0_IRQHandler               
00000ffb  TA0_N_IRQHandler               
00000ffb  TA1_0_IRQHandler               
00000ffb  TA1_N_IRQHandler               
00000ffb  TA2_0_IRQHandler               
00000ffb  TA2_N_IRQHandler               
00000ffb  TA3_0_IRQHandler               
00000ffb  TA3_N_IRQHandler               
00000a09  UART_config                    
00000a93  UART_putchar                   
00000ffb  UsageFault_Handler             
4000480c  WDTCTL_SYM                     
00000ffb  WDT_A_IRQHandler               
20010000  __STACK_END                    
00000200  __STACK_SIZE                   
00000400  __SYSMEM_SIZE                  
00001048  __TI_CINIT_Base                
00001058  __TI_CINIT_Limit               
00001034  __TI_Handler_Table_Base        
00001040  __TI_Handler_Table_Limit       
00000da5  __TI_auto_init                 
20000400  __TI_cleanup_ptr               
00000e15  __TI_decompress_lzss           
00000fe1  __TI_decompress_none           
20000404  __TI_dtors_ptr                 
20000408  __TI_enable_exit_profile_output
ffffffff  __TI_pprof_out_hndl            
ffffffff  __TI_prof_data_size            
ffffffff  __TI_prof_data_start           
00000000  __TI_static_base__             
00000ffd  __TI_zero_init                 
00000d29  __aeabi_memclr                 
00000d29  __aeabi_memclr4                
00000d29  __aeabi_memclr8                
00000c8d  __aeabi_memcpy                 
00000c8d  __aeabi_memcpy4                
00000c8d  __aeabi_memcpy8                
00000d2b  __aeabi_memset                 
00000d2b  __aeabi_memset4                
00000d2b  __aeabi_memset8                
ffffffff  __binit__                      
ffffffff  __c_args__                     
00000da3  __mpu_init                     
2000fe00  __stack                        
00000fb5  _args_main                     
00000e7d  _c_int00                       
20000418  _lock                          
00000fdb  _nop                           
00000fd3  _register_lock                 
00000fcd  _register_unlock               
20000000  _sys_memory                    
0000100d  _system_post_cinit             
00001009  _system_pre_init               
2000041c  _unlock                        
00000ed5  abort                          
00000833  add_To_Buffer                  
ffffffff  binit                          
00000485  calloc                         
00000f71  configure_clocks               
00000f25  copy_in                        
20000420  count                          
00000edd  exit                           
000001cf  free                           
000007e1  initialize_Circ_Buffer         
00000000  interruptVectors               
000009bf  is_Circ_Buf_Empty              
0000099f  is_Circ_Buf_Full               
00000b8d  main                           
20000430  main_func_sp                   
00000165  malloc                         
00000399  memalign                       
00000c8d  memcpy                         
00000d31  memset                         
000000e5  minit                          
20000438  myBuffer                       
20000428  myBufferPTR                    
00000291  realloc                        
000008dd  remove_From_Buffer             
00000aaf  uart_putchar_n                 


GLOBAL SYMBOLS: SORTED BY Symbol Address 

address   name                           
-------   ----                           
00000000  __TI_static_base__             
00000000  interruptVectors               
000000e5  minit                          
00000165  malloc                         
000001cf  free                           
00000200  __STACK_SIZE                   
00000291  realloc                        
00000399  memalign                       
00000400  __SYSMEM_SIZE                  
00000485  calloc                         
000004b5  SystemCoreClockUpdate          
00000729  SystemInit                     
000007e1  initialize_Circ_Buffer         
00000833  add_To_Buffer                  
000008dd  remove_From_Buffer             
0000099f  is_Circ_Buf_Full               
000009bf  is_Circ_Buf_Empty              
00000a09  UART_config                    
00000a93  UART_putchar                   
00000aaf  uart_putchar_n                 
00000af5  EUSCIA0_IRQHandler             
00000af5  EUSCIA0_IRQHandler             
00000b8d  main                           
00000c41  HSMCLK_OUT                     
00000c8d  __aeabi_memcpy                 
00000c8d  __aeabi_memcpy4                
00000c8d  __aeabi_memcpy8                
00000c8d  memcpy                         
00000d29  __aeabi_memclr                 
00000d29  __aeabi_memclr4                
00000d29  __aeabi_memclr8                
00000d2b  __aeabi_memset                 
00000d2b  __aeabi_memset4                
00000d2b  __aeabi_memset8                
00000d31  memset                         
00000da3  __mpu_init                     
00000da5  __TI_auto_init                 
00000e15  __TI_decompress_lzss           
00000e7d  _c_int00                       
00000ed1  C$$EXIT                        
00000ed5  abort                          
00000edd  exit                           
00000f25  copy_in                        
00000f71  configure_clocks               
00000fb5  _args_main                     
00000fcd  _register_unlock               
00000fd3  _register_lock                 
00000fdb  _nop                           
00000fe1  __TI_decompress_none           
00000fef  Reset_Handler                  
00000ffb  ADC14_IRQHandler               
00000ffb  AES256_IRQHandler              
00000ffb  BusFault_Handler               
00000ffb  COMP_E0_IRQHandler             
00000ffb  COMP_E1_IRQHandler             
00000ffb  CS_IRQHandler                  
00000ffb  DMA_ERR_IRQHandler             
00000ffb  DMA_INT0_IRQHandler            
00000ffb  DMA_INT1_IRQHandler            
00000ffb  DMA_INT2_IRQHandler            
00000ffb  DMA_INT3_IRQHandler            
00000ffb  DebugMon_Handler               
00000ffb  Default_Handler                
00000ffb  EUSCIA1_IRQHandler             
00000ffb  EUSCIA2_IRQHandler             
00000ffb  EUSCIA3_IRQHandler             
00000ffb  EUSCIB0_IRQHandler             
00000ffb  EUSCIB1_IRQHandler             
00000ffb  EUSCIB2_IRQHandler             
00000ffb  EUSCIB3_IRQHandler             
00000ffb  FLCTL_IRQHandler               
00000ffb  FPU_IRQHandler                 
00000ffb  HardFault_Handler              
00000ffb  MemManage_Handler              
00000ffb  NMI_Handler                    
00000ffb  PCM_IRQHandler                 
00000ffb  PORT1_IRQHandler               
00000ffb  PORT2_IRQHandler               
00000ffb  PORT3_IRQHandler               
00000ffb  PORT4_IRQHandler               
00000ffb  PORT5_IRQHandler               
00000ffb  PORT6_IRQHandler               
00000ffb  PSS_IRQHandler                 
00000ffb  PendSV_Handler                 
00000ffb  RTC_C_IRQHandler               
00000ffb  SVC_Handler                    
00000ffb  SysTick_Handler                
00000ffb  T32_INT1_IRQHandler            
00000ffb  T32_INT2_IRQHandler            
00000ffb  T32_INTC_IRQHandler            
00000ffb  TA0_0_IRQHandler               
00000ffb  TA0_N_IRQHandler               
00000ffb  TA1_0_IRQHandler               
00000ffb  TA1_N_IRQHandler               
00000ffb  TA2_0_IRQHandler               
00000ffb  TA2_N_IRQHandler               
00000ffb  TA3_0_IRQHandler               
00000ffb  TA3_N_IRQHandler               
00000ffb  UsageFault_Handler             
00000ffb  WDT_A_IRQHandler               
00000ffd  __TI_zero_init                 
00001009  _system_pre_init               
0000100d  _system_post_cinit             
00001034  __TI_Handler_Table_Base        
00001040  __TI_Handler_Table_Limit       
00001048  __TI_CINIT_Base                
00001058  __TI_CINIT_Limit               
20000000  _sys_memory                    
20000400  __TI_cleanup_ptr               
20000404  __TI_dtors_ptr                 
20000408  __TI_enable_exit_profile_output
20000418  _lock                          
2000041c  _unlock                        
20000420  count                          
20000428  myBufferPTR                    
2000042c  Calculate_Stats                
20000430  main_func_sp                   
20000434  SystemCoreClock                
20000438  myBuffer                       
2000fe00  __stack                        
20010000  __STACK_END                    
4000480c  WDTCTL_SYM                     
ffffffff  __TI_pprof_out_hndl            
ffffffff  __TI_prof_data_size            
ffffffff  __TI_prof_data_start           
ffffffff  __binit__                      
ffffffff  __c_args__                     
ffffffff  binit                          
UNDEFED   SHT$$INIT_ARRAY$$Base          
UNDEFED   SHT$$INIT_ARRAY$$Limit         

[130 symbols]
