******************************************************************************
                  TI ARM Linker Unix v16.9.3                   
******************************************************************************
>> Linked Sun Oct  8 09:23:38 2017

OUTPUT FILE NAME:   <lab3_uart.out>
ENTRY POINT SYMBOL: "_c_int00"  address: 00000ff1


MEMORY CONFIGURATION

         name            origin    length      used     unused   attr    fill
----------------------  --------  ---------  --------  --------  ----  --------
  MAIN                  00000000   00040000  000011ca  0003ee36  R  X
  INFO                  00200000   00004000  00000000  00004000  R  X
  SRAM_CODE             01000000   00010000  00000650  0000f9b0  RW X
  SRAM_DATA             20000000   00010000  00000650  0000f9b0  RW  


SEGMENT ALLOCATION MAP

run origin  load origin   length   init length attrs members
----------  ----------- ---------- ----------- ----- -------
00000000    00000000    000011d0   000011d0    r-x
  00000000    00000000    000000e4   000000e4    r-- .intvecs
  000000e4    000000e4    0000109e   0000109e    r-x .text
  00001188    00001188    00000048   00000048    r-- .cinit
20000000    20000000    00000450   00000000    rw-
  20000000    20000000    00000400   00000000    rw- .sysmem
  20000400    20000400    00000038   00000000    rw- .data
  20000438    20000438    00000018   00000000    rw- .bss
2000fe00    2000fe00    00000200   00000000    rw-
  2000fe00    2000fe00    00000200   00000000    rw- .stack


SECTION ALLOCATION MAP

 output                                  attributes/
section   page    origin      length       input sections
--------  ----  ----------  ----------   ----------------
.intvecs   0    00000000    000000e4     
                  00000000    000000e4     startup_msp432p401r_ccs.obj (.intvecs:retain)

.text      0    000000e4    0000109e     
                  000000e4    000003d0     rtsv7M4_T_le_v4SPD16_eabi.lib : memory.obj (.text)
                  000004b4    0000032c     system_msp432p401r.obj (.text)
                  000007e0    00000278     main.obj (.text)
                  00000a58    000001f8     circ_buffer_basic.obj (.text)
                  00000c50    000001b0     uart.obj (.text)
                  00000e00    0000009c     rtsv7M4_T_le_v4SPD16_eabi.lib : memcpy_t2.obj (.text)
                  00000e9c    0000007a                                   : memset_t2.obj (.text)
                  00000f16    00000002                                   : mpu_init.obj (.text)
                  00000f18    00000070                                   : autoinit.obj (.text)
                  00000f88    00000068                                   : copy_decompress_lzss.obj (.text:decompress:lzss)
                  00000ff0    00000054                                   : boot.obj (.text)
                  00001044    00000054                                   : exit.obj (.text)
                  00001098    0000004c                                   : cpy_tbl.obj (.text)
                  000010e4    00000044     lab3.obj (.text)
                  00001128    00000018     rtsv7M4_T_le_v4SPD16_eabi.lib : args_main.obj (.text)
                  00001140    00000014                                   : _lock.obj (.text)
                  00001154    0000000e                                   : copy_decompress_none.obj (.text:decompress:none)
                  00001162    0000000e     startup_msp432p401r_ccs.obj (.text)
                  00001170    0000000c     rtsv7M4_T_le_v4SPD16_eabi.lib : copy_zero_init.obj (.text:decompress:ZI)
                  0000117c    00000004                                   : pre_init.obj (.text)
                  00001180    00000002                                   : startup.obj (.text)

.cinit     0    00001188    00000048     
                  00001188    00000022     (.cinit..data.load) [load image, compression = lzss]
                  000011aa    00000002     --HOLE-- [fill = 0]
                  000011ac    0000000c     (__TI_handler_table)
                  000011b8    00000008     (.cinit..bss.load) [load image, compression = zero_init]
                  000011c0    00000010     (__TI_cinit_table)

.init_array 
*          0    00000000    00000000     UNINITIALIZED

.binit     0    00000000    00000000     

.sysmem    0    20000000    00000400     UNINITIALIZED
                  20000000    00000008     rtsv7M4_T_le_v4SPD16_eabi.lib : memory.obj (.sysmem)
                  20000008    000003f8     --HOLE--

.data      0    20000400    00000038     UNINITIALIZED
                  20000400    0000000c     rtsv7M4_T_le_v4SPD16_eabi.lib : exit.obj (.data:$O1$$)
                  2000040c    0000000c                                   : memory.obj (.data:$O1$$)
                  20000418    00000008                                   : _lock.obj (.data:$O1$$)
                  20000420    00000005     main.obj (.data:count)
                  20000425    00000003     --HOLE--
                  20000428    00000005     main.obj (.data)
                  2000042d    00000003     --HOLE--
                  20000430    00000004     rtsv7M4_T_le_v4SPD16_eabi.lib : stkdepth_vars.obj (.data)
                  20000434    00000004     system_msp432p401r.obj (.data)

.bss       0    20000438    00000018     UNINITIALIZED
                  20000438    00000018     (.common:myBuffer)

.stack     0    2000fe00    00000200     UNINITIALIZED
                  2000fe00    00000200     --HOLE--

MODULE SUMMARY

       Module                        code   ro data   rw data
       ------                        ----   -------   -------
    ./
       system_msp432p401r.obj        812    0         8      
       main.obj                      632    0         68     
       circ_buffer_basic.obj         504    0         0      
       uart.obj                      432    0         0      
       startup_msp432p401r_ccs.obj   14     228       0      
       lab3.obj                      68     0         0      
    +--+-----------------------------+------+---------+---------+
       Total:                        2462   228       76     
                                                             
    /home/kk/ti/ccsv7/tools/compiler/ti-cgt-arm_16.9.3.LTS/lib/rtsv7M4_T_le_v4SPD16_eabi.lib
       memory.obj                    976    0         24     
       memcpy_t2.obj                 156    0         0      
       memset_t2.obj                 122    0         0      
       autoinit.obj                  112    0         0      
       exit.obj                      84     0         24     
       copy_decompress_lzss.obj      104    0         0      
       boot.obj                      84     0         0      
       cpy_tbl.obj                   76     0         0      
       _lock.obj                     20     0         16     
       args_main.obj                 24     0         0      
       copy_decompress_none.obj      14     0         0      
       copy_zero_init.obj            12     0         0      
       stkdepth_vars.obj             0      0         8      
       pre_init.obj                  4      0         0      
       mpu_init.obj                  2      0         0      
       startup.obj                   2      0         0      
    +--+-----------------------------+------+---------+---------+
       Total:                        1792   0         72     
                                                             
       Heap:                         0      0         2048   
       Stack:                        0      0         1024   
       Linker Generated:             0      70        0      
    +--+-----------------------------+------+---------+---------+
       Grand Total:                  4254   298       3220   


LINKER GENERATED COPY TABLES

__TI_cinit_table @ 000011c0 records: 2, size/record: 8, table size: 16
	.data: load addr=00001188, load size=00000022 bytes, run addr=20000400, run size=00000038 bytes, compression=lzss
	.bss: load addr=000011b8, load size=00000008 bytes, run addr=20000438, run size=00000018 bytes, compression=zero_init


LINKER GENERATED HANDLER TABLE

__TI_handler_table @ 000011ac records: 3, size/record: 4, table size: 12
	index: 0, handler: __TI_decompress_lzss
	index: 1, handler: __TI_decompress_none
	index: 2, handler: __TI_zero_init


GLOBAL SYMBOLS: SORTED ALPHABETICALLY BY Name 

address   name                           
-------   ----                           
0000116f  ADC14_IRQHandler               
0000116f  AES256_IRQHandler              
0000116f  BusFault_Handler               
00001045  C$$EXIT                        
0000116f  COMP_E0_IRQHandler             
0000116f  COMP_E1_IRQHandler             
0000116f  CS_IRQHandler                  
2000042c  Calculate_Stats                
0000116f  DMA_ERR_IRQHandler             
0000116f  DMA_INT0_IRQHandler            
0000116f  DMA_INT1_IRQHandler            
0000116f  DMA_INT2_IRQHandler            
0000116f  DMA_INT3_IRQHandler            
0000116f  DebugMon_Handler               
0000116f  Default_Handler                
00000d69  EUSCIA0_IRQHandler             
00000d69  EUSCIA0_IRQHandler             
0000116f  EUSCIA1_IRQHandler             
0000116f  EUSCIA2_IRQHandler             
0000116f  EUSCIA3_IRQHandler             
0000116f  EUSCIB0_IRQHandler             
0000116f  EUSCIB1_IRQHandler             
0000116f  EUSCIB2_IRQHandler             
0000116f  EUSCIB3_IRQHandler             
0000116f  FLCTL_IRQHandler               
0000116f  FPU_IRQHandler                 
000009fb  HSMCLK_OUT                     
0000116f  HardFault_Handler              
0000116f  MemManage_Handler              
0000116f  NMI_Handler                    
0000116f  PCM_IRQHandler                 
0000116f  PORT1_IRQHandler               
0000116f  PORT2_IRQHandler               
0000116f  PORT3_IRQHandler               
0000116f  PORT4_IRQHandler               
0000116f  PORT5_IRQHandler               
0000116f  PORT6_IRQHandler               
0000116f  PSS_IRQHandler                 
0000116f  PendSV_Handler                 
0000116f  RTC_C_IRQHandler               
00001163  Reset_Handler                  
UNDEFED   SHT$$INIT_ARRAY$$Base          
UNDEFED   SHT$$INIT_ARRAY$$Limit         
0000116f  SVC_Handler                    
0000116f  SysTick_Handler                
20000434  SystemCoreClock                
000004b5  SystemCoreClockUpdate          
00000729  SystemInit                     
0000116f  T32_INT1_IRQHandler            
0000116f  T32_INT2_IRQHandler            
0000116f  T32_INTC_IRQHandler            
0000116f  TA0_0_IRQHandler               
0000116f  TA0_N_IRQHandler               
0000116f  TA1_0_IRQHandler               
0000116f  TA1_N_IRQHandler               
0000116f  TA2_0_IRQHandler               
0000116f  TA2_N_IRQHandler               
0000116f  TA3_0_IRQHandler               
0000116f  TA3_N_IRQHandler               
00000c7d  UART_config                    
00000d07  UART_putchar                   
0000116f  UsageFault_Handler             
4000480c  WDTCTL_SYM                     
0000116f  WDT_A_IRQHandler               
20010000  __STACK_END                    
00000200  __STACK_SIZE                   
00000400  __SYSMEM_SIZE                  
000011c0  __TI_CINIT_Base                
000011d0  __TI_CINIT_Limit               
000011ac  __TI_Handler_Table_Base        
000011b8  __TI_Handler_Table_Limit       
00000f19  __TI_auto_init                 
20000400  __TI_cleanup_ptr               
00000f89  __TI_decompress_lzss           
00001155  __TI_decompress_none           
20000404  __TI_dtors_ptr                 
20000408  __TI_enable_exit_profile_output
ffffffff  __TI_pprof_out_hndl            
ffffffff  __TI_prof_data_size            
ffffffff  __TI_prof_data_start           
00000000  __TI_static_base__             
00001171  __TI_zero_init                 
00000e9d  __aeabi_memclr                 
00000e9d  __aeabi_memclr4                
00000e9d  __aeabi_memclr8                
00000e01  __aeabi_memcpy                 
00000e01  __aeabi_memcpy4                
00000e01  __aeabi_memcpy8                
00000e9f  __aeabi_memset                 
00000e9f  __aeabi_memset4                
00000e9f  __aeabi_memset8                
ffffffff  __binit__                      
ffffffff  __c_args__                     
00000f17  __mpu_init                     
2000fe00  __stack                        
00001129  _args_main                     
00000ff1  _c_int00                       
20000418  _lock                          
0000114f  _nop                           
00001147  _register_lock                 
00001141  _register_unlock               
20000000  _sys_memory                    
00001181  _system_post_cinit             
0000117d  _system_pre_init               
2000041c  _unlock                        
00001049  abort                          
00000aab  add_To_Buffer                  
ffffffff  binit                          
00000485  calloc                         
000010e5  configure_clocks               
00001099  copy_in                        
20000420  count                          
00001051  exit                           
000001cf  free                           
00000a59  initialize_Circ_Buffer         
00000000  interruptVectors               
00000c35  is_Circ_Buf_Empty              
00000c15  is_Circ_Buf_Full               
000007e1  main                           
20000430  main_func_sp                   
00000165  malloc                         
00000399  memalign                       
00000e01  memcpy                         
00000ea5  memset                         
000000e5  minit                          
20000438  myBuffer                       
20000428  myBufferPTR                    
00000291  realloc                        
00000b53  remove_From_Buffer             
00000d23  uart_putchar_n                 


GLOBAL SYMBOLS: SORTED BY Symbol Address 

address   name                           
-------   ----                           
00000000  __TI_static_base__             
00000000  interruptVectors               
000000e5  minit                          
00000165  malloc                         
000001cf  free                           
00000200  __STACK_SIZE                   
00000291  realloc                        
00000399  memalign                       
00000400  __SYSMEM_SIZE                  
00000485  calloc                         
000004b5  SystemCoreClockUpdate          
00000729  SystemInit                     
000007e1  main                           
000009fb  HSMCLK_OUT                     
00000a59  initialize_Circ_Buffer         
00000aab  add_To_Buffer                  
00000b53  remove_From_Buffer             
00000c15  is_Circ_Buf_Full               
00000c35  is_Circ_Buf_Empty              
00000c7d  UART_config                    
00000d07  UART_putchar                   
00000d23  uart_putchar_n                 
00000d69  EUSCIA0_IRQHandler             
00000d69  EUSCIA0_IRQHandler             
00000e01  __aeabi_memcpy                 
00000e01  __aeabi_memcpy4                
00000e01  __aeabi_memcpy8                
00000e01  memcpy                         
00000e9d  __aeabi_memclr                 
00000e9d  __aeabi_memclr4                
00000e9d  __aeabi_memclr8                
00000e9f  __aeabi_memset                 
00000e9f  __aeabi_memset4                
00000e9f  __aeabi_memset8                
00000ea5  memset                         
00000f17  __mpu_init                     
00000f19  __TI_auto_init                 
00000f89  __TI_decompress_lzss           
00000ff1  _c_int00                       
00001045  C$$EXIT                        
00001049  abort                          
00001051  exit                           
00001099  copy_in                        
000010e5  configure_clocks               
00001129  _args_main                     
00001141  _register_unlock               
00001147  _register_lock                 
0000114f  _nop                           
00001155  __TI_decompress_none           
00001163  Reset_Handler                  
0000116f  ADC14_IRQHandler               
0000116f  AES256_IRQHandler              
0000116f  BusFault_Handler               
0000116f  COMP_E0_IRQHandler             
0000116f  COMP_E1_IRQHandler             
0000116f  CS_IRQHandler                  
0000116f  DMA_ERR_IRQHandler             
0000116f  DMA_INT0_IRQHandler            
0000116f  DMA_INT1_IRQHandler            
0000116f  DMA_INT2_IRQHandler            
0000116f  DMA_INT3_IRQHandler            
0000116f  DebugMon_Handler               
0000116f  Default_Handler                
0000116f  EUSCIA1_IRQHandler             
0000116f  EUSCIA2_IRQHandler             
0000116f  EUSCIA3_IRQHandler             
0000116f  EUSCIB0_IRQHandler             
0000116f  EUSCIB1_IRQHandler             
0000116f  EUSCIB2_IRQHandler             
0000116f  EUSCIB3_IRQHandler             
0000116f  FLCTL_IRQHandler               
0000116f  FPU_IRQHandler                 
0000116f  HardFault_Handler              
0000116f  MemManage_Handler              
0000116f  NMI_Handler                    
0000116f  PCM_IRQHandler                 
0000116f  PORT1_IRQHandler               
0000116f  PORT2_IRQHandler               
0000116f  PORT3_IRQHandler               
0000116f  PORT4_IRQHandler               
0000116f  PORT5_IRQHandler               
0000116f  PORT6_IRQHandler               
0000116f  PSS_IRQHandler                 
0000116f  PendSV_Handler                 
0000116f  RTC_C_IRQHandler               
0000116f  SVC_Handler                    
0000116f  SysTick_Handler                
0000116f  T32_INT1_IRQHandler            
0000116f  T32_INT2_IRQHandler            
0000116f  T32_INTC_IRQHandler            
0000116f  TA0_0_IRQHandler               
0000116f  TA0_N_IRQHandler               
0000116f  TA1_0_IRQHandler               
0000116f  TA1_N_IRQHandler               
0000116f  TA2_0_IRQHandler               
0000116f  TA2_N_IRQHandler               
0000116f  TA3_0_IRQHandler               
0000116f  TA3_N_IRQHandler               
0000116f  UsageFault_Handler             
0000116f  WDT_A_IRQHandler               
00001171  __TI_zero_init                 
0000117d  _system_pre_init               
00001181  _system_post_cinit             
000011ac  __TI_Handler_Table_Base        
000011b8  __TI_Handler_Table_Limit       
000011c0  __TI_CINIT_Base                
000011d0  __TI_CINIT_Limit               
20000000  _sys_memory                    
20000400  __TI_cleanup_ptr               
20000404  __TI_dtors_ptr                 
20000408  __TI_enable_exit_profile_output
20000418  _lock                          
2000041c  _unlock                        
20000420  count                          
20000428  myBufferPTR                    
2000042c  Calculate_Stats                
20000430  main_func_sp                   
20000434  SystemCoreClock                
20000438  myBuffer                       
2000fe00  __stack                        
20010000  __STACK_END                    
4000480c  WDTCTL_SYM                     
ffffffff  __TI_pprof_out_hndl            
ffffffff  __TI_prof_data_size            
ffffffff  __TI_prof_data_start           
ffffffff  __binit__                      
ffffffff  __c_args__                     
ffffffff  binit                          
UNDEFED   SHT$$INIT_ARRAY$$Base          
UNDEFED   SHT$$INIT_ARRAY$$Limit         

[130 symbols]
