******************************************************************************
                  TI ARM Linker Unix v16.9.3                   
******************************************************************************
>> Linked Sun Oct  8 23:51:03 2017

OUTPUT FILE NAME:   <lab3_uart.out>
ENTRY POINT SYMBOL: "_c_int00"  address: 00002879


MEMORY CONFIGURATION

         name            origin    length      used     unused   attr    fill
----------------------  --------  ---------  --------  --------  ----  --------
  MAIN                  00000000   00040000  00002abc  0003d544  R  X
  INFO                  00200000   00004000  00000000  00004000  R  X
  SRAM_CODE             01000000   00010000  0000065c  0000f9a4  RW X
  SRAM_DATA             20000000   00010000  0000065c  0000f9a4  RW  


SEGMENT ALLOCATION MAP

run origin  load origin   length   init length attrs members
----------  ----------- ---------- ----------- ----- -------
00000000    00000000    00002ac0   00002ac0    r-x
  00000000    00000000    000000e4   000000e4    r-- .intvecs
  000000e4    000000e4    00002958   00002958    r-x .text
  00002a40    00002a40    00000030   00000030    r-- .const
  00002a70    00002a70    00000050   00000050    r-- .cinit
20000000    20000000    0000045c   00000000    rw-
  20000000    20000000    00000400   00000000    rw- .sysmem
  20000400    20000400    00000040   00000000    rw- .data
  20000440    20000440    0000001c   00000000    rw- .bss
2000fe00    2000fe00    00000200   00000000    rw-
  2000fe00    2000fe00    00000200   00000000    rw- .stack


SECTION ALLOCATION MAP

 output                                  attributes/
section   page    origin      length       input sections
--------  ----  ----------  ----------   ----------------
.intvecs   0    00000000    000000e4     
                  00000000    000000e4     startup_msp432p401r_ccs.obj (.intvecs:retain)

.text      0    000000e4    00002958     
                  000000e4    000009ac     rtsv7M4_T_le_v4SPD16_eabi.lib : e_pow.obj (.text)
                  00000a90    000004a0     main.obj (.text)
                  00000f30    000003dc     lab3.obj (.text)
                  0000130c    000003d0     rtsv7M4_T_le_v4SPD16_eabi.lib : memory.obj (.text)
                  000016dc    0000032c     system_msp432p401r.obj (.text)
                  00001a08    00000314     circ_buffer_basic.obj (.text)
                  00001d1c    000001b6     rtsv7M4_T_le_v4SPD16_eabi.lib : fd_add_t2.obj (.text)
                  00001ed2    00000002                                   : mpu_init.obj (.text)
                  00001ed4    00000198     uart.obj (.text)
                  0000206c    00000170     rtsv7M4_T_le_v4SPD16_eabi.lib : e_sqrt.obj (.text)
                  000021dc    00000136                                   : fd_div_t2.obj (.text)
                  00002312    000000fc                                   : fd_mul_t2.obj (.text)
                  0000240e    00000002                                   : startup.obj (.text)
                  00002410    000000fc                                   : s_scalbn.obj (.text)
                  0000250c    0000009c                                   : memcpy_t2.obj (.text)
                  000025a8    00000086                                   : fd_cmp_t2.obj (.text:__aeabi_cdcmple)
                  0000262e    00000086                                   : fd_cmp_t2.obj (.text:__aeabi_cdrcmple)
                  000026b4    0000007a                                   : memset_t2.obj (.text)
                  0000272e    00000002     --HOLE-- [fill = 0]
                  00002730    00000070                                   : autoinit.obj (.text)
                  000027a0    0000006e                                   : fd_tos_t2.obj (.text)
                  0000280e    00000068                                   : copy_decompress_lzss.obj (.text:decompress:lzss)
                  00002876    00000002     --HOLE-- [fill = 0]
                  00002878    00000054                                   : boot.obj (.text)
                  000028cc    00000054                                   : exit.obj (.text)
                  00002920    0000004c                                   : cpy_tbl.obj (.text)
                  0000296c    0000002e                                   : i_tofd_t2.obj (.text)
                  0000299a    00000020                                   : u_tofd_t2.obj (.text)
                  000029ba    00000002     --HOLE-- [fill = 0]
                  000029bc    00000018                                   : args_main.obj (.text)
                  000029d4    00000014                                   : _lock.obj (.text)
                  000029e8    00000014                                   : s_copysign.obj (.text)
                  000029fc    00000014                                   : strlen.obj (.text)
                  00002a10    0000000e                                   : copy_decompress_none.obj (.text:decompress:none)
                  00002a1e    0000000e     startup_msp432p401r_ccs.obj (.text)
                  00002a2c    0000000c     rtsv7M4_T_le_v4SPD16_eabi.lib : copy_zero_init.obj (.text:decompress:ZI)
                  00002a38    00000004                                   : pre_init.obj (.text)

.const     0    00002a40    00000030     
                  00002a40    00000030     rtsv7M4_T_le_v4SPD16_eabi.lib : e_pow.obj (.const:$O1$$)

.cinit     0    00002a70    00000050     
                  00002a70    00000027     (.cinit..data.load) [load image, compression = lzss]
                  00002a97    00000001     --HOLE-- [fill = 0]
                  00002a98    0000000c     (__TI_handler_table)
                  00002aa4    00000004     --HOLE-- [fill = 0]
                  00002aa8    00000008     (.cinit..bss.load) [load image, compression = zero_init]
                  00002ab0    00000010     (__TI_cinit_table)

.init_array 
*          0    00000000    00000000     UNINITIALIZED

.binit     0    00000000    00000000     

.sysmem    0    20000000    00000400     UNINITIALIZED
                  20000000    00000008     rtsv7M4_T_le_v4SPD16_eabi.lib : memory.obj (.sysmem)
                  20000008    000003f8     --HOLE--

.data      0    20000400    00000040     UNINITIALIZED
                  20000400    0000000c     rtsv7M4_T_le_v4SPD16_eabi.lib : exit.obj (.data:$O1$$)
                  2000040c    0000000c                                   : memory.obj (.data:$O1$$)
                  20000418    0000000c     main.obj (.data)
                  20000424    00000008     rtsv7M4_T_le_v4SPD16_eabi.lib : _lock.obj (.data:$O1$$)
                  2000042c    00000005     main.obj (.data:count)
                  20000431    00000003     --HOLE--
                  20000434    00000004     rtsv7M4_T_le_v4SPD16_eabi.lib : errno.obj (.data)
                  20000438    00000004                                   : stkdepth_vars.obj (.data)
                  2000043c    00000004     system_msp432p401r.obj (.data)

.bss       0    20000440    0000001c     UNINITIALIZED
                  20000440    00000018     (.common:myBuffer)
                  20000458    00000004     (.common:global_number_Of_Beam_Breaks)

.stack     0    2000fe00    00000200     UNINITIALIZED
                  2000fe00    00000200     --HOLE--

MODULE SUMMARY

       Module                        code    ro data   rw data
       ------                        ----    -------   -------
    ./
       main.obj                      1184    0         90     
       lab3.obj                      988     0         0      
       system_msp432p401r.obj        812     0         8      
       circ_buffer_basic.obj         788     0         0      
       uart.obj                      408     0         0      
       startup_msp432p401r_ccs.obj   14      228       0      
    +--+-----------------------------+-------+---------+---------+
       Total:                        4194    228       98     
                                                              
    /home/kk/ti/ccsv7/tools/compiler/ti-cgt-arm_16.9.3.LTS/lib/rtsv7M4_T_le_v4SPD16_eabi.lib
       e_pow.obj                     2476    48        0      
       memory.obj                    976     0         24     
       fd_add_t2.obj                 438     0         0      
       e_sqrt.obj                    368     0         0      
       fd_div_t2.obj                 310     0         0      
       fd_cmp_t2.obj                 268     0         0      
       fd_mul_t2.obj                 252     0         0      
       s_scalbn.obj                  252     0         0      
       memcpy_t2.obj                 156     0         0      
       memset_t2.obj                 122     0         0      
       autoinit.obj                  112     0         0      
       fd_tos_t2.obj                 110     0         0      
       exit.obj                      84      0         24     
       copy_decompress_lzss.obj      104     0         0      
       boot.obj                      84      0         0      
       cpy_tbl.obj                   76      0         0      
       i_tofd_t2.obj                 46      0         0      
       _lock.obj                     20      0         16     
       u_tofd_t2.obj                 32      0         0      
       args_main.obj                 24      0         0      
       s_copysign.obj                20      0         0      
       strlen.obj                    20      0         0      
       copy_decompress_none.obj      14      0         0      
       copy_zero_init.obj            12      0         0      
       errno.obj                     0       0         8      
       stkdepth_vars.obj             0       0         8      
       pre_init.obj                  4       0         0      
       mpu_init.obj                  2       0         0      
       startup.obj                   2       0         0      
    +--+-----------------------------+-------+---------+---------+
       Total:                        6384    48        80     
                                                              
       Heap:                         0       0         2048   
       Stack:                        0       0         1024   
       Linker Generated:             0       75        0      
    +--+-----------------------------+-------+---------+---------+
       Grand Total:                  10578   351       3250   


LINKER GENERATED COPY TABLES

__TI_cinit_table @ 00002ab0 records: 2, size/record: 8, table size: 16
	.data: load addr=00002a70, load size=00000027 bytes, run addr=20000400, run size=00000040 bytes, compression=lzss
	.bss: load addr=00002aa8, load size=00000008 bytes, run addr=20000440, run size=0000001c bytes, compression=zero_init


LINKER GENERATED HANDLER TABLE

__TI_handler_table @ 00002a98 records: 3, size/record: 4, table size: 12
	index: 0, handler: __TI_decompress_lzss
	index: 1, handler: __TI_decompress_none
	index: 2, handler: __TI_zero_init


GLOBAL SYMBOLS: SORTED ALPHABETICALLY BY Name 

address   name                           
-------   ----                           
00002a2b  ADC14_IRQHandler               
00002a2b  AES256_IRQHandler              
00002a2b  BusFault_Handler               
000028cd  C$$EXIT                        
00002a2b  COMP_E0_IRQHandler             
00002a2b  COMP_E1_IRQHandler             
00002a2b  CS_IRQHandler                  
2000041d  Calculate_Distance             
2000041c  Calculate_Stats                
00002a2b  DMA_ERR_IRQHandler             
00002a2b  DMA_INT0_IRQHandler            
00002a2b  DMA_INT1_IRQHandler            
00002a2b  DMA_INT2_IRQHandler            
00002a2b  DMA_INT3_IRQHandler            
00002a2b  DebugMon_Handler               
00002a2b  Default_Handler                
00001fdf  EUSCIA0_IRQHandler             
00001fdf  EUSCIA0_IRQHandler             
00002a2b  EUSCIA1_IRQHandler             
00002a2b  EUSCIA2_IRQHandler             
00002a2b  EUSCIA3_IRQHandler             
00002a2b  EUSCIB0_IRQHandler             
00002a2b  EUSCIB1_IRQHandler             
00002a2b  EUSCIB2_IRQHandler             
00002a2b  EUSCIB3_IRQHandler             
00002a2b  FLCTL_IRQHandler               
00002a2b  FPU_IRQHandler                 
00000e05  HSMCLK_OUT                     
00002a2b  HardFault_Handler              
00002a2b  MemManage_Handler              
00002a2b  NMI_Handler                    
00002a2b  PCM_IRQHandler                 
00001081  PORT1_IRQHandler               
00001081  PORT1_IRQHandler               
00002a2b  PORT2_IRQHandler               
000010d7  PORT3_IRQHandler               
000010d7  PORT3_IRQHandler               
00002a2b  PORT4_IRQHandler               
00002a2b  PORT5_IRQHandler               
00002a2b  PORT6_IRQHandler               
00002a2b  PSS_IRQHandler                 
00002a2b  PendSV_Handler                 
00002a2b  RTC_C_IRQHandler               
00002a1f  Reset_Handler                  
UNDEFED   SHT$$INIT_ARRAY$$Base          
UNDEFED   SHT$$INIT_ARRAY$$Limit         
00002a2b  SVC_Handler                    
00002a2b  SysTick_Handler                
2000043c  SystemCoreClock                
000016dd  SystemCoreClockUpdate          
00001951  SystemInit                     
00002a2b  T32_INT1_IRQHandler            
00002a2b  T32_INT2_IRQHandler            
00002a2b  T32_INTC_IRQHandler            
00002a2b  TA0_0_IRQHandler               
00002a2b  TA0_N_IRQHandler               
00002a2b  TA1_0_IRQHandler               
00002a2b  TA1_N_IRQHandler               
00002a2b  TA2_0_IRQHandler               
00002a2b  TA2_N_IRQHandler               
00002a2b  TA3_0_IRQHandler               
00002a2b  TA3_N_IRQHandler               
00001f01  UART_config                    
00001f85  UART_putchar                   
00002a2b  UsageFault_Handler             
4000480c  WDTCTL_SYM                     
00002a2b  WDT_A_IRQHandler               
20010000  __STACK_END                    
00000200  __STACK_SIZE                   
00000400  __SYSMEM_SIZE                  
00002ab0  __TI_CINIT_Base                
00002ac0  __TI_CINIT_Limit               
00002a98  __TI_Handler_Table_Base        
00002aa4  __TI_Handler_Table_Limit       
00002731  __TI_auto_init                 
20000400  __TI_cleanup_ptr               
0000280f  __TI_decompress_lzss           
00002a11  __TI_decompress_none           
20000404  __TI_dtors_ptr                 
20000408  __TI_enable_exit_profile_output
ffffffff  __TI_pprof_out_hndl            
ffffffff  __TI_prof_data_size            
ffffffff  __TI_prof_data_start           
00000000  __TI_static_base__             
00002a2d  __TI_zero_init                 
000025a9  __aeabi_cdcmpeq                
000025a9  __aeabi_cdcmple                
0000262f  __aeabi_cdrcmple               
000027a1  __aeabi_d2f                    
00001d27  __aeabi_dadd                   
000021dd  __aeabi_ddiv                   
00002313  __aeabi_dmul                   
00001d1d  __aeabi_dsub                   
0000296d  __aeabi_i2d                    
000026b5  __aeabi_memclr                 
000026b5  __aeabi_memclr4                
000026b5  __aeabi_memclr8                
0000250d  __aeabi_memcpy                 
0000250d  __aeabi_memcpy4                
0000250d  __aeabi_memcpy8                
000026b7  __aeabi_memset                 
000026b7  __aeabi_memset4                
000026b7  __aeabi_memset8                
0000299b  __aeabi_ui2d                   
ffffffff  __binit__                      
ffffffff  __c_args__                     
00001ed3  __mpu_init                     
2000fe00  __stack                        
000029bd  _args_main                     
00002879  _c_int00                       
20000424  _lock                          
000029e3  _nop                           
000029db  _register_lock                 
000029d5  _register_unlock               
20000000  _sys_memory                    
0000240f  _system_post_cinit             
00002a39  _system_pre_init               
20000428  _unlock                        
000028d1  abort                          
00001a5b  add_To_Buffer                  
ffffffff  binit                          
000016ad  calloc                         
00001c91  clear_Buffer                   
00000f5d  configure_clocks               
00000f95  configure_ports                
00002921  copy_in                        
000029e9  copysign                       
000029e9  copysignl                      
2000042c  count                          
00000e25  create_Test_Buffer             
00001c01  currentSize                    
20000434  errno                          
000028d9  exit                           
000013f7  free                           
00001261  ftoa                           
20000458  global_number_Of_Beam_Breaks   
00001a09  initialize_Circ_Buffer         
00000000  interruptVectors               
00001be9  is_Circ_Buf_Empty              
00001bc9  is_Circ_Buf_Full               
000011c5  itoa                           
00002411  ldexp                          
00002411  ldexpl                         
00000a91  main                           
20000438  main_func_sp                   
0000138d  malloc                         
000015c1  memalign                       
0000250d  memcpy                         
000026bd  memset                         
0000130d  minit                          
20000440  myBuffer                       
20000418  myBufferPTR                    
000000e5  pow                            
000000e5  powl                           
00001c13  print                          
000014b9  realloc                        
00001b07  remove_From_Buffer             
00002411  scalbn                         
00002411  scalbnl                        
0000206d  sqrt                           
0000206d  sqrtl                          
000029fd  strlen                         
20000420  total_distance_cummulative     
00001fa1  uart_putchar_n                 


GLOBAL SYMBOLS: SORTED BY Symbol Address 

address   name                           
-------   ----                           
00000000  __TI_static_base__             
00000000  interruptVectors               
000000e5  pow                            
000000e5  powl                           
00000200  __STACK_SIZE                   
00000400  __SYSMEM_SIZE                  
00000a91  main                           
00000e05  HSMCLK_OUT                     
00000e25  create_Test_Buffer             
00000f5d  configure_clocks               
00000f95  configure_ports                
00001081  PORT1_IRQHandler               
00001081  PORT1_IRQHandler               
000010d7  PORT3_IRQHandler               
000010d7  PORT3_IRQHandler               
000011c5  itoa                           
00001261  ftoa                           
0000130d  minit                          
0000138d  malloc                         
000013f7  free                           
000014b9  realloc                        
000015c1  memalign                       
000016ad  calloc                         
000016dd  SystemCoreClockUpdate          
00001951  SystemInit                     
00001a09  initialize_Circ_Buffer         
00001a5b  add_To_Buffer                  
00001b07  remove_From_Buffer             
00001bc9  is_Circ_Buf_Full               
00001be9  is_Circ_Buf_Empty              
00001c01  currentSize                    
00001c13  print                          
00001c91  clear_Buffer                   
00001d1d  __aeabi_dsub                   
00001d27  __aeabi_dadd                   
00001ed3  __mpu_init                     
00001f01  UART_config                    
00001f85  UART_putchar                   
00001fa1  uart_putchar_n                 
00001fdf  EUSCIA0_IRQHandler             
00001fdf  EUSCIA0_IRQHandler             
0000206d  sqrt                           
0000206d  sqrtl                          
000021dd  __aeabi_ddiv                   
00002313  __aeabi_dmul                   
0000240f  _system_post_cinit             
00002411  ldexp                          
00002411  ldexpl                         
00002411  scalbn                         
00002411  scalbnl                        
0000250d  __aeabi_memcpy                 
0000250d  __aeabi_memcpy4                
0000250d  __aeabi_memcpy8                
0000250d  memcpy                         
000025a9  __aeabi_cdcmpeq                
000025a9  __aeabi_cdcmple                
0000262f  __aeabi_cdrcmple               
000026b5  __aeabi_memclr                 
000026b5  __aeabi_memclr4                
000026b5  __aeabi_memclr8                
000026b7  __aeabi_memset                 
000026b7  __aeabi_memset4                
000026b7  __aeabi_memset8                
000026bd  memset                         
00002731  __TI_auto_init                 
000027a1  __aeabi_d2f                    
0000280f  __TI_decompress_lzss           
00002879  _c_int00                       
000028cd  C$$EXIT                        
000028d1  abort                          
000028d9  exit                           
00002921  copy_in                        
0000296d  __aeabi_i2d                    
0000299b  __aeabi_ui2d                   
000029bd  _args_main                     
000029d5  _register_unlock               
000029db  _register_lock                 
000029e3  _nop                           
000029e9  copysign                       
000029e9  copysignl                      
000029fd  strlen                         
00002a11  __TI_decompress_none           
00002a1f  Reset_Handler                  
00002a2b  ADC14_IRQHandler               
00002a2b  AES256_IRQHandler              
00002a2b  BusFault_Handler               
00002a2b  COMP_E0_IRQHandler             
00002a2b  COMP_E1_IRQHandler             
00002a2b  CS_IRQHandler                  
00002a2b  DMA_ERR_IRQHandler             
00002a2b  DMA_INT0_IRQHandler            
00002a2b  DMA_INT1_IRQHandler            
00002a2b  DMA_INT2_IRQHandler            
00002a2b  DMA_INT3_IRQHandler            
00002a2b  DebugMon_Handler               
00002a2b  Default_Handler                
00002a2b  EUSCIA1_IRQHandler             
00002a2b  EUSCIA2_IRQHandler             
00002a2b  EUSCIA3_IRQHandler             
00002a2b  EUSCIB0_IRQHandler             
00002a2b  EUSCIB1_IRQHandler             
00002a2b  EUSCIB2_IRQHandler             
00002a2b  EUSCIB3_IRQHandler             
00002a2b  FLCTL_IRQHandler               
00002a2b  FPU_IRQHandler                 
00002a2b  HardFault_Handler              
00002a2b  MemManage_Handler              
00002a2b  NMI_Handler                    
00002a2b  PCM_IRQHandler                 
00002a2b  PORT2_IRQHandler               
00002a2b  PORT4_IRQHandler               
00002a2b  PORT5_IRQHandler               
00002a2b  PORT6_IRQHandler               
00002a2b  PSS_IRQHandler                 
00002a2b  PendSV_Handler                 
00002a2b  RTC_C_IRQHandler               
00002a2b  SVC_Handler                    
00002a2b  SysTick_Handler                
00002a2b  T32_INT1_IRQHandler            
00002a2b  T32_INT2_IRQHandler            
00002a2b  T32_INTC_IRQHandler            
00002a2b  TA0_0_IRQHandler               
00002a2b  TA0_N_IRQHandler               
00002a2b  TA1_0_IRQHandler               
00002a2b  TA1_N_IRQHandler               
00002a2b  TA2_0_IRQHandler               
00002a2b  TA2_N_IRQHandler               
00002a2b  TA3_0_IRQHandler               
00002a2b  TA3_N_IRQHandler               
00002a2b  UsageFault_Handler             
00002a2b  WDT_A_IRQHandler               
00002a2d  __TI_zero_init                 
00002a39  _system_pre_init               
00002a98  __TI_Handler_Table_Base        
00002aa4  __TI_Handler_Table_Limit       
00002ab0  __TI_CINIT_Base                
00002ac0  __TI_CINIT_Limit               
20000000  _sys_memory                    
20000400  __TI_cleanup_ptr               
20000404  __TI_dtors_ptr                 
20000408  __TI_enable_exit_profile_output
20000418  myBufferPTR                    
2000041c  Calculate_Stats                
2000041d  Calculate_Distance             
20000420  total_distance_cummulative     
20000424  _lock                          
20000428  _unlock                        
2000042c  count                          
20000434  errno                          
20000438  main_func_sp                   
2000043c  SystemCoreClock                
20000440  myBuffer                       
20000458  global_number_Of_Beam_Breaks   
2000fe00  __stack                        
20010000  __STACK_END                    
4000480c  WDTCTL_SYM                     
ffffffff  __TI_pprof_out_hndl            
ffffffff  __TI_prof_data_size            
ffffffff  __TI_prof_data_start           
ffffffff  __binit__                      
ffffffff  __c_args__                     
ffffffff  binit                          
UNDEFED   SHT$$INIT_ARRAY$$Base          
UNDEFED   SHT$$INIT_ARRAY$$Limit         

[164 symbols]
