******************************************************************************
                  TI ARM Linker Unix v16.9.3                   
******************************************************************************
>> Linked Sat Oct  7 08:55:56 2017

OUTPUT FILE NAME:   <lab3_uart.out>
ENTRY POINT SYMBOL: "_c_int00"  address: 00000c59


MEMORY CONFIGURATION

         name            origin    length      used     unused   attr    fill
----------------------  --------  ---------  --------  --------  ----  --------
  MAIN                  00000000   00040000  00000e42  0003f1be  R  X
  INFO                  00200000   00004000  00000000  00004000  R  X
  SRAM_CODE             01000000   00010000  00000644  0000f9bc  RW X
  SRAM_DATA             20000000   00010000  00000644  0000f9bc  RW  


SEGMENT ALLOCATION MAP

run origin  load origin   length   init length attrs members
----------  ----------- ---------- ----------- ----- -------
00000000    00000000    00000e48   00000e48    r-x
  00000000    00000000    000000e4   000000e4    r-- .intvecs
  000000e4    000000e4    00000d06   00000d06    r-x .text
  00000dea    00000dea    00000010   00000010    r-- .const
  00000e00    00000e00    00000048   00000048    r-- .cinit
20000000    20000000    00000444   00000000    rw-
  20000000    20000000    00000400   00000000    rw- .sysmem
  20000400    20000400    0000002c   00000000    rw- .data
  2000042c    2000042c    00000018   00000000    rw- .bss
2000fe00    2000fe00    00000200   00000000    rw-
  2000fe00    2000fe00    00000200   00000000    rw- .stack


SECTION ALLOCATION MAP

 output                                  attributes/
section   page    origin      length       input sections
--------  ----  ----------  ----------   ----------------
.intvecs   0    00000000    000000e4     
                  00000000    000000e4     startup_msp432p401r_ccs.obj (.intvecs:retain)

.text      0    000000e4    00000d06     
                  000000e4    000003d0     rtsv7M4_T_le_v4SPD16_eabi.lib : memory.obj (.text)
                  000004b4    0000032c     system_msp432p401r.obj (.text)
                  000007e0    000001a8     uart.obj (.text)
                  00000988    0000009c     rtsv7M4_T_le_v4SPD16_eabi.lib : memcpy_t2.obj (.text)
                  00000a24    00000080     main.obj (.text)
                  00000aa4    0000007a     rtsv7M4_T_le_v4SPD16_eabi.lib : memset_t2.obj (.text)
                  00000b1e    00000002                                   : mpu_init.obj (.text)
                  00000b20    00000070                                   : autoinit.obj (.text)
                  00000b90    00000068                                   : copy_decompress_lzss.obj (.text:decompress:lzss)
                  00000bf8    00000060     circ_buffer_basic.obj (.text)
                  00000c58    00000054     rtsv7M4_T_le_v4SPD16_eabi.lib : boot.obj (.text)
                  00000cac    00000054                                   : exit.obj (.text)
                  00000d00    0000004c                                   : cpy_tbl.obj (.text)
                  00000d4c    00000044     lab3.obj (.text)
                  00000d90    00000018     rtsv7M4_T_le_v4SPD16_eabi.lib : args_main.obj (.text)
                  00000da8    00000014                                   : _lock.obj (.text)
                  00000dbc    0000000e                                   : copy_decompress_none.obj (.text:decompress:none)
                  00000dca    0000000e     startup_msp432p401r_ccs.obj (.text)
                  00000dd8    0000000c     rtsv7M4_T_le_v4SPD16_eabi.lib : copy_zero_init.obj (.text:decompress:ZI)
                  00000de4    00000004                                   : pre_init.obj (.text)
                  00000de8    00000002                                   : startup.obj (.text)

.const     0    00000dea    00000010     
                  00000dea    0000000d     main.obj (.const:.string:$P$T1$2)
                  00000df7    00000003     main.obj (.const:.string:$P$T0$1)

.cinit     0    00000e00    00000048     
                  00000e00    00000020     (.cinit..data.load) [load image, compression = lzss]
                  00000e20    0000000c     (__TI_handler_table)
                  00000e2c    00000004     --HOLE-- [fill = 0]
                  00000e30    00000008     (.cinit..bss.load) [load image, compression = zero_init]
                  00000e38    00000010     (__TI_cinit_table)

.init_array 
*          0    00000000    00000000     UNINITIALIZED

.binit     0    00000000    00000000     

.sysmem    0    20000000    00000400     UNINITIALIZED
                  20000000    00000008     rtsv7M4_T_le_v4SPD16_eabi.lib : memory.obj (.sysmem)
                  20000008    000003f8     --HOLE--

.data      0    20000400    0000002c     UNINITIALIZED
                  20000400    0000000c     rtsv7M4_T_le_v4SPD16_eabi.lib : exit.obj (.data:$O1$$)
                  2000040c    0000000c                                   : memory.obj (.data:$O1$$)
                  20000418    00000008                                   : _lock.obj (.data:$O1$$)
                  20000420    00000004     main.obj (.data)
                  20000424    00000004     rtsv7M4_T_le_v4SPD16_eabi.lib : stkdepth_vars.obj (.data)
                  20000428    00000004     system_msp432p401r.obj (.data)

.bss       0    2000042c    00000018     UNINITIALIZED
                  2000042c    00000018     (.common:myBuffer)

.stack     0    2000fe00    00000200     UNINITIALIZED
                  2000fe00    00000200     --HOLE--

MODULE SUMMARY

       Module                        code   ro data   rw data
       ------                        ----   -------   -------
    ./
       system_msp432p401r.obj        812    0         8      
       uart.obj                      424    0         0      
       startup_msp432p401r_ccs.obj   14     228       0      
       main.obj                      128    16        56     
       circ_buffer_basic.obj         96     0         0      
       lab3.obj                      68     0         0      
    +--+-----------------------------+------+---------+---------+
       Total:                        1542   244       64     
                                                             
    /home/kk/ti/ccsv7/tools/compiler/ti-cgt-arm_16.9.3.LTS/lib/rtsv7M4_T_le_v4SPD16_eabi.lib
       memory.obj                    976    0         24     
       memcpy_t2.obj                 156    0         0      
       memset_t2.obj                 122    0         0      
       autoinit.obj                  112    0         0      
       exit.obj                      84     0         24     
       copy_decompress_lzss.obj      104    0         0      
       boot.obj                      84     0         0      
       cpy_tbl.obj                   76     0         0      
       _lock.obj                     20     0         16     
       args_main.obj                 24     0         0      
       copy_decompress_none.obj      14     0         0      
       copy_zero_init.obj            12     0         0      
       stkdepth_vars.obj             0      0         8      
       pre_init.obj                  4      0         0      
       mpu_init.obj                  2      0         0      
       startup.obj                   2      0         0      
    +--+-----------------------------+------+---------+---------+
       Total:                        1792   0         72     
                                                             
       Heap:                         0      0         2048   
       Stack:                        0      0         1024   
       Linker Generated:             0      68        0      
    +--+-----------------------------+------+---------+---------+
       Grand Total:                  3334   312       3208   


LINKER GENERATED COPY TABLES

__TI_cinit_table @ 00000e38 records: 2, size/record: 8, table size: 16
	.data: load addr=00000e00, load size=00000020 bytes, run addr=20000400, run size=0000002c bytes, compression=lzss
	.bss: load addr=00000e30, load size=00000008 bytes, run addr=2000042c, run size=00000018 bytes, compression=zero_init


LINKER GENERATED HANDLER TABLE

__TI_handler_table @ 00000e20 records: 3, size/record: 4, table size: 12
	index: 0, handler: __TI_decompress_lzss
	index: 1, handler: __TI_decompress_none
	index: 2, handler: __TI_zero_init


GLOBAL SYMBOLS: SORTED ALPHABETICALLY BY Name 

address   name                           
-------   ----                           
00000dd7  ADC14_IRQHandler               
00000dd7  AES256_IRQHandler              
00000dd7  BusFault_Handler               
00000cad  C$$EXIT                        
00000dd7  COMP_E0_IRQHandler             
00000dd7  COMP_E1_IRQHandler             
00000dd7  CS_IRQHandler                  
00000dd7  DMA_ERR_IRQHandler             
00000dd7  DMA_INT0_IRQHandler            
00000dd7  DMA_INT1_IRQHandler            
00000dd7  DMA_INT2_IRQHandler            
00000dd7  DMA_INT3_IRQHandler            
00000dd7  DebugMon_Handler               
00000dd7  Default_Handler                
000008f9  EUSCIA0_IRQHandler             
000008f9  EUSCIA0_IRQHandler             
00000dd7  EUSCIA1_IRQHandler             
00000dd7  EUSCIA2_IRQHandler             
00000dd7  EUSCIA3_IRQHandler             
00000dd7  EUSCIB0_IRQHandler             
00000dd7  EUSCIB1_IRQHandler             
00000dd7  EUSCIB2_IRQHandler             
00000dd7  EUSCIB3_IRQHandler             
00000dd7  FLCTL_IRQHandler               
00000dd7  FPU_IRQHandler                 
00000a67  HSMCLK_OUT                     
00000dd7  HardFault_Handler              
00000dd7  MemManage_Handler              
00000dd7  NMI_Handler                    
00000dd7  PCM_IRQHandler                 
00000dd7  PORT1_IRQHandler               
00000dd7  PORT2_IRQHandler               
00000dd7  PORT3_IRQHandler               
00000dd7  PORT4_IRQHandler               
00000dd7  PORT5_IRQHandler               
00000dd7  PORT6_IRQHandler               
00000dd7  PSS_IRQHandler                 
00000dd7  PendSV_Handler                 
00000dd7  RTC_C_IRQHandler               
00000dcb  Reset_Handler                  
UNDEFED   SHT$$INIT_ARRAY$$Base          
UNDEFED   SHT$$INIT_ARRAY$$Limit         
00000dd7  SVC_Handler                    
00000dd7  SysTick_Handler                
20000428  SystemCoreClock                
000004b5  SystemCoreClockUpdate          
00000729  SystemInit                     
00000dd7  T32_INT1_IRQHandler            
00000dd7  T32_INT2_IRQHandler            
00000dd7  T32_INTC_IRQHandler            
00000dd7  TA0_0_IRQHandler               
00000dd7  TA0_N_IRQHandler               
00000dd7  TA1_0_IRQHandler               
00000dd7  TA1_N_IRQHandler               
00000dd7  TA2_0_IRQHandler               
00000dd7  TA2_N_IRQHandler               
00000dd7  TA3_0_IRQHandler               
00000dd7  TA3_N_IRQHandler               
0000080d  UART_config                    
00000897  UART_putchar                   
00000dd7  UsageFault_Handler             
4000480c  WDTCTL_SYM                     
00000dd7  WDT_A_IRQHandler               
20010000  __STACK_END                    
00000200  __STACK_SIZE                   
00000400  __SYSMEM_SIZE                  
00000e38  __TI_CINIT_Base                
00000e48  __TI_CINIT_Limit               
00000e20  __TI_Handler_Table_Base        
00000e2c  __TI_Handler_Table_Limit       
00000b21  __TI_auto_init                 
20000400  __TI_cleanup_ptr               
00000b91  __TI_decompress_lzss           
00000dbd  __TI_decompress_none           
20000404  __TI_dtors_ptr                 
20000408  __TI_enable_exit_profile_output
ffffffff  __TI_pprof_out_hndl            
ffffffff  __TI_prof_data_size            
ffffffff  __TI_prof_data_start           
00000000  __TI_static_base__             
00000dd9  __TI_zero_init                 
00000aa5  __aeabi_memclr                 
00000aa5  __aeabi_memclr4                
00000aa5  __aeabi_memclr8                
00000989  __aeabi_memcpy                 
00000989  __aeabi_memcpy4                
00000989  __aeabi_memcpy8                
00000aa7  __aeabi_memset                 
00000aa7  __aeabi_memset4                
00000aa7  __aeabi_memset8                
ffffffff  __binit__                      
ffffffff  __c_args__                     
00000b1f  __mpu_init                     
2000fe00  __stack                        
00000d91  _args_main                     
00000c59  _c_int00                       
20000418  _lock                          
00000db7  _nop                           
00000daf  _register_lock                 
00000da9  _register_unlock               
20000000  _sys_memory                    
00000de9  _system_post_cinit             
00000de5  _system_pre_init               
2000041c  _unlock                        
00000cb1  abort                          
00000c47  addBuffer                      
ffffffff  binit                          
00000485  calloc                         
00000d4d  configure_clocks               
00000d01  copy_in                        
00000cb9  exit                           
000001cf  free                           
00000bf9  initBuffBasic                  
00000000  interruptVectors               
00000a25  main                           
20000424  main_func_sp                   
00000165  malloc                         
00000399  memalign                       
00000989  memcpy                         
00000aad  memset                         
000000e5  minit                          
2000042c  myBuffer                       
20000420  myBufferPTR                    
UNDEFED   pointerToCircBuffer            
00000291  realloc                        
000008b3  uart_putchar_n                 


GLOBAL SYMBOLS: SORTED BY Symbol Address 

address   name                           
-------   ----                           
00000000  __TI_static_base__             
00000000  interruptVectors               
000000e5  minit                          
00000165  malloc                         
000001cf  free                           
00000200  __STACK_SIZE                   
00000291  realloc                        
00000399  memalign                       
00000400  __SYSMEM_SIZE                  
00000485  calloc                         
000004b5  SystemCoreClockUpdate          
00000729  SystemInit                     
0000080d  UART_config                    
00000897  UART_putchar                   
000008b3  uart_putchar_n                 
000008f9  EUSCIA0_IRQHandler             
000008f9  EUSCIA0_IRQHandler             
00000989  __aeabi_memcpy                 
00000989  __aeabi_memcpy4                
00000989  __aeabi_memcpy8                
00000989  memcpy                         
00000a25  main                           
00000a67  HSMCLK_OUT                     
00000aa5  __aeabi_memclr                 
00000aa5  __aeabi_memclr4                
00000aa5  __aeabi_memclr8                
00000aa7  __aeabi_memset                 
00000aa7  __aeabi_memset4                
00000aa7  __aeabi_memset8                
00000aad  memset                         
00000b1f  __mpu_init                     
00000b21  __TI_auto_init                 
00000b91  __TI_decompress_lzss           
00000bf9  initBuffBasic                  
00000c47  addBuffer                      
00000c59  _c_int00                       
00000cad  C$$EXIT                        
00000cb1  abort                          
00000cb9  exit                           
00000d01  copy_in                        
00000d4d  configure_clocks               
00000d91  _args_main                     
00000da9  _register_unlock               
00000daf  _register_lock                 
00000db7  _nop                           
00000dbd  __TI_decompress_none           
00000dcb  Reset_Handler                  
00000dd7  ADC14_IRQHandler               
00000dd7  AES256_IRQHandler              
00000dd7  BusFault_Handler               
00000dd7  COMP_E0_IRQHandler             
00000dd7  COMP_E1_IRQHandler             
00000dd7  CS_IRQHandler                  
00000dd7  DMA_ERR_IRQHandler             
00000dd7  DMA_INT0_IRQHandler            
00000dd7  DMA_INT1_IRQHandler            
00000dd7  DMA_INT2_IRQHandler            
00000dd7  DMA_INT3_IRQHandler            
00000dd7  DebugMon_Handler               
00000dd7  Default_Handler                
00000dd7  EUSCIA1_IRQHandler             
00000dd7  EUSCIA2_IRQHandler             
00000dd7  EUSCIA3_IRQHandler             
00000dd7  EUSCIB0_IRQHandler             
00000dd7  EUSCIB1_IRQHandler             
00000dd7  EUSCIB2_IRQHandler             
00000dd7  EUSCIB3_IRQHandler             
00000dd7  FLCTL_IRQHandler               
00000dd7  FPU_IRQHandler                 
00000dd7  HardFault_Handler              
00000dd7  MemManage_Handler              
00000dd7  NMI_Handler                    
00000dd7  PCM_IRQHandler                 
00000dd7  PORT1_IRQHandler               
00000dd7  PORT2_IRQHandler               
00000dd7  PORT3_IRQHandler               
00000dd7  PORT4_IRQHandler               
00000dd7  PORT5_IRQHandler               
00000dd7  PORT6_IRQHandler               
00000dd7  PSS_IRQHandler                 
00000dd7  PendSV_Handler                 
00000dd7  RTC_C_IRQHandler               
00000dd7  SVC_Handler                    
00000dd7  SysTick_Handler                
00000dd7  T32_INT1_IRQHandler            
00000dd7  T32_INT2_IRQHandler            
00000dd7  T32_INTC_IRQHandler            
00000dd7  TA0_0_IRQHandler               
00000dd7  TA0_N_IRQHandler               
00000dd7  TA1_0_IRQHandler               
00000dd7  TA1_N_IRQHandler               
00000dd7  TA2_0_IRQHandler               
00000dd7  TA2_N_IRQHandler               
00000dd7  TA3_0_IRQHandler               
00000dd7  TA3_N_IRQHandler               
00000dd7  UsageFault_Handler             
00000dd7  WDT_A_IRQHandler               
00000dd9  __TI_zero_init                 
00000de5  _system_pre_init               
00000de9  _system_post_cinit             
00000e20  __TI_Handler_Table_Base        
00000e2c  __TI_Handler_Table_Limit       
00000e38  __TI_CINIT_Base                
00000e48  __TI_CINIT_Limit               
20000000  _sys_memory                    
20000400  __TI_cleanup_ptr               
20000404  __TI_dtors_ptr                 
20000408  __TI_enable_exit_profile_output
20000418  _lock                          
2000041c  _unlock                        
20000420  myBufferPTR                    
20000424  main_func_sp                   
20000428  SystemCoreClock                
2000042c  myBuffer                       
2000fe00  __stack                        
20010000  __STACK_END                    
4000480c  WDTCTL_SYM                     
ffffffff  __TI_pprof_out_hndl            
ffffffff  __TI_prof_data_size            
ffffffff  __TI_prof_data_start           
ffffffff  __binit__                      
ffffffff  __c_args__                     
ffffffff  binit                          
UNDEFED   SHT$$INIT_ARRAY$$Base          
UNDEFED   SHT$$INIT_ARRAY$$Limit         
UNDEFED   pointerToCircBuffer            

[126 symbols]
