******************************************************************************
                  TI ARM Linker Unix v16.9.3                   
******************************************************************************
>> Linked Fri Sep 29 20:48:27 2017

OUTPUT FILE NAME:   <lab3_uart.out>
ENTRY POINT SYMBOL: "_c_int00"  address: 0000063d


MEMORY CONFIGURATION

         name            origin    length      used     unused   attr    fill
----------------------  --------  ---------  --------  --------  ----  --------
  MAIN                  00000000   00040000  00000838  0003f7c8  R  X
  INFO                  00200000   00004000  00000000  00004000  R  X
  SRAM_CODE             01000000   00010000  0000021c  0000fde4  RW X
  SRAM_DATA             20000000   00010000  0000021c  0000fde4  RW  


SEGMENT ALLOCATION MAP

run origin  load origin   length   init length attrs members
----------  ----------- ---------- ----------- ----- -------
00000000    00000000    00000838   00000838    r-x
  00000000    00000000    000000e4   000000e4    r-- .intvecs
  000000e4    000000e4    0000072c   0000072c    r-x .text
  00000810    00000810    00000028   00000028    r-- .cinit
20000000    20000000    0000001c   00000000    rw-
  20000000    20000000    0000001c   00000000    rw- .data
2000fe00    2000fe00    00000200   00000000    rw-
  2000fe00    2000fe00    00000200   00000000    rw- .stack


SECTION ALLOCATION MAP

 output                                  attributes/
section   page    origin      length       input sections
--------  ----  ----------  ----------   ----------------
.intvecs   0    00000000    000000e4     
                  00000000    000000e4     startup_msp432p401r_ccs.obj (.intvecs:retain)

.text      0    000000e4    0000072c     
                  000000e4    0000032c     system_msp432p401r.obj (.text)
                  00000410    000000b8     uart.obj (.text)
                  000004c8    0000009c     rtsv7M4_T_le_v4SPD16_eabi.lib : memcpy_t2.obj (.text)
                  00000564    00000070                                   : autoinit.obj (.text)
                  000005d4    00000068                                   : copy_decompress_lzss.obj (.text:decompress:lzss)
                  0000063c    00000054                                   : boot.obj (.text)
                  00000690    00000054                                   : exit.obj (.text)
                  000006e4    0000004c     main.obj (.text)
                  00000730    0000004c     rtsv7M4_T_le_v4SPD16_eabi.lib : cpy_tbl.obj (.text)
                  0000077c    00000044     lab3.obj (.text)
                  000007c0    00000018     rtsv7M4_T_le_v4SPD16_eabi.lib : args_main.obj (.text)
                  000007d8    00000014                                   : _lock.obj (.text)
                  000007ec    0000000e                                   : copy_decompress_none.obj (.text:decompress:none)
                  000007fa    0000000e     startup_msp432p401r_ccs.obj (.text)
                  00000808    00000004     rtsv7M4_T_le_v4SPD16_eabi.lib : pre_init.obj (.text)
                  0000080c    00000002                                   : mpu_init.obj (.text)
                  0000080e    00000002                                   : startup.obj (.text)

.cinit     0    00000810    00000028     
                  00000810    00000015     (.cinit..data.load) [load image, compression = lzss]
                  00000825    00000003     --HOLE-- [fill = 0]
                  00000828    00000008     (__TI_handler_table)
                  00000830    00000008     (__TI_cinit_table)

.init_array 
*          0    00000000    00000000     UNINITIALIZED

.binit     0    00000000    00000000     

.data      0    20000000    0000001c     UNINITIALIZED
                  20000000    0000000c     rtsv7M4_T_le_v4SPD16_eabi.lib : exit.obj (.data:$O1$$)
                  2000000c    00000008                                   : _lock.obj (.data:$O1$$)
                  20000014    00000004                                   : stkdepth_vars.obj (.data)
                  20000018    00000004     system_msp432p401r.obj (.data)

.stack     0    2000fe00    00000200     UNINITIALIZED
                  2000fe00    00000200     --HOLE--

MODULE SUMMARY

       Module                        code   ro data   rw data
       ------                        ----   -------   -------
    ./
       system_msp432p401r.obj        812    0         8      
       startup_msp432p401r_ccs.obj   14     228       0      
       uart.obj                      184    0         0      
       main.obj                      76     0         0      
       lab3.obj                      68     0         0      
    +--+-----------------------------+------+---------+---------+
       Total:                        1154   228       8      
                                                             
    /home/kk/ti/ccsv7/tools/compiler/ti-cgt-arm_16.9.3.LTS/lib/rtsv7M4_T_le_v4SPD16_eabi.lib
       memcpy_t2.obj                 156    0         0      
       autoinit.obj                  112    0         0      
       exit.obj                      84     0         24     
       copy_decompress_lzss.obj      104    0         0      
       boot.obj                      84     0         0      
       cpy_tbl.obj                   76     0         0      
       _lock.obj                     20     0         16     
       args_main.obj                 24     0         0      
       copy_decompress_none.obj      14     0         0      
       stkdepth_vars.obj             0      0         8      
       pre_init.obj                  4      0         0      
       mpu_init.obj                  2      0         0      
       startup.obj                   2      0         0      
    +--+-----------------------------+------+---------+---------+
       Total:                        682    0         48     
                                                             
       Stack:                        0      0         1024   
       Linker Generated:             0      37        0      
    +--+-----------------------------+------+---------+---------+
       Grand Total:                  1836   265       1080   


LINKER GENERATED COPY TABLES

__TI_cinit_table @ 00000830 records: 1, size/record: 8, table size: 8
	.data: load addr=00000810, load size=00000015 bytes, run addr=20000000, run size=0000001c bytes, compression=lzss


LINKER GENERATED HANDLER TABLE

__TI_handler_table @ 00000828 records: 2, size/record: 4, table size: 8
	index: 0, handler: __TI_decompress_lzss
	index: 1, handler: __TI_decompress_none


GLOBAL SYMBOLS: SORTED ALPHABETICALLY BY Name 

address   name                           
-------   ----                           
00000807  ADC14_IRQHandler               
00000807  AES256_IRQHandler              
00000807  BusFault_Handler               
00000691  C$$EXIT                        
00000807  COMP_E0_IRQHandler             
00000807  COMP_E1_IRQHandler             
00000807  CS_IRQHandler                  
00000807  DMA_ERR_IRQHandler             
00000807  DMA_INT0_IRQHandler            
00000807  DMA_INT1_IRQHandler            
00000807  DMA_INT2_IRQHandler            
00000807  DMA_INT3_IRQHandler            
00000807  DebugMon_Handler               
00000807  Default_Handler                
00000807  EUSCIA0_IRQHandler             
00000807  EUSCIA1_IRQHandler             
00000807  EUSCIA2_IRQHandler             
00000807  EUSCIA3_IRQHandler             
00000807  EUSCIB0_IRQHandler             
00000807  EUSCIB1_IRQHandler             
00000807  EUSCIB2_IRQHandler             
00000807  EUSCIB3_IRQHandler             
00000807  FLCTL_IRQHandler               
00000807  FPU_IRQHandler                 
000006ff  HSMCLK_OUT                     
00000807  HardFault_Handler              
00000807  MemManage_Handler              
00000807  NMI_Handler                    
00000807  PCM_IRQHandler                 
00000807  PORT1_IRQHandler               
00000807  PORT2_IRQHandler               
00000807  PORT3_IRQHandler               
00000807  PORT4_IRQHandler               
00000807  PORT5_IRQHandler               
00000807  PORT6_IRQHandler               
00000807  PSS_IRQHandler                 
00000807  PendSV_Handler                 
00000807  RTC_C_IRQHandler               
000007fb  Reset_Handler                  
UNDEFED   SHT$$INIT_ARRAY$$Base          
UNDEFED   SHT$$INIT_ARRAY$$Limit         
00000807  SVC_Handler                    
00000807  SysTick_Handler                
20000018  SystemCoreClock                
000000e5  SystemCoreClockUpdate          
00000359  SystemInit                     
00000807  T32_INT1_IRQHandler            
00000807  T32_INT2_IRQHandler            
00000807  T32_INTC_IRQHandler            
00000807  TA0_0_IRQHandler               
00000807  TA0_N_IRQHandler               
00000807  TA1_0_IRQHandler               
00000807  TA1_N_IRQHandler               
00000807  TA2_0_IRQHandler               
00000807  TA2_N_IRQHandler               
00000807  TA3_0_IRQHandler               
00000807  TA3_N_IRQHandler               
00000411  UART_config                    
00000493  UART_putchar                   
00000807  UsageFault_Handler             
4000480c  WDTCTL_SYM                     
00000807  WDT_A_IRQHandler               
20010000  __STACK_END                    
00000200  __STACK_SIZE                   
00000830  __TI_CINIT_Base                
00000838  __TI_CINIT_Limit               
00000828  __TI_Handler_Table_Base        
00000830  __TI_Handler_Table_Limit       
00000565  __TI_auto_init                 
20000000  __TI_cleanup_ptr               
000005d5  __TI_decompress_lzss           
000007ed  __TI_decompress_none           
20000004  __TI_dtors_ptr                 
20000008  __TI_enable_exit_profile_output
ffffffff  __TI_pprof_out_hndl            
ffffffff  __TI_prof_data_size            
ffffffff  __TI_prof_data_start           
00000000  __TI_static_base__             
000004c9  __aeabi_memcpy                 
000004c9  __aeabi_memcpy4                
000004c9  __aeabi_memcpy8                
ffffffff  __binit__                      
ffffffff  __c_args__                     
0000080d  __mpu_init                     
2000fe00  __stack                        
000007c1  _args_main                     
0000063d  _c_int00                       
2000000c  _lock                          
000007e7  _nop                           
000007df  _register_lock                 
000007d9  _register_unlock               
0000080f  _system_post_cinit             
00000809  _system_pre_init               
20000010  _unlock                        
00000695  abort                          
ffffffff  binit                          
0000077d  configure_clocks               
00000731  copy_in                        
0000069d  exit                           
00000000  interruptVectors               
000006e5  main                           
20000014  main_func_sp                   
000004c9  memcpy                         


GLOBAL SYMBOLS: SORTED BY Symbol Address 

address   name                           
-------   ----                           
00000000  __TI_static_base__             
00000000  interruptVectors               
000000e5  SystemCoreClockUpdate          
00000200  __STACK_SIZE                   
00000359  SystemInit                     
00000411  UART_config                    
00000493  UART_putchar                   
000004c9  __aeabi_memcpy                 
000004c9  __aeabi_memcpy4                
000004c9  __aeabi_memcpy8                
000004c9  memcpy                         
00000565  __TI_auto_init                 
000005d5  __TI_decompress_lzss           
0000063d  _c_int00                       
00000691  C$$EXIT                        
00000695  abort                          
0000069d  exit                           
000006e5  main                           
000006ff  HSMCLK_OUT                     
00000731  copy_in                        
0000077d  configure_clocks               
000007c1  _args_main                     
000007d9  _register_unlock               
000007df  _register_lock                 
000007e7  _nop                           
000007ed  __TI_decompress_none           
000007fb  Reset_Handler                  
00000807  ADC14_IRQHandler               
00000807  AES256_IRQHandler              
00000807  BusFault_Handler               
00000807  COMP_E0_IRQHandler             
00000807  COMP_E1_IRQHandler             
00000807  CS_IRQHandler                  
00000807  DMA_ERR_IRQHandler             
00000807  DMA_INT0_IRQHandler            
00000807  DMA_INT1_IRQHandler            
00000807  DMA_INT2_IRQHandler            
00000807  DMA_INT3_IRQHandler            
00000807  DebugMon_Handler               
00000807  Default_Handler                
00000807  EUSCIA0_IRQHandler             
00000807  EUSCIA1_IRQHandler             
00000807  EUSCIA2_IRQHandler             
00000807  EUSCIA3_IRQHandler             
00000807  EUSCIB0_IRQHandler             
00000807  EUSCIB1_IRQHandler             
00000807  EUSCIB2_IRQHandler             
00000807  EUSCIB3_IRQHandler             
00000807  FLCTL_IRQHandler               
00000807  FPU_IRQHandler                 
00000807  HardFault_Handler              
00000807  MemManage_Handler              
00000807  NMI_Handler                    
00000807  PCM_IRQHandler                 
00000807  PORT1_IRQHandler               
00000807  PORT2_IRQHandler               
00000807  PORT3_IRQHandler               
00000807  PORT4_IRQHandler               
00000807  PORT5_IRQHandler               
00000807  PORT6_IRQHandler               
00000807  PSS_IRQHandler                 
00000807  PendSV_Handler                 
00000807  RTC_C_IRQHandler               
00000807  SVC_Handler                    
00000807  SysTick_Handler                
00000807  T32_INT1_IRQHandler            
00000807  T32_INT2_IRQHandler            
00000807  T32_INTC_IRQHandler            
00000807  TA0_0_IRQHandler               
00000807  TA0_N_IRQHandler               
00000807  TA1_0_IRQHandler               
00000807  TA1_N_IRQHandler               
00000807  TA2_0_IRQHandler               
00000807  TA2_N_IRQHandler               
00000807  TA3_0_IRQHandler               
00000807  TA3_N_IRQHandler               
00000807  UsageFault_Handler             
00000807  WDT_A_IRQHandler               
00000809  _system_pre_init               
0000080d  __mpu_init                     
0000080f  _system_post_cinit             
00000828  __TI_Handler_Table_Base        
00000830  __TI_CINIT_Base                
00000830  __TI_Handler_Table_Limit       
00000838  __TI_CINIT_Limit               
20000000  __TI_cleanup_ptr               
20000004  __TI_dtors_ptr                 
20000008  __TI_enable_exit_profile_output
2000000c  _lock                          
20000010  _unlock                        
20000014  main_func_sp                   
20000018  SystemCoreClock                
2000fe00  __stack                        
20010000  __STACK_END                    
4000480c  WDTCTL_SYM                     
ffffffff  __TI_pprof_out_hndl            
ffffffff  __TI_prof_data_size            
ffffffff  __TI_prof_data_start           
ffffffff  __binit__                      
ffffffff  __c_args__                     
ffffffff  binit                          
UNDEFED   SHT$$INIT_ARRAY$$Base          
UNDEFED   SHT$$INIT_ARRAY$$Limit         

[103 symbols]
