******************************************************************************
                  TI ARM Linker Unix v16.9.3                   
******************************************************************************
>> Linked Tue Oct 10 13:20:22 2017

OUTPUT FILE NAME:   <lab3_uart.out>
ENTRY POINT SYMBOL: "_c_int00"  address: 000028e5


MEMORY CONFIGURATION

         name            origin    length      used     unused   attr    fill
----------------------  --------  ---------  --------  --------  ----  --------
  MAIN                  00000000   00040000  00002b28  0003d4d8  R  X
  INFO                  00200000   00004000  00000000  00004000  R  X
  SRAM_CODE             01000000   00010000  0000065c  0000f9a4  RW X
  SRAM_DATA             20000000   00010000  0000065c  0000f9a4  RW  


SEGMENT ALLOCATION MAP

run origin  load origin   length   init length attrs members
----------  ----------- ---------- ----------- ----- -------
00000000    00000000    00002b28   00002b28    r-x
  00000000    00000000    000000e4   000000e4    r-- .intvecs
  000000e4    000000e4    000029c4   000029c4    r-x .text
  00002aa8    00002aa8    00000030   00000030    r-- .const
  00002ad8    00002ad8    00000050   00000050    r-- .cinit
20000000    20000000    0000045c   00000000    rw-
  20000000    20000000    00000400   00000000    rw- .sysmem
  20000400    20000400    00000040   00000000    rw- .data
  20000440    20000440    0000001c   00000000    rw- .bss
2000fe00    2000fe00    00000200   00000000    rw-
  2000fe00    2000fe00    00000200   00000000    rw- .stack


SECTION ALLOCATION MAP

 output                                  attributes/
section   page    origin      length       input sections
--------  ----  ----------  ----------   ----------------
.intvecs   0    00000000    000000e4     
                  00000000    000000e4     startup_msp432p401r_ccs.obj (.intvecs:retain)

.text      0    000000e4    000029c4     
                  000000e4    000009ac     rtsv7M4_T_le_v4SPD16_eabi.lib : e_pow.obj (.text)
                  00000a90    00000510     main.obj (.text)
                  00000fa0    000003d8     lab3.obj (.text)
                  00001378    000003d0     rtsv7M4_T_le_v4SPD16_eabi.lib : memory.obj (.text)
                  00001748    0000032c     system_msp432p401r.obj (.text)
                  00001a74    00000314     circ_buffer_basic.obj (.text)
                  00001d88    000001b6     rtsv7M4_T_le_v4SPD16_eabi.lib : fd_add_t2.obj (.text)
                  00001f3e    00000002                                   : mpu_init.obj (.text)
                  00001f40    00000198     uart.obj (.text)
                  000020d8    00000170     rtsv7M4_T_le_v4SPD16_eabi.lib : e_sqrt.obj (.text)
                  00002248    00000136                                   : fd_div_t2.obj (.text)
                  0000237e    000000fc                                   : fd_mul_t2.obj (.text)
                  0000247a    00000002                                   : startup.obj (.text)
                  0000247c    000000fc                                   : s_scalbn.obj (.text)
                  00002578    0000009c                                   : memcpy_t2.obj (.text)
                  00002614    00000086                                   : fd_cmp_t2.obj (.text:__aeabi_cdcmple)
                  0000269a    00000086                                   : fd_cmp_t2.obj (.text:__aeabi_cdrcmple)
                  00002720    0000007a                                   : memset_t2.obj (.text)
                  0000279a    00000002     --HOLE-- [fill = 0]
                  0000279c    00000070                                   : autoinit.obj (.text)
                  0000280c    0000006e                                   : fd_tos_t2.obj (.text)
                  0000287a    00000068                                   : copy_decompress_lzss.obj (.text:decompress:lzss)
                  000028e2    00000002     --HOLE-- [fill = 0]
                  000028e4    00000054                                   : boot.obj (.text)
                  00002938    00000054                                   : exit.obj (.text)
                  0000298c    0000004c                                   : cpy_tbl.obj (.text)
                  000029d8    0000002e                                   : i_tofd_t2.obj (.text)
                  00002a06    00000020                                   : u_tofd_t2.obj (.text)
                  00002a26    00000002     --HOLE-- [fill = 0]
                  00002a28    00000018                                   : args_main.obj (.text)
                  00002a40    00000014                                   : _lock.obj (.text)
                  00002a54    00000014                                   : s_copysign.obj (.text)
                  00002a68    00000014                                   : strlen.obj (.text)
                  00002a7c    0000000e                                   : copy_decompress_none.obj (.text:decompress:none)
                  00002a8a    0000000e     startup_msp432p401r_ccs.obj (.text)
                  00002a98    0000000c     rtsv7M4_T_le_v4SPD16_eabi.lib : copy_zero_init.obj (.text:decompress:ZI)
                  00002aa4    00000004                                   : pre_init.obj (.text)

.const     0    00002aa8    00000030     
                  00002aa8    00000030     rtsv7M4_T_le_v4SPD16_eabi.lib : e_pow.obj (.const:$O1$$)

.cinit     0    00002ad8    00000050     
                  00002ad8    00000027     (.cinit..data.load) [load image, compression = lzss]
                  00002aff    00000001     --HOLE-- [fill = 0]
                  00002b00    0000000c     (__TI_handler_table)
                  00002b0c    00000004     --HOLE-- [fill = 0]
                  00002b10    00000008     (.cinit..bss.load) [load image, compression = zero_init]
                  00002b18    00000010     (__TI_cinit_table)

.init_array 
*          0    00000000    00000000     UNINITIALIZED

.binit     0    00000000    00000000     

.sysmem    0    20000000    00000400     UNINITIALIZED
                  20000000    00000008     rtsv7M4_T_le_v4SPD16_eabi.lib : memory.obj (.sysmem)
                  20000008    000003f8     --HOLE--

.data      0    20000400    00000040     UNINITIALIZED
                  20000400    0000000c     rtsv7M4_T_le_v4SPD16_eabi.lib : exit.obj (.data:$O1$$)
                  2000040c    0000000c                                   : memory.obj (.data:$O1$$)
                  20000418    0000000c     main.obj (.data)
                  20000424    00000008     rtsv7M4_T_le_v4SPD16_eabi.lib : _lock.obj (.data:$O1$$)
                  2000042c    00000005     main.obj (.data:count)
                  20000431    00000003     --HOLE--
                  20000434    00000004     rtsv7M4_T_le_v4SPD16_eabi.lib : errno.obj (.data)
                  20000438    00000004                                   : stkdepth_vars.obj (.data)
                  2000043c    00000004     system_msp432p401r.obj (.data)

.bss       0    20000440    0000001c     UNINITIALIZED
                  20000440    00000018     (.common:myBuffer)
                  20000458    00000004     (.common:global_number_Of_Beam_Breaks)

.stack     0    2000fe00    00000200     UNINITIALIZED
                  2000fe00    00000200     --HOLE--

MODULE SUMMARY

       Module                        code    ro data   rw data
       ------                        ----    -------   -------
    ./
       main.obj                      1296    0         90     
       lab3.obj                      984     0         0      
       system_msp432p401r.obj        812     0         8      
       circ_buffer_basic.obj         788     0         0      
       uart.obj                      408     0         0      
       startup_msp432p401r_ccs.obj   14      228       0      
    +--+-----------------------------+-------+---------+---------+
       Total:                        4302    228       98     
                                                              
    /home/kk/ti/ccsv7/tools/compiler/ti-cgt-arm_16.9.3.LTS/lib/rtsv7M4_T_le_v4SPD16_eabi.lib
       e_pow.obj                     2476    48        0      
       memory.obj                    976     0         24     
       fd_add_t2.obj                 438     0         0      
       e_sqrt.obj                    368     0         0      
       fd_div_t2.obj                 310     0         0      
       fd_cmp_t2.obj                 268     0         0      
       fd_mul_t2.obj                 252     0         0      
       s_scalbn.obj                  252     0         0      
       memcpy_t2.obj                 156     0         0      
       memset_t2.obj                 122     0         0      
       autoinit.obj                  112     0         0      
       fd_tos_t2.obj                 110     0         0      
       exit.obj                      84      0         24     
       copy_decompress_lzss.obj      104     0         0      
       boot.obj                      84      0         0      
       cpy_tbl.obj                   76      0         0      
       i_tofd_t2.obj                 46      0         0      
       _lock.obj                     20      0         16     
       u_tofd_t2.obj                 32      0         0      
       args_main.obj                 24      0         0      
       s_copysign.obj                20      0         0      
       strlen.obj                    20      0         0      
       copy_decompress_none.obj      14      0         0      
       copy_zero_init.obj            12      0         0      
       errno.obj                     0       0         8      
       stkdepth_vars.obj             0       0         8      
       pre_init.obj                  4       0         0      
       mpu_init.obj                  2       0         0      
       startup.obj                   2       0         0      
    +--+-----------------------------+-------+---------+---------+
       Total:                        6384    48        80     
                                                              
       Heap:                         0       0         2048   
       Stack:                        0       0         1024   
       Linker Generated:             0       75        0      
    +--+-----------------------------+-------+---------+---------+
       Grand Total:                  10686   351       3250   


LINKER GENERATED COPY TABLES

__TI_cinit_table @ 00002b18 records: 2, size/record: 8, table size: 16
	.data: load addr=00002ad8, load size=00000027 bytes, run addr=20000400, run size=00000040 bytes, compression=lzss
	.bss: load addr=00002b10, load size=00000008 bytes, run addr=20000440, run size=0000001c bytes, compression=zero_init


LINKER GENERATED HANDLER TABLE

__TI_handler_table @ 00002b00 records: 3, size/record: 4, table size: 12
	index: 0, handler: __TI_decompress_lzss
	index: 1, handler: __TI_decompress_none
	index: 2, handler: __TI_zero_init


GLOBAL SYMBOLS: SORTED ALPHABETICALLY BY Name 

address   name                           
-------   ----                           
00002a97  ADC14_IRQHandler               
00002a97  AES256_IRQHandler              
00002a97  BusFault_Handler               
00002939  C$$EXIT                        
00002a97  COMP_E0_IRQHandler             
00002a97  COMP_E1_IRQHandler             
00002a97  CS_IRQHandler                  
2000041d  Calculate_Distance             
2000041c  Calculate_Stats                
00002a97  DMA_ERR_IRQHandler             
00002a97  DMA_INT0_IRQHandler            
00002a97  DMA_INT1_IRQHandler            
00002a97  DMA_INT2_IRQHandler            
00002a97  DMA_INT3_IRQHandler            
00002a97  DebugMon_Handler               
00002a97  Default_Handler                
0000204b  EUSCIA0_IRQHandler             
0000204b  EUSCIA0_IRQHandler             
00002a97  EUSCIA1_IRQHandler             
00002a97  EUSCIA2_IRQHandler             
00002a97  EUSCIA3_IRQHandler             
00002a97  EUSCIB0_IRQHandler             
00002a97  EUSCIB1_IRQHandler             
00002a97  EUSCIB2_IRQHandler             
00002a97  EUSCIB3_IRQHandler             
00002a97  FLCTL_IRQHandler               
00002a97  FPU_IRQHandler                 
00000e47  HSMCLK_OUT                     
00002a97  HardFault_Handler              
00002a97  MemManage_Handler              
00002a97  NMI_Handler                    
00002a97  PCM_IRQHandler                 
000010ef  PORT1_IRQHandler               
000010ef  PORT1_IRQHandler               
00002a97  PORT2_IRQHandler               
00001145  PORT3_IRQHandler               
00001145  PORT3_IRQHandler               
00002a97  PORT4_IRQHandler               
00002a97  PORT5_IRQHandler               
00002a97  PORT6_IRQHandler               
00002a97  PSS_IRQHandler                 
00002a97  PendSV_Handler                 
00002a97  RTC_C_IRQHandler               
00002a8b  Reset_Handler                  
UNDEFED   SHT$$INIT_ARRAY$$Base          
UNDEFED   SHT$$INIT_ARRAY$$Limit         
00002a97  SVC_Handler                    
00002a97  SysTick_Handler                
2000043c  SystemCoreClock                
00001749  SystemCoreClockUpdate          
000019bd  SystemInit                     
00002a97  T32_INT1_IRQHandler            
00002a97  T32_INT2_IRQHandler            
00002a97  T32_INTC_IRQHandler            
00002a97  TA0_0_IRQHandler               
00002a97  TA0_N_IRQHandler               
00002a97  TA1_0_IRQHandler               
00002a97  TA1_N_IRQHandler               
00002a97  TA2_0_IRQHandler               
00002a97  TA2_N_IRQHandler               
00002a97  TA3_0_IRQHandler               
00002a97  TA3_N_IRQHandler               
00001f6d  UART_config                    
00001ff1  UART_putchar                   
00002a97  UsageFault_Handler             
4000480c  WDTCTL_SYM                     
00002a97  WDT_A_IRQHandler               
20010000  __STACK_END                    
00000200  __STACK_SIZE                   
00000400  __SYSMEM_SIZE                  
00002b18  __TI_CINIT_Base                
00002b28  __TI_CINIT_Limit               
00002b00  __TI_Handler_Table_Base        
00002b0c  __TI_Handler_Table_Limit       
0000279d  __TI_auto_init                 
20000400  __TI_cleanup_ptr               
0000287b  __TI_decompress_lzss           
00002a7d  __TI_decompress_none           
20000404  __TI_dtors_ptr                 
20000408  __TI_enable_exit_profile_output
ffffffff  __TI_pprof_out_hndl            
ffffffff  __TI_prof_data_size            
ffffffff  __TI_prof_data_start           
00000000  __TI_static_base__             
00002a99  __TI_zero_init                 
00002615  __aeabi_cdcmpeq                
00002615  __aeabi_cdcmple                
0000269b  __aeabi_cdrcmple               
0000280d  __aeabi_d2f                    
00001d93  __aeabi_dadd                   
00002249  __aeabi_ddiv                   
0000237f  __aeabi_dmul                   
00001d89  __aeabi_dsub                   
000029d9  __aeabi_i2d                    
00002721  __aeabi_memclr                 
00002721  __aeabi_memclr4                
00002721  __aeabi_memclr8                
00002579  __aeabi_memcpy                 
00002579  __aeabi_memcpy4                
00002579  __aeabi_memcpy8                
00002723  __aeabi_memset                 
00002723  __aeabi_memset4                
00002723  __aeabi_memset8                
00002a07  __aeabi_ui2d                   
ffffffff  __binit__                      
ffffffff  __c_args__                     
00001f3f  __mpu_init                     
2000fe00  __stack                        
00002a29  _args_main                     
000028e5  _c_int00                       
20000424  _lock                          
00002a4f  _nop                           
00002a47  _register_lock                 
00002a41  _register_unlock               
20000000  _sys_memory                    
0000247b  _system_post_cinit             
00002aa5  _system_pre_init               
20000428  _unlock                        
0000293d  abort                          
00001ac7  add_To_Buffer                  
ffffffff  binit                          
00001719  calloc                         
00001cfd  clear_Buffer                   
00000fcd  configure_clocks               
00001003  configure_ports                
0000298d  copy_in                        
00002a55  copysign                       
00002a55  copysignl                      
2000042c  count                          
00000e67  create_Test_Buffer             
00001c6d  currentSize                    
20000434  errno                          
00002945  exit                           
00001463  free                           
000012cd  ftoa                           
20000458  global_number_Of_Beam_Breaks   
00001a75  initialize_Circ_Buffer         
00000000  interruptVectors               
00001c55  is_Circ_Buf_Empty              
00001c35  is_Circ_Buf_Full               
00001233  itoa                           
0000247d  ldexp                          
0000247d  ldexpl                         
00000a91  main                           
20000438  main_func_sp                   
000013f9  malloc                         
0000162d  memalign                       
00002579  memcpy                         
00002729  memset                         
00001379  minit                          
20000440  myBuffer                       
20000418  myBufferPTR                    
000000e5  pow                            
000000e5  powl                           
00001c7f  print                          
00001525  realloc                        
00001b73  remove_From_Buffer             
0000247d  scalbn                         
0000247d  scalbnl                        
000020d9  sqrt                           
000020d9  sqrtl                          
00002a69  strlen                         
20000420  total_distance_cummulative     
0000200d  uart_putchar_n                 


GLOBAL SYMBOLS: SORTED BY Symbol Address 

address   name                           
-------   ----                           
00000000  __TI_static_base__             
00000000  interruptVectors               
000000e5  pow                            
000000e5  powl                           
00000200  __STACK_SIZE                   
00000400  __SYSMEM_SIZE                  
00000a91  main                           
00000e47  HSMCLK_OUT                     
00000e67  create_Test_Buffer             
00000fcd  configure_clocks               
00001003  configure_ports                
000010ef  PORT1_IRQHandler               
000010ef  PORT1_IRQHandler               
00001145  PORT3_IRQHandler               
00001145  PORT3_IRQHandler               
00001233  itoa                           
000012cd  ftoa                           
00001379  minit                          
000013f9  malloc                         
00001463  free                           
00001525  realloc                        
0000162d  memalign                       
00001719  calloc                         
00001749  SystemCoreClockUpdate          
000019bd  SystemInit                     
00001a75  initialize_Circ_Buffer         
00001ac7  add_To_Buffer                  
00001b73  remove_From_Buffer             
00001c35  is_Circ_Buf_Full               
00001c55  is_Circ_Buf_Empty              
00001c6d  currentSize                    
00001c7f  print                          
00001cfd  clear_Buffer                   
00001d89  __aeabi_dsub                   
00001d93  __aeabi_dadd                   
00001f3f  __mpu_init                     
00001f6d  UART_config                    
00001ff1  UART_putchar                   
0000200d  uart_putchar_n                 
0000204b  EUSCIA0_IRQHandler             
0000204b  EUSCIA0_IRQHandler             
000020d9  sqrt                           
000020d9  sqrtl                          
00002249  __aeabi_ddiv                   
0000237f  __aeabi_dmul                   
0000247b  _system_post_cinit             
0000247d  ldexp                          
0000247d  ldexpl                         
0000247d  scalbn                         
0000247d  scalbnl                        
00002579  __aeabi_memcpy                 
00002579  __aeabi_memcpy4                
00002579  __aeabi_memcpy8                
00002579  memcpy                         
00002615  __aeabi_cdcmpeq                
00002615  __aeabi_cdcmple                
0000269b  __aeabi_cdrcmple               
00002721  __aeabi_memclr                 
00002721  __aeabi_memclr4                
00002721  __aeabi_memclr8                
00002723  __aeabi_memset                 
00002723  __aeabi_memset4                
00002723  __aeabi_memset8                
00002729  memset                         
0000279d  __TI_auto_init                 
0000280d  __aeabi_d2f                    
0000287b  __TI_decompress_lzss           
000028e5  _c_int00                       
00002939  C$$EXIT                        
0000293d  abort                          
00002945  exit                           
0000298d  copy_in                        
000029d9  __aeabi_i2d                    
00002a07  __aeabi_ui2d                   
00002a29  _args_main                     
00002a41  _register_unlock               
00002a47  _register_lock                 
00002a4f  _nop                           
00002a55  copysign                       
00002a55  copysignl                      
00002a69  strlen                         
00002a7d  __TI_decompress_none           
00002a8b  Reset_Handler                  
00002a97  ADC14_IRQHandler               
00002a97  AES256_IRQHandler              
00002a97  BusFault_Handler               
00002a97  COMP_E0_IRQHandler             
00002a97  COMP_E1_IRQHandler             
00002a97  CS_IRQHandler                  
00002a97  DMA_ERR_IRQHandler             
00002a97  DMA_INT0_IRQHandler            
00002a97  DMA_INT1_IRQHandler            
00002a97  DMA_INT2_IRQHandler            
00002a97  DMA_INT3_IRQHandler            
00002a97  DebugMon_Handler               
00002a97  Default_Handler                
00002a97  EUSCIA1_IRQHandler             
00002a97  EUSCIA2_IRQHandler             
00002a97  EUSCIA3_IRQHandler             
00002a97  EUSCIB0_IRQHandler             
00002a97  EUSCIB1_IRQHandler             
00002a97  EUSCIB2_IRQHandler             
00002a97  EUSCIB3_IRQHandler             
00002a97  FLCTL_IRQHandler               
00002a97  FPU_IRQHandler                 
00002a97  HardFault_Handler              
00002a97  MemManage_Handler              
00002a97  NMI_Handler                    
00002a97  PCM_IRQHandler                 
00002a97  PORT2_IRQHandler               
00002a97  PORT4_IRQHandler               
00002a97  PORT5_IRQHandler               
00002a97  PORT6_IRQHandler               
00002a97  PSS_IRQHandler                 
00002a97  PendSV_Handler                 
00002a97  RTC_C_IRQHandler               
00002a97  SVC_Handler                    
00002a97  SysTick_Handler                
00002a97  T32_INT1_IRQHandler            
00002a97  T32_INT2_IRQHandler            
00002a97  T32_INTC_IRQHandler            
00002a97  TA0_0_IRQHandler               
00002a97  TA0_N_IRQHandler               
00002a97  TA1_0_IRQHandler               
00002a97  TA1_N_IRQHandler               
00002a97  TA2_0_IRQHandler               
00002a97  TA2_N_IRQHandler               
00002a97  TA3_0_IRQHandler               
00002a97  TA3_N_IRQHandler               
00002a97  UsageFault_Handler             
00002a97  WDT_A_IRQHandler               
00002a99  __TI_zero_init                 
00002aa5  _system_pre_init               
00002b00  __TI_Handler_Table_Base        
00002b0c  __TI_Handler_Table_Limit       
00002b18  __TI_CINIT_Base                
00002b28  __TI_CINIT_Limit               
20000000  _sys_memory                    
20000400  __TI_cleanup_ptr               
20000404  __TI_dtors_ptr                 
20000408  __TI_enable_exit_profile_output
20000418  myBufferPTR                    
2000041c  Calculate_Stats                
2000041d  Calculate_Distance             
20000420  total_distance_cummulative     
20000424  _lock                          
20000428  _unlock                        
2000042c  count                          
20000434  errno                          
20000438  main_func_sp                   
2000043c  SystemCoreClock                
20000440  myBuffer                       
20000458  global_number_Of_Beam_Breaks   
2000fe00  __stack                        
20010000  __STACK_END                    
4000480c  WDTCTL_SYM                     
ffffffff  __TI_pprof_out_hndl            
ffffffff  __TI_prof_data_size            
ffffffff  __TI_prof_data_start           
ffffffff  __binit__                      
ffffffff  __c_args__                     
ffffffff  binit                          
UNDEFED   SHT$$INIT_ARRAY$$Base          
UNDEFED   SHT$$INIT_ARRAY$$Limit         

[164 symbols]
