******************************************************************************
                  TI ARM Linker Unix v16.9.3                   
******************************************************************************
>> Linked Sun Oct  1 20:27:35 2017

OUTPUT FILE NAME:   <lab3_uart.out>
ENTRY POINT SYMBOL: "_c_int00"  address: 000007a1


MEMORY CONFIGURATION

         name            origin    length      used     unused   attr    fill
----------------------  --------  ---------  --------  --------  ----  --------
  MAIN                  00000000   00040000  00000960  0003f6a0  R  X
  INFO                  00200000   00004000  00000000  00004000  R  X
  SRAM_CODE             01000000   00010000  0000021c  0000fde4  RW X
  SRAM_DATA             20000000   00010000  0000021c  0000fde4  RW  


SEGMENT ALLOCATION MAP

run origin  load origin   length   init length attrs members
----------  ----------- ---------- ----------- ----- -------
00000000    00000000    00000960   00000960    r-x
  00000000    00000000    000000e4   000000e4    r-- .intvecs
  000000e4    000000e4    00000844   00000844    r-x .text
  00000928    00000928    00000010   00000010    r-- .const
  00000938    00000938    00000028   00000028    r-- .cinit
20000000    20000000    0000001c   00000000    rw-
  20000000    20000000    0000001c   00000000    rw- .data
2000fe00    2000fe00    00000200   00000000    rw-
  2000fe00    2000fe00    00000200   00000000    rw- .stack


SECTION ALLOCATION MAP

 output                                  attributes/
section   page    origin      length       input sections
--------  ----  ----------  ----------   ----------------
.intvecs   0    00000000    000000e4     
                  00000000    000000e4     startup_msp432p401r_ccs.obj (.intvecs:retain)

.text      0    000000e4    00000844     
                  000000e4    0000032c     system_msp432p401r.obj (.text)
                  00000410    000001a0     uart.obj (.text)
                  000005b0    0000009c     rtsv7M4_T_le_v4SPD16_eabi.lib : memcpy_t2.obj (.text)
                  0000064c    0000007c     main.obj (.text)
                  000006c8    00000070     rtsv7M4_T_le_v4SPD16_eabi.lib : autoinit.obj (.text)
                  00000738    00000068                                   : copy_decompress_lzss.obj (.text:decompress:lzss)
                  000007a0    00000054                                   : boot.obj (.text)
                  000007f4    00000054                                   : exit.obj (.text)
                  00000848    0000004c                                   : cpy_tbl.obj (.text)
                  00000894    00000044     lab3.obj (.text)
                  000008d8    00000018     rtsv7M4_T_le_v4SPD16_eabi.lib : args_main.obj (.text)
                  000008f0    00000014                                   : _lock.obj (.text)
                  00000904    0000000e                                   : copy_decompress_none.obj (.text:decompress:none)
                  00000912    0000000e     startup_msp432p401r_ccs.obj (.text)
                  00000920    00000004     rtsv7M4_T_le_v4SPD16_eabi.lib : pre_init.obj (.text)
                  00000924    00000002                                   : mpu_init.obj (.text)
                  00000926    00000002                                   : startup.obj (.text)

.const     0    00000928    00000010     
                  00000928    0000000d     main.obj (.const:.string:$P$T1$2)
                  00000935    00000003     main.obj (.const:.string:$P$T0$1)

.cinit     0    00000938    00000028     
                  00000938    00000015     (.cinit..data.load) [load image, compression = lzss]
                  0000094d    00000003     --HOLE-- [fill = 0]
                  00000950    00000008     (__TI_handler_table)
                  00000958    00000008     (__TI_cinit_table)

.init_array 
*          0    00000000    00000000     UNINITIALIZED

.binit     0    00000000    00000000     

.data      0    20000000    0000001c     UNINITIALIZED
                  20000000    0000000c     rtsv7M4_T_le_v4SPD16_eabi.lib : exit.obj (.data:$O1$$)
                  2000000c    00000008                                   : _lock.obj (.data:$O1$$)
                  20000014    00000004                                   : stkdepth_vars.obj (.data)
                  20000018    00000004     system_msp432p401r.obj (.data)

.stack     0    2000fe00    00000200     UNINITIALIZED
                  2000fe00    00000200     --HOLE--

MODULE SUMMARY

       Module                        code   ro data   rw data
       ------                        ----   -------   -------
    ./
       system_msp432p401r.obj        812    0         8      
       uart.obj                      416    0         0      
       startup_msp432p401r_ccs.obj   14     228       0      
       main.obj                      124    16        0      
       lab3.obj                      68     0         0      
    +--+-----------------------------+------+---------+---------+
       Total:                        1434   244       8      
                                                             
    /home/kk/ti/ccsv7/tools/compiler/ti-cgt-arm_16.9.3.LTS/lib/rtsv7M4_T_le_v4SPD16_eabi.lib
       memcpy_t2.obj                 156    0         0      
       autoinit.obj                  112    0         0      
       exit.obj                      84     0         24     
       copy_decompress_lzss.obj      104    0         0      
       boot.obj                      84     0         0      
       cpy_tbl.obj                   76     0         0      
       _lock.obj                     20     0         16     
       args_main.obj                 24     0         0      
       copy_decompress_none.obj      14     0         0      
       stkdepth_vars.obj             0      0         8      
       pre_init.obj                  4      0         0      
       mpu_init.obj                  2      0         0      
       startup.obj                   2      0         0      
    +--+-----------------------------+------+---------+---------+
       Total:                        682    0         48     
                                                             
       Stack:                        0      0         1024   
       Linker Generated:             0      37        0      
    +--+-----------------------------+------+---------+---------+
       Grand Total:                  2116   281       1080   


LINKER GENERATED COPY TABLES

__TI_cinit_table @ 00000958 records: 1, size/record: 8, table size: 8
	.data: load addr=00000938, load size=00000015 bytes, run addr=20000000, run size=0000001c bytes, compression=lzss


LINKER GENERATED HANDLER TABLE

__TI_handler_table @ 00000950 records: 2, size/record: 4, table size: 8
	index: 0, handler: __TI_decompress_lzss
	index: 1, handler: __TI_decompress_none


GLOBAL SYMBOLS: SORTED ALPHABETICALLY BY Name 

address   name                           
-------   ----                           
0000091f  ADC14_IRQHandler               
0000091f  AES256_IRQHandler              
0000091f  BusFault_Handler               
000007f5  C$$EXIT                        
0000091f  COMP_E0_IRQHandler             
0000091f  COMP_E1_IRQHandler             
0000091f  CS_IRQHandler                  
0000091f  DMA_ERR_IRQHandler             
0000091f  DMA_INT0_IRQHandler            
0000091f  DMA_INT1_IRQHandler            
0000091f  DMA_INT2_IRQHandler            
0000091f  DMA_INT3_IRQHandler            
0000091f  DebugMon_Handler               
0000091f  Default_Handler                
00000529  EUSCIA0_IRQHandler             
00000529  EUSCIA0_IRQHandler             
0000091f  EUSCIA1_IRQHandler             
0000091f  EUSCIA2_IRQHandler             
0000091f  EUSCIA3_IRQHandler             
0000091f  EUSCIB0_IRQHandler             
0000091f  EUSCIB1_IRQHandler             
0000091f  EUSCIB2_IRQHandler             
0000091f  EUSCIB3_IRQHandler             
0000091f  FLCTL_IRQHandler               
0000091f  FPU_IRQHandler                 
00000691  HSMCLK_OUT                     
0000091f  HardFault_Handler              
0000091f  MemManage_Handler              
0000091f  NMI_Handler                    
0000091f  PCM_IRQHandler                 
0000091f  PORT1_IRQHandler               
0000091f  PORT2_IRQHandler               
0000091f  PORT3_IRQHandler               
0000091f  PORT4_IRQHandler               
0000091f  PORT5_IRQHandler               
0000091f  PORT6_IRQHandler               
0000091f  PSS_IRQHandler                 
0000091f  PendSV_Handler                 
0000091f  RTC_C_IRQHandler               
00000913  Reset_Handler                  
UNDEFED   SHT$$INIT_ARRAY$$Base          
UNDEFED   SHT$$INIT_ARRAY$$Limit         
0000091f  SVC_Handler                    
0000091f  SysTick_Handler                
20000018  SystemCoreClock                
000000e5  SystemCoreClockUpdate          
00000359  SystemInit                     
0000091f  T32_INT1_IRQHandler            
0000091f  T32_INT2_IRQHandler            
0000091f  T32_INTC_IRQHandler            
0000091f  TA0_0_IRQHandler               
0000091f  TA0_N_IRQHandler               
0000091f  TA1_0_IRQHandler               
0000091f  TA1_N_IRQHandler               
0000091f  TA2_0_IRQHandler               
0000091f  TA2_N_IRQHandler               
0000091f  TA3_0_IRQHandler               
0000091f  TA3_N_IRQHandler               
0000043d  UART_config                    
000004c7  UART_putchar                   
0000091f  UsageFault_Handler             
4000480c  WDTCTL_SYM                     
0000091f  WDT_A_IRQHandler               
20010000  __STACK_END                    
00000200  __STACK_SIZE                   
00000958  __TI_CINIT_Base                
00000960  __TI_CINIT_Limit               
00000950  __TI_Handler_Table_Base        
00000958  __TI_Handler_Table_Limit       
000006c9  __TI_auto_init                 
20000000  __TI_cleanup_ptr               
00000739  __TI_decompress_lzss           
00000905  __TI_decompress_none           
20000004  __TI_dtors_ptr                 
20000008  __TI_enable_exit_profile_output
ffffffff  __TI_pprof_out_hndl            
ffffffff  __TI_prof_data_size            
ffffffff  __TI_prof_data_start           
00000000  __TI_static_base__             
000005b1  __aeabi_memcpy                 
000005b1  __aeabi_memcpy4                
000005b1  __aeabi_memcpy8                
ffffffff  __binit__                      
ffffffff  __c_args__                     
00000925  __mpu_init                     
2000fe00  __stack                        
000008d9  _args_main                     
000007a1  _c_int00                       
2000000c  _lock                          
000008ff  _nop                           
000008f7  _register_lock                 
000008f1  _register_unlock               
00000927  _system_post_cinit             
00000921  _system_pre_init               
20000010  _unlock                        
000007f9  abort                          
ffffffff  binit                          
00000895  configure_clocks               
00000849  copy_in                        
00000801  exit                           
00000000  interruptVectors               
0000064d  main                           
20000014  main_func_sp                   
000005b1  memcpy                         
000004e3  uart_putchar_n                 


GLOBAL SYMBOLS: SORTED BY Symbol Address 

address   name                           
-------   ----                           
00000000  __TI_static_base__             
00000000  interruptVectors               
000000e5  SystemCoreClockUpdate          
00000200  __STACK_SIZE                   
00000359  SystemInit                     
0000043d  UART_config                    
000004c7  UART_putchar                   
000004e3  uart_putchar_n                 
00000529  EUSCIA0_IRQHandler             
00000529  EUSCIA0_IRQHandler             
000005b1  __aeabi_memcpy                 
000005b1  __aeabi_memcpy4                
000005b1  __aeabi_memcpy8                
000005b1  memcpy                         
0000064d  main                           
00000691  HSMCLK_OUT                     
000006c9  __TI_auto_init                 
00000739  __TI_decompress_lzss           
000007a1  _c_int00                       
000007f5  C$$EXIT                        
000007f9  abort                          
00000801  exit                           
00000849  copy_in                        
00000895  configure_clocks               
000008d9  _args_main                     
000008f1  _register_unlock               
000008f7  _register_lock                 
000008ff  _nop                           
00000905  __TI_decompress_none           
00000913  Reset_Handler                  
0000091f  ADC14_IRQHandler               
0000091f  AES256_IRQHandler              
0000091f  BusFault_Handler               
0000091f  COMP_E0_IRQHandler             
0000091f  COMP_E1_IRQHandler             
0000091f  CS_IRQHandler                  
0000091f  DMA_ERR_IRQHandler             
0000091f  DMA_INT0_IRQHandler            
0000091f  DMA_INT1_IRQHandler            
0000091f  DMA_INT2_IRQHandler            
0000091f  DMA_INT3_IRQHandler            
0000091f  DebugMon_Handler               
0000091f  Default_Handler                
0000091f  EUSCIA1_IRQHandler             
0000091f  EUSCIA2_IRQHandler             
0000091f  EUSCIA3_IRQHandler             
0000091f  EUSCIB0_IRQHandler             
0000091f  EUSCIB1_IRQHandler             
0000091f  EUSCIB2_IRQHandler             
0000091f  EUSCIB3_IRQHandler             
0000091f  FLCTL_IRQHandler               
0000091f  FPU_IRQHandler                 
0000091f  HardFault_Handler              
0000091f  MemManage_Handler              
0000091f  NMI_Handler                    
0000091f  PCM_IRQHandler                 
0000091f  PORT1_IRQHandler               
0000091f  PORT2_IRQHandler               
0000091f  PORT3_IRQHandler               
0000091f  PORT4_IRQHandler               
0000091f  PORT5_IRQHandler               
0000091f  PORT6_IRQHandler               
0000091f  PSS_IRQHandler                 
0000091f  PendSV_Handler                 
0000091f  RTC_C_IRQHandler               
0000091f  SVC_Handler                    
0000091f  SysTick_Handler                
0000091f  T32_INT1_IRQHandler            
0000091f  T32_INT2_IRQHandler            
0000091f  T32_INTC_IRQHandler            
0000091f  TA0_0_IRQHandler               
0000091f  TA0_N_IRQHandler               
0000091f  TA1_0_IRQHandler               
0000091f  TA1_N_IRQHandler               
0000091f  TA2_0_IRQHandler               
0000091f  TA2_N_IRQHandler               
0000091f  TA3_0_IRQHandler               
0000091f  TA3_N_IRQHandler               
0000091f  UsageFault_Handler             
0000091f  WDT_A_IRQHandler               
00000921  _system_pre_init               
00000925  __mpu_init                     
00000927  _system_post_cinit             
00000950  __TI_Handler_Table_Base        
00000958  __TI_CINIT_Base                
00000958  __TI_Handler_Table_Limit       
00000960  __TI_CINIT_Limit               
20000000  __TI_cleanup_ptr               
20000004  __TI_dtors_ptr                 
20000008  __TI_enable_exit_profile_output
2000000c  _lock                          
20000010  _unlock                        
20000014  main_func_sp                   
20000018  SystemCoreClock                
2000fe00  __stack                        
20010000  __STACK_END                    
4000480c  WDTCTL_SYM                     
ffffffff  __TI_pprof_out_hndl            
ffffffff  __TI_prof_data_size            
ffffffff  __TI_prof_data_start           
ffffffff  __binit__                      
ffffffff  __c_args__                     
ffffffff  binit                          
UNDEFED   SHT$$INIT_ARRAY$$Base          
UNDEFED   SHT$$INIT_ARRAY$$Limit         

[105 symbols]
