******************************************************************************
                  TI ARM Linker Unix v16.9.3                   
******************************************************************************
>> Linked Sun Oct  8 23:01:50 2017

OUTPUT FILE NAME:   <lab3_uart.out>
ENTRY POINT SYMBOL: "_c_int00"  address: 000026dd


MEMORY CONFIGURATION

         name            origin    length      used     unused   attr    fill
----------------------  --------  ---------  --------  --------  ----  --------
  MAIN                  00000000   00040000  000028f8  0003d708  R  X
  INFO                  00200000   00004000  00000000  00004000  R  X
  SRAM_CODE             01000000   00010000  00000654  0000f9ac  RW X
  SRAM_DATA             20000000   00010000  00000654  0000f9ac  RW  


SEGMENT ALLOCATION MAP

run origin  load origin   length   init length attrs members
----------  ----------- ---------- ----------- ----- -------
00000000    00000000    000028f8   000028f8    r-x
  00000000    00000000    000000e4   000000e4    r-- .intvecs
  000000e4    000000e4    0000279c   0000279c    r-x .text
  00002880    00002880    00000030   00000030    r-- .const
  000028b0    000028b0    00000048   00000048    r-- .cinit
20000000    20000000    00000454   00000000    rw-
  20000000    20000000    00000400   00000000    rw- .sysmem
  20000400    20000400    0000003c   00000000    rw- .data
  2000043c    2000043c    00000018   00000000    rw- .bss
2000fe00    2000fe00    00000200   00000000    rw-
  2000fe00    2000fe00    00000200   00000000    rw- .stack


SECTION ALLOCATION MAP

 output                                  attributes/
section   page    origin      length       input sections
--------  ----  ----------  ----------   ----------------
.intvecs   0    00000000    000000e4     
                  00000000    000000e4     startup_msp432p401r_ccs.obj (.intvecs:retain)

.text      0    000000e4    0000279c     
                  000000e4    000009ac     rtsv7M4_T_le_v4SPD16_eabi.lib : e_pow.obj (.text)
                  00000a90    00000408     main.obj (.text)
                  00000e98    000003d0     rtsv7M4_T_le_v4SPD16_eabi.lib : memory.obj (.text)
                  00001268    00000348     lab3.obj (.text)
                  000015b0    0000032c     system_msp432p401r.obj (.text)
                  000018dc    00000314     circ_buffer_basic.obj (.text)
                  00001bf0    000001b6     rtsv7M4_T_le_v4SPD16_eabi.lib : fd_add_t2.obj (.text)
                  00001da6    00000002                                   : mpu_init.obj (.text)
                  00001da8    00000198     uart.obj (.text)
                  00001f40    00000170     rtsv7M4_T_le_v4SPD16_eabi.lib : e_sqrt.obj (.text)
                  000020b0    00000136                                   : fd_div_t2.obj (.text)
                  000021e6    000000fc                                   : fd_mul_t2.obj (.text)
                  000022e2    00000002                                   : startup.obj (.text)
                  000022e4    000000fc                                   : s_scalbn.obj (.text)
                  000023e0    0000009c                                   : memcpy_t2.obj (.text)
                  0000247c    00000086                                   : fd_cmp_t2.obj (.text:__aeabi_cdcmple)
                  00002502    00000086                                   : fd_cmp_t2.obj (.text:__aeabi_cdrcmple)
                  00002588    0000007a                                   : memset_t2.obj (.text)
                  00002602    00000002     --HOLE-- [fill = 0]
                  00002604    00000070                                   : autoinit.obj (.text)
                  00002674    00000068                                   : copy_decompress_lzss.obj (.text:decompress:lzss)
                  000026dc    00000054                                   : boot.obj (.text)
                  00002730    00000054                                   : exit.obj (.text)
                  00002784    0000004c                                   : cpy_tbl.obj (.text)
                  000027d0    0000002e                                   : i_tofd_t2.obj (.text)
                  000027fe    00000002     --HOLE-- [fill = 0]
                  00002800    00000018                                   : args_main.obj (.text)
                  00002818    00000014                                   : _lock.obj (.text)
                  0000282c    00000014                                   : s_copysign.obj (.text)
                  00002840    00000014                                   : strlen.obj (.text)
                  00002854    0000000e                                   : copy_decompress_none.obj (.text:decompress:none)
                  00002862    0000000e     startup_msp432p401r_ccs.obj (.text)
                  00002870    0000000c     rtsv7M4_T_le_v4SPD16_eabi.lib : copy_zero_init.obj (.text:decompress:ZI)
                  0000287c    00000004                                   : pre_init.obj (.text)

.const     0    00002880    00000030     
                  00002880    00000030     rtsv7M4_T_le_v4SPD16_eabi.lib : e_pow.obj (.const:$O1$$)

.cinit     0    000028b0    00000048     
                  000028b0    00000024     (.cinit..data.load) [load image, compression = lzss]
                  000028d4    0000000c     (__TI_handler_table)
                  000028e0    00000008     (.cinit..bss.load) [load image, compression = zero_init]
                  000028e8    00000010     (__TI_cinit_table)

.init_array 
*          0    00000000    00000000     UNINITIALIZED

.binit     0    00000000    00000000     

.sysmem    0    20000000    00000400     UNINITIALIZED
                  20000000    00000008     rtsv7M4_T_le_v4SPD16_eabi.lib : memory.obj (.sysmem)
                  20000008    000003f8     --HOLE--

.data      0    20000400    0000003c     UNINITIALIZED
                  20000400    0000000c     rtsv7M4_T_le_v4SPD16_eabi.lib : exit.obj (.data:$O1$$)
                  2000040c    0000000c                                   : memory.obj (.data:$O1$$)
                  20000418    00000008                                   : _lock.obj (.data:$O1$$)
                  20000420    00000005     main.obj (.data:count)
                  20000425    00000003     --HOLE--
                  20000428    00000005     main.obj (.data)
                  2000042d    00000003     --HOLE--
                  20000430    00000004     rtsv7M4_T_le_v4SPD16_eabi.lib : errno.obj (.data)
                  20000434    00000004                                   : stkdepth_vars.obj (.data)
                  20000438    00000004     system_msp432p401r.obj (.data)

.bss       0    2000043c    00000018     UNINITIALIZED
                  2000043c    00000018     (.common:myBuffer)

.stack     0    2000fe00    00000200     UNINITIALIZED
                  2000fe00    00000200     --HOLE--

MODULE SUMMARY

       Module                        code    ro data   rw data
       ------                        ----    -------   -------
    ./
       main.obj                      1032    0         68     
       lab3.obj                      840     0         0      
       system_msp432p401r.obj        812     0         8      
       circ_buffer_basic.obj         788     0         0      
       uart.obj                      408     0         0      
       startup_msp432p401r_ccs.obj   14      228       0      
    +--+-----------------------------+-------+---------+---------+
       Total:                        3894    228       76     
                                                              
    /home/kk/ti/ccsv7/tools/compiler/ti-cgt-arm_16.9.3.LTS/lib/rtsv7M4_T_le_v4SPD16_eabi.lib
       e_pow.obj                     2476    48        0      
       memory.obj                    976     0         24     
       fd_add_t2.obj                 438     0         0      
       e_sqrt.obj                    368     0         0      
       fd_div_t2.obj                 310     0         0      
       fd_cmp_t2.obj                 268     0         0      
       fd_mul_t2.obj                 252     0         0      
       s_scalbn.obj                  252     0         0      
       memcpy_t2.obj                 156     0         0      
       memset_t2.obj                 122     0         0      
       autoinit.obj                  112     0         0      
       exit.obj                      84      0         24     
       copy_decompress_lzss.obj      104     0         0      
       boot.obj                      84      0         0      
       cpy_tbl.obj                   76      0         0      
       i_tofd_t2.obj                 46      0         0      
       _lock.obj                     20      0         16     
       args_main.obj                 24      0         0      
       s_copysign.obj                20      0         0      
       strlen.obj                    20      0         0      
       copy_decompress_none.obj      14      0         0      
       copy_zero_init.obj            12      0         0      
       errno.obj                     0       0         8      
       stkdepth_vars.obj             0       0         8      
       pre_init.obj                  4       0         0      
       mpu_init.obj                  2       0         0      
       startup.obj                   2       0         0      
    +--+-----------------------------+-------+---------+---------+
       Total:                        6242    48        80     
                                                              
       Heap:                         0       0         2048   
       Stack:                        0       0         1024   
       Linker Generated:             0       72        0      
    +--+-----------------------------+-------+---------+---------+
       Grand Total:                  10136   348       3228   


LINKER GENERATED COPY TABLES

__TI_cinit_table @ 000028e8 records: 2, size/record: 8, table size: 16
	.data: load addr=000028b0, load size=00000024 bytes, run addr=20000400, run size=0000003c bytes, compression=lzss
	.bss: load addr=000028e0, load size=00000008 bytes, run addr=2000043c, run size=00000018 bytes, compression=zero_init


LINKER GENERATED HANDLER TABLE

__TI_handler_table @ 000028d4 records: 3, size/record: 4, table size: 12
	index: 0, handler: __TI_decompress_lzss
	index: 1, handler: __TI_decompress_none
	index: 2, handler: __TI_zero_init


GLOBAL SYMBOLS: SORTED ALPHABETICALLY BY Name 

address   name                           
-------   ----                           
0000286f  ADC14_IRQHandler               
0000286f  AES256_IRQHandler              
0000286f  BusFault_Handler               
00002731  C$$EXIT                        
0000286f  COMP_E0_IRQHandler             
0000286f  COMP_E1_IRQHandler             
0000286f  CS_IRQHandler                  
2000042c  Calculate_Stats                
0000286f  DMA_ERR_IRQHandler             
0000286f  DMA_INT0_IRQHandler            
0000286f  DMA_INT1_IRQHandler            
0000286f  DMA_INT2_IRQHandler            
0000286f  DMA_INT3_IRQHandler            
0000286f  DebugMon_Handler               
0000286f  Default_Handler                
00001eb3  EUSCIA0_IRQHandler             
00001eb3  EUSCIA0_IRQHandler             
0000286f  EUSCIA1_IRQHandler             
0000286f  EUSCIA2_IRQHandler             
0000286f  EUSCIA3_IRQHandler             
0000286f  EUSCIB0_IRQHandler             
0000286f  EUSCIB1_IRQHandler             
0000286f  EUSCIB2_IRQHandler             
0000286f  EUSCIB3_IRQHandler             
0000286f  FLCTL_IRQHandler               
0000286f  FPU_IRQHandler                 
00000d99  HSMCLK_OUT                     
0000286f  HardFault_Handler              
0000286f  MemManage_Handler              
0000286f  NMI_Handler                    
0000286f  PCM_IRQHandler                 
00001377  PORT1_IRQHandler               
00001377  PORT1_IRQHandler               
0000286f  PORT2_IRQHandler               
0000286f  PORT3_IRQHandler               
0000286f  PORT4_IRQHandler               
0000286f  PORT5_IRQHandler               
0000286f  PORT6_IRQHandler               
0000286f  PSS_IRQHandler                 
0000286f  PendSV_Handler                 
0000286f  RTC_C_IRQHandler               
00002863  Reset_Handler                  
UNDEFED   SHT$$INIT_ARRAY$$Base          
UNDEFED   SHT$$INIT_ARRAY$$Limit         
0000286f  SVC_Handler                    
0000286f  SysTick_Handler                
20000438  SystemCoreClock                
000015b1  SystemCoreClockUpdate          
00001825  SystemInit                     
0000286f  T32_INT1_IRQHandler            
0000286f  T32_INT2_IRQHandler            
0000286f  T32_INTC_IRQHandler            
0000286f  TA0_0_IRQHandler               
0000286f  TA0_N_IRQHandler               
0000286f  TA1_0_IRQHandler               
0000286f  TA1_N_IRQHandler               
0000286f  TA2_0_IRQHandler               
0000286f  TA2_N_IRQHandler               
0000286f  TA3_0_IRQHandler               
0000286f  TA3_N_IRQHandler               
00001dd5  UART_config                    
00001e59  UART_putchar                   
0000286f  UsageFault_Handler             
4000480c  WDTCTL_SYM                     
0000286f  WDT_A_IRQHandler               
20010000  __STACK_END                    
00000200  __STACK_SIZE                   
00000400  __SYSMEM_SIZE                  
000028e8  __TI_CINIT_Base                
000028f8  __TI_CINIT_Limit               
000028d4  __TI_Handler_Table_Base        
000028e0  __TI_Handler_Table_Limit       
00002605  __TI_auto_init                 
20000400  __TI_cleanup_ptr               
00002675  __TI_decompress_lzss           
00002855  __TI_decompress_none           
20000404  __TI_dtors_ptr                 
20000408  __TI_enable_exit_profile_output
ffffffff  __TI_pprof_out_hndl            
ffffffff  __TI_prof_data_size            
ffffffff  __TI_prof_data_start           
00000000  __TI_static_base__             
00002871  __TI_zero_init                 
0000247d  __aeabi_cdcmpeq                
0000247d  __aeabi_cdcmple                
00002503  __aeabi_cdrcmple               
00001bfb  __aeabi_dadd                   
000020b1  __aeabi_ddiv                   
000021e7  __aeabi_dmul                   
00001bf1  __aeabi_dsub                   
000027d1  __aeabi_i2d                    
00002589  __aeabi_memclr                 
00002589  __aeabi_memclr4                
00002589  __aeabi_memclr8                
000023e1  __aeabi_memcpy                 
000023e1  __aeabi_memcpy4                
000023e1  __aeabi_memcpy8                
0000258b  __aeabi_memset                 
0000258b  __aeabi_memset4                
0000258b  __aeabi_memset8                
ffffffff  __binit__                      
ffffffff  __c_args__                     
00001da7  __mpu_init                     
2000fe00  __stack                        
00002801  _args_main                     
000026dd  _c_int00                       
20000418  _lock                          
00002827  _nop                           
0000281f  _register_lock                 
00002819  _register_unlock               
20000000  _sys_memory                    
000022e3  _system_post_cinit             
0000287d  _system_pre_init               
2000041c  _unlock                        
00002735  abort                          
0000192f  add_To_Buffer                  
ffffffff  binit                          
00001239  calloc                         
00001b65  clear_Buffer                   
00001295  configure_clocks               
000012cd  configure_ports                
00002785  copy_in                        
0000282d  copysign                       
0000282d  copysignl                      
20000420  count                          
00000db9  create_Test_Buffer             
00001ad5  currentSize                    
20000430  errno                          
0000273d  exit                           
00000f83  free                           
000014f3  ftoa                           
000018dd  initialize_Circ_Buffer         
00000000  interruptVectors               
00001abd  is_Circ_Buf_Empty              
00001a9d  is_Circ_Buf_Full               
00001489  itoa                           
000022e5  ldexp                          
000022e5  ldexpl                         
00000a91  main                           
20000434  main_func_sp                   
00000f19  malloc                         
0000114d  memalign                       
000023e1  memcpy                         
00002591  memset                         
00000e99  minit                          
2000043c  myBuffer                       
20000428  myBufferPTR                    
000000e5  pow                            
000000e5  powl                           
00001ae7  print                          
00001045  realloc                        
000019db  remove_From_Buffer             
000022e5  scalbn                         
000022e5  scalbnl                        
00001f41  sqrt                           
00001f41  sqrtl                          
00002841  strlen                         
00001e75  uart_putchar_n                 


GLOBAL SYMBOLS: SORTED BY Symbol Address 

address   name                           
-------   ----                           
00000000  __TI_static_base__             
00000000  interruptVectors               
000000e5  pow                            
000000e5  powl                           
00000200  __STACK_SIZE                   
00000400  __SYSMEM_SIZE                  
00000a91  main                           
00000d99  HSMCLK_OUT                     
00000db9  create_Test_Buffer             
00000e99  minit                          
00000f19  malloc                         
00000f83  free                           
00001045  realloc                        
0000114d  memalign                       
00001239  calloc                         
00001295  configure_clocks               
000012cd  configure_ports                
00001377  PORT1_IRQHandler               
00001377  PORT1_IRQHandler               
00001489  itoa                           
000014f3  ftoa                           
000015b1  SystemCoreClockUpdate          
00001825  SystemInit                     
000018dd  initialize_Circ_Buffer         
0000192f  add_To_Buffer                  
000019db  remove_From_Buffer             
00001a9d  is_Circ_Buf_Full               
00001abd  is_Circ_Buf_Empty              
00001ad5  currentSize                    
00001ae7  print                          
00001b65  clear_Buffer                   
00001bf1  __aeabi_dsub                   
00001bfb  __aeabi_dadd                   
00001da7  __mpu_init                     
00001dd5  UART_config                    
00001e59  UART_putchar                   
00001e75  uart_putchar_n                 
00001eb3  EUSCIA0_IRQHandler             
00001eb3  EUSCIA0_IRQHandler             
00001f41  sqrt                           
00001f41  sqrtl                          
000020b1  __aeabi_ddiv                   
000021e7  __aeabi_dmul                   
000022e3  _system_post_cinit             
000022e5  ldexp                          
000022e5  ldexpl                         
000022e5  scalbn                         
000022e5  scalbnl                        
000023e1  __aeabi_memcpy                 
000023e1  __aeabi_memcpy4                
000023e1  __aeabi_memcpy8                
000023e1  memcpy                         
0000247d  __aeabi_cdcmpeq                
0000247d  __aeabi_cdcmple                
00002503  __aeabi_cdrcmple               
00002589  __aeabi_memclr                 
00002589  __aeabi_memclr4                
00002589  __aeabi_memclr8                
0000258b  __aeabi_memset                 
0000258b  __aeabi_memset4                
0000258b  __aeabi_memset8                
00002591  memset                         
00002605  __TI_auto_init                 
00002675  __TI_decompress_lzss           
000026dd  _c_int00                       
00002731  C$$EXIT                        
00002735  abort                          
0000273d  exit                           
00002785  copy_in                        
000027d1  __aeabi_i2d                    
00002801  _args_main                     
00002819  _register_unlock               
0000281f  _register_lock                 
00002827  _nop                           
0000282d  copysign                       
0000282d  copysignl                      
00002841  strlen                         
00002855  __TI_decompress_none           
00002863  Reset_Handler                  
0000286f  ADC14_IRQHandler               
0000286f  AES256_IRQHandler              
0000286f  BusFault_Handler               
0000286f  COMP_E0_IRQHandler             
0000286f  COMP_E1_IRQHandler             
0000286f  CS_IRQHandler                  
0000286f  DMA_ERR_IRQHandler             
0000286f  DMA_INT0_IRQHandler            
0000286f  DMA_INT1_IRQHandler            
0000286f  DMA_INT2_IRQHandler            
0000286f  DMA_INT3_IRQHandler            
0000286f  DebugMon_Handler               
0000286f  Default_Handler                
0000286f  EUSCIA1_IRQHandler             
0000286f  EUSCIA2_IRQHandler             
0000286f  EUSCIA3_IRQHandler             
0000286f  EUSCIB0_IRQHandler             
0000286f  EUSCIB1_IRQHandler             
0000286f  EUSCIB2_IRQHandler             
0000286f  EUSCIB3_IRQHandler             
0000286f  FLCTL_IRQHandler               
0000286f  FPU_IRQHandler                 
0000286f  HardFault_Handler              
0000286f  MemManage_Handler              
0000286f  NMI_Handler                    
0000286f  PCM_IRQHandler                 
0000286f  PORT2_IRQHandler               
0000286f  PORT3_IRQHandler               
0000286f  PORT4_IRQHandler               
0000286f  PORT5_IRQHandler               
0000286f  PORT6_IRQHandler               
0000286f  PSS_IRQHandler                 
0000286f  PendSV_Handler                 
0000286f  RTC_C_IRQHandler               
0000286f  SVC_Handler                    
0000286f  SysTick_Handler                
0000286f  T32_INT1_IRQHandler            
0000286f  T32_INT2_IRQHandler            
0000286f  T32_INTC_IRQHandler            
0000286f  TA0_0_IRQHandler               
0000286f  TA0_N_IRQHandler               
0000286f  TA1_0_IRQHandler               
0000286f  TA1_N_IRQHandler               
0000286f  TA2_0_IRQHandler               
0000286f  TA2_N_IRQHandler               
0000286f  TA3_0_IRQHandler               
0000286f  TA3_N_IRQHandler               
0000286f  UsageFault_Handler             
0000286f  WDT_A_IRQHandler               
00002871  __TI_zero_init                 
0000287d  _system_pre_init               
000028d4  __TI_Handler_Table_Base        
000028e0  __TI_Handler_Table_Limit       
000028e8  __TI_CINIT_Base                
000028f8  __TI_CINIT_Limit               
20000000  _sys_memory                    
20000400  __TI_cleanup_ptr               
20000404  __TI_dtors_ptr                 
20000408  __TI_enable_exit_profile_output
20000418  _lock                          
2000041c  _unlock                        
20000420  count                          
20000428  myBufferPTR                    
2000042c  Calculate_Stats                
20000430  errno                          
20000434  main_func_sp                   
20000438  SystemCoreClock                
2000043c  myBuffer                       
2000fe00  __stack                        
20010000  __STACK_END                    
4000480c  WDTCTL_SYM                     
ffffffff  __TI_pprof_out_hndl            
ffffffff  __TI_prof_data_size            
ffffffff  __TI_prof_data_start           
ffffffff  __binit__                      
ffffffff  __c_args__                     
ffffffff  binit                          
UNDEFED   SHT$$INIT_ARRAY$$Base          
UNDEFED   SHT$$INIT_ARRAY$$Limit         

[158 symbols]
