******************************************************************************
                  TI ARM Linker Unix v16.9.3                   
******************************************************************************
>> Linked Sun Oct  8 21:29:36 2017

OUTPUT FILE NAME:   <lab3_uart.out>
ENTRY POINT SYMBOL: "_c_int00"  address: 000023e5


MEMORY CONFIGURATION

         name            origin    length      used     unused   attr    fill
----------------------  --------  ---------  --------  --------  ----  --------
  MAIN                  00000000   00040000  000025ec  0003da14  R  X
  INFO                  00200000   00004000  00000000  00004000  R  X
  SRAM_CODE             01000000   00010000  0000064c  0000f9b4  RW X
  SRAM_DATA             20000000   00010000  0000064c  0000f9b4  RW  


SEGMENT ALLOCATION MAP

run origin  load origin   length   init length attrs members
----------  ----------- ---------- ----------- ----- -------
00000000    00000000    000025f0   000025f0    r-x
  00000000    00000000    000000e4   000000e4    r-- .intvecs
  000000e4    000000e4    00002490   00002490    r-x .text
  00002578    00002578    00000030   00000030    r-- .const
  000025a8    000025a8    00000048   00000048    r-- .cinit
20000000    20000000    0000044c   00000000    rw-
  20000000    20000000    00000400   00000000    rw- .sysmem
  20000400    20000400    00000034   00000000    rw- .data
  20000434    20000434    00000018   00000000    rw- .bss
2000fe00    2000fe00    00000200   00000000    rw-
  2000fe00    2000fe00    00000200   00000000    rw- .stack


SECTION ALLOCATION MAP

 output                                  attributes/
section   page    origin      length       input sections
--------  ----  ----------  ----------   ----------------
.intvecs   0    00000000    000000e4     
                  00000000    000000e4     startup_msp432p401r_ccs.obj (.intvecs:retain)

.text      0    000000e4    00002490     
                  000000e4    000009ac     rtsv7M4_T_le_v4SPD16_eabi.lib : e_pow.obj (.text)
                  00000a90    000003d0                                   : memory.obj (.text)
                  00000e60    00000348     lab3.obj (.text)
                  000011a8    0000032c     system_msp432p401r.obj (.text)
                  000014d4    00000314     circ_buffer_basic.obj (.text)
                  000017e8    000001b6     rtsv7M4_T_le_v4SPD16_eabi.lib : fd_add_t2.obj (.text)
                  0000199e    00000002                                   : mpu_init.obj (.text)
                  000019a0    00000198     uart.obj (.text)
                  00001b38    00000170     rtsv7M4_T_le_v4SPD16_eabi.lib : e_sqrt.obj (.text)
                  00001ca8    00000136                                   : fd_div_t2.obj (.text)
                  00001dde    00000002                                   : startup.obj (.text)
                  00001de0    00000110     main.obj (.text)
                  00001ef0    000000fc     rtsv7M4_T_le_v4SPD16_eabi.lib : fd_mul_t2.obj (.text)
                  00001fec    000000fc                                   : s_scalbn.obj (.text)
                  000020e8    0000009c                                   : memcpy_t2.obj (.text)
                  00002184    00000086                                   : fd_cmp_t2.obj (.text:__aeabi_cdcmple)
                  0000220a    00000086                                   : fd_cmp_t2.obj (.text:__aeabi_cdrcmple)
                  00002290    0000007a                                   : memset_t2.obj (.text)
                  0000230a    00000002     --HOLE-- [fill = 0]
                  0000230c    00000070                                   : autoinit.obj (.text)
                  0000237c    00000068                                   : copy_decompress_lzss.obj (.text:decompress:lzss)
                  000023e4    00000054                                   : boot.obj (.text)
                  00002438    00000054                                   : exit.obj (.text)
                  0000248c    0000004c                                   : cpy_tbl.obj (.text)
                  000024d8    0000002e                                   : i_tofd_t2.obj (.text)
                  00002506    00000002     --HOLE-- [fill = 0]
                  00002508    00000018                                   : args_main.obj (.text)
                  00002520    00000014                                   : _lock.obj (.text)
                  00002534    00000014                                   : s_copysign.obj (.text)
                  00002548    0000000e                                   : copy_decompress_none.obj (.text:decompress:none)
                  00002556    0000000e     startup_msp432p401r_ccs.obj (.text)
                  00002564    0000000c     rtsv7M4_T_le_v4SPD16_eabi.lib : copy_zero_init.obj (.text:decompress:ZI)
                  00002570    00000004                                   : pre_init.obj (.text)

.const     0    00002578    00000030     
                  00002578    00000030     rtsv7M4_T_le_v4SPD16_eabi.lib : e_pow.obj (.const:$O1$$)

.cinit     0    000025a8    00000048     
                  000025a8    00000022     (.cinit..data.load) [load image, compression = lzss]
                  000025ca    00000002     --HOLE-- [fill = 0]
                  000025cc    0000000c     (__TI_handler_table)
                  000025d8    00000008     (.cinit..bss.load) [load image, compression = zero_init]
                  000025e0    00000010     (__TI_cinit_table)

.init_array 
*          0    00000000    00000000     UNINITIALIZED

.binit     0    00000000    00000000     

.sysmem    0    20000000    00000400     UNINITIALIZED
                  20000000    00000008     rtsv7M4_T_le_v4SPD16_eabi.lib : memory.obj (.sysmem)
                  20000008    000003f8     --HOLE--

.data      0    20000400    00000034     UNINITIALIZED
                  20000400    0000000c     rtsv7M4_T_le_v4SPD16_eabi.lib : exit.obj (.data:$O1$$)
                  2000040c    0000000c                                   : memory.obj (.data:$O1$$)
                  20000418    00000008                                   : _lock.obj (.data:$O1$$)
                  20000420    00000005     main.obj (.data)
                  20000425    00000003     --HOLE--
                  20000428    00000004     rtsv7M4_T_le_v4SPD16_eabi.lib : errno.obj (.data)
                  2000042c    00000004                                   : stkdepth_vars.obj (.data)
                  20000430    00000004     system_msp432p401r.obj (.data)

.bss       0    20000434    00000018     UNINITIALIZED
                  20000434    00000018     (.common:myBuffer)

.stack     0    2000fe00    00000200     UNINITIALIZED
                  2000fe00    00000200     --HOLE--

MODULE SUMMARY

       Module                        code   ro data   rw data
       ------                        ----   -------   -------
    ./
       lab3.obj                      840    0         0      
       system_msp432p401r.obj        812    0         8      
       circ_buffer_basic.obj         788    0         0      
       uart.obj                      408    0         0      
       main.obj                      272    0         58     
       startup_msp432p401r_ccs.obj   14     228       0      
    +--+-----------------------------+------+---------+---------+
       Total:                        3134   228       66     
                                                             
    /home/kk/ti/ccsv7/tools/compiler/ti-cgt-arm_16.9.3.LTS/lib/rtsv7M4_T_le_v4SPD16_eabi.lib
       e_pow.obj                     2476   48        0      
       memory.obj                    976    0         24     
       fd_add_t2.obj                 438    0         0      
       e_sqrt.obj                    368    0         0      
       fd_div_t2.obj                 310    0         0      
       fd_cmp_t2.obj                 268    0         0      
       fd_mul_t2.obj                 252    0         0      
       s_scalbn.obj                  252    0         0      
       memcpy_t2.obj                 156    0         0      
       memset_t2.obj                 122    0         0      
       autoinit.obj                  112    0         0      
       exit.obj                      84     0         24     
       copy_decompress_lzss.obj      104    0         0      
       boot.obj                      84     0         0      
       cpy_tbl.obj                   76     0         0      
       i_tofd_t2.obj                 46     0         0      
       _lock.obj                     20     0         16     
       args_main.obj                 24     0         0      
       s_copysign.obj                20     0         0      
       copy_decompress_none.obj      14     0         0      
       copy_zero_init.obj            12     0         0      
       errno.obj                     0      0         8      
       stkdepth_vars.obj             0      0         8      
       pre_init.obj                  4      0         0      
       mpu_init.obj                  2      0         0      
       startup.obj                   2      0         0      
    +--+-----------------------------+------+---------+---------+
       Total:                        6222   48        80     
                                                             
       Heap:                         0      0         2048   
       Stack:                        0      0         1024   
       Linker Generated:             0      70        0      
    +--+-----------------------------+------+---------+---------+
       Grand Total:                  9356   346       3218   


LINKER GENERATED COPY TABLES

__TI_cinit_table @ 000025e0 records: 2, size/record: 8, table size: 16
	.data: load addr=000025a8, load size=00000022 bytes, run addr=20000400, run size=00000034 bytes, compression=lzss
	.bss: load addr=000025d8, load size=00000008 bytes, run addr=20000434, run size=00000018 bytes, compression=zero_init


LINKER GENERATED HANDLER TABLE

__TI_handler_table @ 000025cc records: 3, size/record: 4, table size: 12
	index: 0, handler: __TI_decompress_lzss
	index: 1, handler: __TI_decompress_none
	index: 2, handler: __TI_zero_init


GLOBAL SYMBOLS: SORTED ALPHABETICALLY BY Name 

address   name                           
-------   ----                           
00002563  ADC14_IRQHandler               
00002563  AES256_IRQHandler              
00002563  BusFault_Handler               
00002439  C$$EXIT                        
00002563  COMP_E0_IRQHandler             
00002563  COMP_E1_IRQHandler             
00002563  CS_IRQHandler                  
20000424  Calculate_Stats                
00002563  DMA_ERR_IRQHandler             
00002563  DMA_INT0_IRQHandler            
00002563  DMA_INT1_IRQHandler            
00002563  DMA_INT2_IRQHandler            
00002563  DMA_INT3_IRQHandler            
00002563  DebugMon_Handler               
00002563  Default_Handler                
00001aab  EUSCIA0_IRQHandler             
00001aab  EUSCIA0_IRQHandler             
00002563  EUSCIA1_IRQHandler             
00002563  EUSCIA2_IRQHandler             
00002563  EUSCIA3_IRQHandler             
00002563  EUSCIB0_IRQHandler             
00002563  EUSCIB1_IRQHandler             
00002563  EUSCIB2_IRQHandler             
00002563  EUSCIB3_IRQHandler             
00002563  FLCTL_IRQHandler               
00002563  FPU_IRQHandler                 
00001e75  HSMCLK_OUT                     
00002563  HardFault_Handler              
00002563  MemManage_Handler              
00002563  NMI_Handler                    
00002563  PCM_IRQHandler                 
00000f6f  PORT1_IRQHandler               
00000f6f  PORT1_IRQHandler               
00002563  PORT2_IRQHandler               
00002563  PORT3_IRQHandler               
00002563  PORT4_IRQHandler               
00002563  PORT5_IRQHandler               
00002563  PORT6_IRQHandler               
00002563  PSS_IRQHandler                 
00002563  PendSV_Handler                 
00002563  RTC_C_IRQHandler               
00002557  Reset_Handler                  
UNDEFED   SHT$$INIT_ARRAY$$Base          
UNDEFED   SHT$$INIT_ARRAY$$Limit         
00002563  SVC_Handler                    
00002563  SysTick_Handler                
20000430  SystemCoreClock                
000011a9  SystemCoreClockUpdate          
0000141d  SystemInit                     
00002563  T32_INT1_IRQHandler            
00002563  T32_INT2_IRQHandler            
00002563  T32_INTC_IRQHandler            
00002563  TA0_0_IRQHandler               
00002563  TA0_N_IRQHandler               
00002563  TA1_0_IRQHandler               
00002563  TA1_N_IRQHandler               
00002563  TA2_0_IRQHandler               
00002563  TA2_N_IRQHandler               
00002563  TA3_0_IRQHandler               
00002563  TA3_N_IRQHandler               
000019cd  UART_config                    
00001a51  UART_putchar                   
00002563  UsageFault_Handler             
4000480c  WDTCTL_SYM                     
00002563  WDT_A_IRQHandler               
20010000  __STACK_END                    
00000200  __STACK_SIZE                   
00000400  __SYSMEM_SIZE                  
000025e0  __TI_CINIT_Base                
000025f0  __TI_CINIT_Limit               
000025cc  __TI_Handler_Table_Base        
000025d8  __TI_Handler_Table_Limit       
0000230d  __TI_auto_init                 
20000400  __TI_cleanup_ptr               
0000237d  __TI_decompress_lzss           
00002549  __TI_decompress_none           
20000404  __TI_dtors_ptr                 
20000408  __TI_enable_exit_profile_output
ffffffff  __TI_pprof_out_hndl            
ffffffff  __TI_prof_data_size            
ffffffff  __TI_prof_data_start           
00000000  __TI_static_base__             
00002565  __TI_zero_init                 
00002185  __aeabi_cdcmpeq                
00002185  __aeabi_cdcmple                
0000220b  __aeabi_cdrcmple               
000017f3  __aeabi_dadd                   
00001ca9  __aeabi_ddiv                   
00001ef1  __aeabi_dmul                   
000017e9  __aeabi_dsub                   
000024d9  __aeabi_i2d                    
00002291  __aeabi_memclr                 
00002291  __aeabi_memclr4                
00002291  __aeabi_memclr8                
000020e9  __aeabi_memcpy                 
000020e9  __aeabi_memcpy4                
000020e9  __aeabi_memcpy8                
00002293  __aeabi_memset                 
00002293  __aeabi_memset4                
00002293  __aeabi_memset8                
ffffffff  __binit__                      
ffffffff  __c_args__                     
0000199f  __mpu_init                     
2000fe00  __stack                        
00002509  _args_main                     
000023e5  _c_int00                       
20000418  _lock                          
0000252f  _nop                           
00002527  _register_lock                 
00002521  _register_unlock               
20000000  _sys_memory                    
00001ddf  _system_post_cinit             
00002571  _system_pre_init               
2000041c  _unlock                        
0000243d  abort                          
00001527  add_To_Buffer                  
ffffffff  binit                          
00000e31  calloc                         
0000175d  clear_Buffer                   
00000e8d  configure_clocks               
00000ec5  configure_ports                
0000248d  copy_in                        
00002535  copysign                       
00002535  copysignl                      
00001e95  create_Test_Buffer             
000016cd  currentSize                    
20000428  errno                          
00002445  exit                           
00000b7b  free                           
000010eb  ftoa                           
000014d5  initialize_Circ_Buffer         
00000000  interruptVectors               
000016b5  is_Circ_Buf_Empty              
00001695  is_Circ_Buf_Full               
00001081  itoa                           
00001fed  ldexp                          
00001fed  ldexpl                         
00001de1  main                           
2000042c  main_func_sp                   
00000b11  malloc                         
00000d45  memalign                       
000020e9  memcpy                         
00002299  memset                         
00000a91  minit                          
20000434  myBuffer                       
20000420  myBufferPTR                    
000000e5  pow                            
000000e5  powl                           
000016df  print                          
00000c3d  realloc                        
000015d3  remove_From_Buffer             
00001fed  scalbn                         
00001fed  scalbnl                        
00001b39  sqrt                           
00001b39  sqrtl                          
00001a6d  uart_putchar_n                 


GLOBAL SYMBOLS: SORTED BY Symbol Address 

address   name                           
-------   ----                           
00000000  __TI_static_base__             
00000000  interruptVectors               
000000e5  pow                            
000000e5  powl                           
00000200  __STACK_SIZE                   
00000400  __SYSMEM_SIZE                  
00000a91  minit                          
00000b11  malloc                         
00000b7b  free                           
00000c3d  realloc                        
00000d45  memalign                       
00000e31  calloc                         
00000e8d  configure_clocks               
00000ec5  configure_ports                
00000f6f  PORT1_IRQHandler               
00000f6f  PORT1_IRQHandler               
00001081  itoa                           
000010eb  ftoa                           
000011a9  SystemCoreClockUpdate          
0000141d  SystemInit                     
000014d5  initialize_Circ_Buffer         
00001527  add_To_Buffer                  
000015d3  remove_From_Buffer             
00001695  is_Circ_Buf_Full               
000016b5  is_Circ_Buf_Empty              
000016cd  currentSize                    
000016df  print                          
0000175d  clear_Buffer                   
000017e9  __aeabi_dsub                   
000017f3  __aeabi_dadd                   
0000199f  __mpu_init                     
000019cd  UART_config                    
00001a51  UART_putchar                   
00001a6d  uart_putchar_n                 
00001aab  EUSCIA0_IRQHandler             
00001aab  EUSCIA0_IRQHandler             
00001b39  sqrt                           
00001b39  sqrtl                          
00001ca9  __aeabi_ddiv                   
00001ddf  _system_post_cinit             
00001de1  main                           
00001e75  HSMCLK_OUT                     
00001e95  create_Test_Buffer             
00001ef1  __aeabi_dmul                   
00001fed  ldexp                          
00001fed  ldexpl                         
00001fed  scalbn                         
00001fed  scalbnl                        
000020e9  __aeabi_memcpy                 
000020e9  __aeabi_memcpy4                
000020e9  __aeabi_memcpy8                
000020e9  memcpy                         
00002185  __aeabi_cdcmpeq                
00002185  __aeabi_cdcmple                
0000220b  __aeabi_cdrcmple               
00002291  __aeabi_memclr                 
00002291  __aeabi_memclr4                
00002291  __aeabi_memclr8                
00002293  __aeabi_memset                 
00002293  __aeabi_memset4                
00002293  __aeabi_memset8                
00002299  memset                         
0000230d  __TI_auto_init                 
0000237d  __TI_decompress_lzss           
000023e5  _c_int00                       
00002439  C$$EXIT                        
0000243d  abort                          
00002445  exit                           
0000248d  copy_in                        
000024d9  __aeabi_i2d                    
00002509  _args_main                     
00002521  _register_unlock               
00002527  _register_lock                 
0000252f  _nop                           
00002535  copysign                       
00002535  copysignl                      
00002549  __TI_decompress_none           
00002557  Reset_Handler                  
00002563  ADC14_IRQHandler               
00002563  AES256_IRQHandler              
00002563  BusFault_Handler               
00002563  COMP_E0_IRQHandler             
00002563  COMP_E1_IRQHandler             
00002563  CS_IRQHandler                  
00002563  DMA_ERR_IRQHandler             
00002563  DMA_INT0_IRQHandler            
00002563  DMA_INT1_IRQHandler            
00002563  DMA_INT2_IRQHandler            
00002563  DMA_INT3_IRQHandler            
00002563  DebugMon_Handler               
00002563  Default_Handler                
00002563  EUSCIA1_IRQHandler             
00002563  EUSCIA2_IRQHandler             
00002563  EUSCIA3_IRQHandler             
00002563  EUSCIB0_IRQHandler             
00002563  EUSCIB1_IRQHandler             
00002563  EUSCIB2_IRQHandler             
00002563  EUSCIB3_IRQHandler             
00002563  FLCTL_IRQHandler               
00002563  FPU_IRQHandler                 
00002563  HardFault_Handler              
00002563  MemManage_Handler              
00002563  NMI_Handler                    
00002563  PCM_IRQHandler                 
00002563  PORT2_IRQHandler               
00002563  PORT3_IRQHandler               
00002563  PORT4_IRQHandler               
00002563  PORT5_IRQHandler               
00002563  PORT6_IRQHandler               
00002563  PSS_IRQHandler                 
00002563  PendSV_Handler                 
00002563  RTC_C_IRQHandler               
00002563  SVC_Handler                    
00002563  SysTick_Handler                
00002563  T32_INT1_IRQHandler            
00002563  T32_INT2_IRQHandler            
00002563  T32_INTC_IRQHandler            
00002563  TA0_0_IRQHandler               
00002563  TA0_N_IRQHandler               
00002563  TA1_0_IRQHandler               
00002563  TA1_N_IRQHandler               
00002563  TA2_0_IRQHandler               
00002563  TA2_N_IRQHandler               
00002563  TA3_0_IRQHandler               
00002563  TA3_N_IRQHandler               
00002563  UsageFault_Handler             
00002563  WDT_A_IRQHandler               
00002565  __TI_zero_init                 
00002571  _system_pre_init               
000025cc  __TI_Handler_Table_Base        
000025d8  __TI_Handler_Table_Limit       
000025e0  __TI_CINIT_Base                
000025f0  __TI_CINIT_Limit               
20000000  _sys_memory                    
20000400  __TI_cleanup_ptr               
20000404  __TI_dtors_ptr                 
20000408  __TI_enable_exit_profile_output
20000418  _lock                          
2000041c  _unlock                        
20000420  myBufferPTR                    
20000424  Calculate_Stats                
20000428  errno                          
2000042c  main_func_sp                   
20000430  SystemCoreClock                
20000434  myBuffer                       
2000fe00  __stack                        
20010000  __STACK_END                    
4000480c  WDTCTL_SYM                     
ffffffff  __TI_pprof_out_hndl            
ffffffff  __TI_prof_data_size            
ffffffff  __TI_prof_data_start           
ffffffff  __binit__                      
ffffffff  __c_args__                     
ffffffff  binit                          
UNDEFED   SHT$$INIT_ARRAY$$Base          
UNDEFED   SHT$$INIT_ARRAY$$Limit         

[156 symbols]
