******************************************************************************
                  TI ARM Linker Unix v16.9.3                   
******************************************************************************
>> Linked Sun Oct  8 11:20:51 2017

OUTPUT FILE NAME:   <lab3_uart.out>
ENTRY POINT SYMBOL: "_c_int00"  address: 00000e2d


MEMORY CONFIGURATION

         name            origin    length      used     unused   attr    fill
----------------------  --------  ---------  --------  --------  ----  --------
  MAIN                  00000000   00040000  00001006  0003effa  R  X
  INFO                  00200000   00004000  00000000  00004000  R  X
  SRAM_CODE             01000000   00010000  00000648  0000f9b8  RW X
  SRAM_DATA             20000000   00010000  00000648  0000f9b8  RW  


SEGMENT ALLOCATION MAP

run origin  load origin   length   init length attrs members
----------  ----------- ---------- ----------- ----- -------
00000000    00000000    00001008   00001008    r-x
  00000000    00000000    000000e4   000000e4    r-- .intvecs
  000000e4    000000e4    00000eda   00000eda    r-x .text
  00000fc0    00000fc0    00000048   00000048    r-- .cinit
20000000    20000000    00000448   00000000    rw-
  20000000    20000000    00000400   00000000    rw- .sysmem
  20000400    20000400    00000030   00000000    rw- .data
  20000430    20000430    00000018   00000000    rw- .bss
2000fe00    2000fe00    00000200   00000000    rw-
  2000fe00    2000fe00    00000200   00000000    rw- .stack


SECTION ALLOCATION MAP

 output                                  attributes/
section   page    origin      length       input sections
--------  ----  ----------  ----------   ----------------
.intvecs   0    00000000    000000e4     
                  00000000    000000e4     startup_msp432p401r_ccs.obj (.intvecs:retain)

.text      0    000000e4    00000eda     
                  000000e4    000003d0     rtsv7M4_T_le_v4SPD16_eabi.lib : memory.obj (.text)
                  000004b4    0000032c     system_msp432p401r.obj (.text)
                  000007e0    000001fc     circ_buffer_basic.obj (.text)
                  000009dc    000001b0     uart.obj (.text)
                  00000b8c    000000b0     main.obj (.text)
                  00000c3c    0000009c     rtsv7M4_T_le_v4SPD16_eabi.lib : memcpy_t2.obj (.text)
                  00000cd8    0000007a                                   : memset_t2.obj (.text)
                  00000d52    00000002                                   : mpu_init.obj (.text)
                  00000d54    00000070                                   : autoinit.obj (.text)
                  00000dc4    00000068                                   : copy_decompress_lzss.obj (.text:decompress:lzss)
                  00000e2c    00000054                                   : boot.obj (.text)
                  00000e80    00000054                                   : exit.obj (.text)
                  00000ed4    0000004c                                   : cpy_tbl.obj (.text)
                  00000f20    00000044     lab3.obj (.text)
                  00000f64    00000018     rtsv7M4_T_le_v4SPD16_eabi.lib : args_main.obj (.text)
                  00000f7c    00000014                                   : _lock.obj (.text)
                  00000f90    0000000e                                   : copy_decompress_none.obj (.text:decompress:none)
                  00000f9e    0000000e     startup_msp432p401r_ccs.obj (.text)
                  00000fac    0000000c     rtsv7M4_T_le_v4SPD16_eabi.lib : copy_zero_init.obj (.text:decompress:ZI)
                  00000fb8    00000004                                   : pre_init.obj (.text)
                  00000fbc    00000002                                   : startup.obj (.text)

.cinit     0    00000fc0    00000048     
                  00000fc0    00000020     (.cinit..data.load) [load image, compression = lzss]
                  00000fe0    0000000c     (__TI_handler_table)
                  00000fec    00000004     --HOLE-- [fill = 0]
                  00000ff0    00000008     (.cinit..bss.load) [load image, compression = zero_init]
                  00000ff8    00000010     (__TI_cinit_table)

.init_array 
*          0    00000000    00000000     UNINITIALIZED

.binit     0    00000000    00000000     

.sysmem    0    20000000    00000400     UNINITIALIZED
                  20000000    00000008     rtsv7M4_T_le_v4SPD16_eabi.lib : memory.obj (.sysmem)
                  20000008    000003f8     --HOLE--

.data      0    20000400    00000030     UNINITIALIZED
                  20000400    0000000c     rtsv7M4_T_le_v4SPD16_eabi.lib : exit.obj (.data:$O1$$)
                  2000040c    0000000c                                   : memory.obj (.data:$O1$$)
                  20000418    00000008                                   : _lock.obj (.data:$O1$$)
                  20000420    00000005     main.obj (.data)
                  20000425    00000003     --HOLE--
                  20000428    00000004     rtsv7M4_T_le_v4SPD16_eabi.lib : stkdepth_vars.obj (.data)
                  2000042c    00000004     system_msp432p401r.obj (.data)

.bss       0    20000430    00000018     UNINITIALIZED
                  20000430    00000018     (.common:myBuffer)

.stack     0    2000fe00    00000200     UNINITIALIZED
                  2000fe00    00000200     --HOLE--

MODULE SUMMARY

       Module                        code   ro data   rw data
       ------                        ----   -------   -------
    ./
       system_msp432p401r.obj        812    0         8      
       circ_buffer_basic.obj         508    0         0      
       uart.obj                      432    0         0      
       startup_msp432p401r_ccs.obj   14     228       0      
       main.obj                      176    0         58     
       lab3.obj                      68     0         0      
    +--+-----------------------------+------+---------+---------+
       Total:                        2010   228       66     
                                                             
    /home/kk/ti/ccsv7/tools/compiler/ti-cgt-arm_16.9.3.LTS/lib/rtsv7M4_T_le_v4SPD16_eabi.lib
       memory.obj                    976    0         24     
       memcpy_t2.obj                 156    0         0      
       memset_t2.obj                 122    0         0      
       autoinit.obj                  112    0         0      
       exit.obj                      84     0         24     
       copy_decompress_lzss.obj      104    0         0      
       boot.obj                      84     0         0      
       cpy_tbl.obj                   76     0         0      
       _lock.obj                     20     0         16     
       args_main.obj                 24     0         0      
       copy_decompress_none.obj      14     0         0      
       copy_zero_init.obj            12     0         0      
       stkdepth_vars.obj             0      0         8      
       pre_init.obj                  4      0         0      
       mpu_init.obj                  2      0         0      
       startup.obj                   2      0         0      
    +--+-----------------------------+------+---------+---------+
       Total:                        1792   0         72     
                                                             
       Heap:                         0      0         2048   
       Stack:                        0      0         1024   
       Linker Generated:             0      68        0      
    +--+-----------------------------+------+---------+---------+
       Grand Total:                  3802   296       3210   


LINKER GENERATED COPY TABLES

__TI_cinit_table @ 00000ff8 records: 2, size/record: 8, table size: 16
	.data: load addr=00000fc0, load size=00000020 bytes, run addr=20000400, run size=00000030 bytes, compression=lzss
	.bss: load addr=00000ff0, load size=00000008 bytes, run addr=20000430, run size=00000018 bytes, compression=zero_init


LINKER GENERATED HANDLER TABLE

__TI_handler_table @ 00000fe0 records: 3, size/record: 4, table size: 12
	index: 0, handler: __TI_decompress_lzss
	index: 1, handler: __TI_decompress_none
	index: 2, handler: __TI_zero_init


GLOBAL SYMBOLS: SORTED ALPHABETICALLY BY Name 

address   name                           
-------   ----                           
00000fab  ADC14_IRQHandler               
00000fab  AES256_IRQHandler              
00000fab  BusFault_Handler               
00000e81  C$$EXIT                        
00000fab  COMP_E0_IRQHandler             
00000fab  COMP_E1_IRQHandler             
00000fab  CS_IRQHandler                  
20000424  Calculate_Stats                
00000fab  DMA_ERR_IRQHandler             
00000fab  DMA_INT0_IRQHandler            
00000fab  DMA_INT1_IRQHandler            
00000fab  DMA_INT2_IRQHandler            
00000fab  DMA_INT3_IRQHandler            
00000fab  DebugMon_Handler               
00000fab  Default_Handler                
00000af5  EUSCIA0_IRQHandler             
00000af5  EUSCIA0_IRQHandler             
00000fab  EUSCIA1_IRQHandler             
00000fab  EUSCIA2_IRQHandler             
00000fab  EUSCIA3_IRQHandler             
00000fab  EUSCIB0_IRQHandler             
00000fab  EUSCIB1_IRQHandler             
00000fab  EUSCIB2_IRQHandler             
00000fab  EUSCIB3_IRQHandler             
00000fab  FLCTL_IRQHandler               
00000fab  FPU_IRQHandler                 
00000bf7  HSMCLK_OUT                     
00000fab  HardFault_Handler              
00000fab  MemManage_Handler              
00000fab  NMI_Handler                    
00000fab  PCM_IRQHandler                 
00000fab  PORT1_IRQHandler               
00000fab  PORT2_IRQHandler               
00000fab  PORT3_IRQHandler               
00000fab  PORT4_IRQHandler               
00000fab  PORT5_IRQHandler               
00000fab  PORT6_IRQHandler               
00000fab  PSS_IRQHandler                 
00000fab  PendSV_Handler                 
00000fab  RTC_C_IRQHandler               
00000f9f  Reset_Handler                  
UNDEFED   SHT$$INIT_ARRAY$$Base          
UNDEFED   SHT$$INIT_ARRAY$$Limit         
00000fab  SVC_Handler                    
00000fab  SysTick_Handler                
2000042c  SystemCoreClock                
000004b5  SystemCoreClockUpdate          
00000729  SystemInit                     
00000fab  T32_INT1_IRQHandler            
00000fab  T32_INT2_IRQHandler            
00000fab  T32_INTC_IRQHandler            
00000fab  TA0_0_IRQHandler               
00000fab  TA0_N_IRQHandler               
00000fab  TA1_0_IRQHandler               
00000fab  TA1_N_IRQHandler               
00000fab  TA2_0_IRQHandler               
00000fab  TA2_N_IRQHandler               
00000fab  TA3_0_IRQHandler               
00000fab  TA3_N_IRQHandler               
00000a09  UART_config                    
00000a93  UART_putchar                   
00000fab  UsageFault_Handler             
4000480c  WDTCTL_SYM                     
00000fab  WDT_A_IRQHandler               
20010000  __STACK_END                    
00000200  __STACK_SIZE                   
00000400  __SYSMEM_SIZE                  
00000ff8  __TI_CINIT_Base                
00001008  __TI_CINIT_Limit               
00000fe0  __TI_Handler_Table_Base        
00000fec  __TI_Handler_Table_Limit       
00000d55  __TI_auto_init                 
20000400  __TI_cleanup_ptr               
00000dc5  __TI_decompress_lzss           
00000f91  __TI_decompress_none           
20000404  __TI_dtors_ptr                 
20000408  __TI_enable_exit_profile_output
ffffffff  __TI_pprof_out_hndl            
ffffffff  __TI_prof_data_size            
ffffffff  __TI_prof_data_start           
00000000  __TI_static_base__             
00000fad  __TI_zero_init                 
00000cd9  __aeabi_memclr                 
00000cd9  __aeabi_memclr4                
00000cd9  __aeabi_memclr8                
00000c3d  __aeabi_memcpy                 
00000c3d  __aeabi_memcpy4                
00000c3d  __aeabi_memcpy8                
00000cdb  __aeabi_memset                 
00000cdb  __aeabi_memset4                
00000cdb  __aeabi_memset8                
ffffffff  __binit__                      
ffffffff  __c_args__                     
00000d53  __mpu_init                     
2000fe00  __stack                        
00000f65  _args_main                     
00000e2d  _c_int00                       
20000418  _lock                          
00000f8b  _nop                           
00000f83  _register_lock                 
00000f7d  _register_unlock               
20000000  _sys_memory                    
00000fbd  _system_post_cinit             
00000fb9  _system_pre_init               
2000041c  _unlock                        
00000e85  abort                          
00000833  add_To_Buffer                  
ffffffff  binit                          
00000485  calloc                         
00000f21  configure_clocks               
00000ed5  copy_in                        
00000e8d  exit                           
000001cf  free                           
000007e1  initialize_Circ_Buffer         
00000000  interruptVectors               
000009bf  is_Circ_Buf_Empty              
0000099f  is_Circ_Buf_Full               
00000b8d  main                           
20000428  main_func_sp                   
00000165  malloc                         
00000399  memalign                       
00000c3d  memcpy                         
00000ce1  memset                         
000000e5  minit                          
20000430  myBuffer                       
20000420  myBufferPTR                    
00000291  realloc                        
000008dd  remove_From_Buffer             
00000aaf  uart_putchar_n                 


GLOBAL SYMBOLS: SORTED BY Symbol Address 

address   name                           
-------   ----                           
00000000  __TI_static_base__             
00000000  interruptVectors               
000000e5  minit                          
00000165  malloc                         
000001cf  free                           
00000200  __STACK_SIZE                   
00000291  realloc                        
00000399  memalign                       
00000400  __SYSMEM_SIZE                  
00000485  calloc                         
000004b5  SystemCoreClockUpdate          
00000729  SystemInit                     
000007e1  initialize_Circ_Buffer         
00000833  add_To_Buffer                  
000008dd  remove_From_Buffer             
0000099f  is_Circ_Buf_Full               
000009bf  is_Circ_Buf_Empty              
00000a09  UART_config                    
00000a93  UART_putchar                   
00000aaf  uart_putchar_n                 
00000af5  EUSCIA0_IRQHandler             
00000af5  EUSCIA0_IRQHandler             
00000b8d  main                           
00000bf7  HSMCLK_OUT                     
00000c3d  __aeabi_memcpy                 
00000c3d  __aeabi_memcpy4                
00000c3d  __aeabi_memcpy8                
00000c3d  memcpy                         
00000cd9  __aeabi_memclr                 
00000cd9  __aeabi_memclr4                
00000cd9  __aeabi_memclr8                
00000cdb  __aeabi_memset                 
00000cdb  __aeabi_memset4                
00000cdb  __aeabi_memset8                
00000ce1  memset                         
00000d53  __mpu_init                     
00000d55  __TI_auto_init                 
00000dc5  __TI_decompress_lzss           
00000e2d  _c_int00                       
00000e81  C$$EXIT                        
00000e85  abort                          
00000e8d  exit                           
00000ed5  copy_in                        
00000f21  configure_clocks               
00000f65  _args_main                     
00000f7d  _register_unlock               
00000f83  _register_lock                 
00000f8b  _nop                           
00000f91  __TI_decompress_none           
00000f9f  Reset_Handler                  
00000fab  ADC14_IRQHandler               
00000fab  AES256_IRQHandler              
00000fab  BusFault_Handler               
00000fab  COMP_E0_IRQHandler             
00000fab  COMP_E1_IRQHandler             
00000fab  CS_IRQHandler                  
00000fab  DMA_ERR_IRQHandler             
00000fab  DMA_INT0_IRQHandler            
00000fab  DMA_INT1_IRQHandler            
00000fab  DMA_INT2_IRQHandler            
00000fab  DMA_INT3_IRQHandler            
00000fab  DebugMon_Handler               
00000fab  Default_Handler                
00000fab  EUSCIA1_IRQHandler             
00000fab  EUSCIA2_IRQHandler             
00000fab  EUSCIA3_IRQHandler             
00000fab  EUSCIB0_IRQHandler             
00000fab  EUSCIB1_IRQHandler             
00000fab  EUSCIB2_IRQHandler             
00000fab  EUSCIB3_IRQHandler             
00000fab  FLCTL_IRQHandler               
00000fab  FPU_IRQHandler                 
00000fab  HardFault_Handler              
00000fab  MemManage_Handler              
00000fab  NMI_Handler                    
00000fab  PCM_IRQHandler                 
00000fab  PORT1_IRQHandler               
00000fab  PORT2_IRQHandler               
00000fab  PORT3_IRQHandler               
00000fab  PORT4_IRQHandler               
00000fab  PORT5_IRQHandler               
00000fab  PORT6_IRQHandler               
00000fab  PSS_IRQHandler                 
00000fab  PendSV_Handler                 
00000fab  RTC_C_IRQHandler               
00000fab  SVC_Handler                    
00000fab  SysTick_Handler                
00000fab  T32_INT1_IRQHandler            
00000fab  T32_INT2_IRQHandler            
00000fab  T32_INTC_IRQHandler            
00000fab  TA0_0_IRQHandler               
00000fab  TA0_N_IRQHandler               
00000fab  TA1_0_IRQHandler               
00000fab  TA1_N_IRQHandler               
00000fab  TA2_0_IRQHandler               
00000fab  TA2_N_IRQHandler               
00000fab  TA3_0_IRQHandler               
00000fab  TA3_N_IRQHandler               
00000fab  UsageFault_Handler             
00000fab  WDT_A_IRQHandler               
00000fad  __TI_zero_init                 
00000fb9  _system_pre_init               
00000fbd  _system_post_cinit             
00000fe0  __TI_Handler_Table_Base        
00000fec  __TI_Handler_Table_Limit       
00000ff8  __TI_CINIT_Base                
00001008  __TI_CINIT_Limit               
20000000  _sys_memory                    
20000400  __TI_cleanup_ptr               
20000404  __TI_dtors_ptr                 
20000408  __TI_enable_exit_profile_output
20000418  _lock                          
2000041c  _unlock                        
20000420  myBufferPTR                    
20000424  Calculate_Stats                
20000428  main_func_sp                   
2000042c  SystemCoreClock                
20000430  myBuffer                       
2000fe00  __stack                        
20010000  __STACK_END                    
4000480c  WDTCTL_SYM                     
ffffffff  __TI_pprof_out_hndl            
ffffffff  __TI_prof_data_size            
ffffffff  __TI_prof_data_start           
ffffffff  __binit__                      
ffffffff  __c_args__                     
ffffffff  binit                          
UNDEFED   SHT$$INIT_ARRAY$$Base          
UNDEFED   SHT$$INIT_ARRAY$$Limit         

[129 symbols]
