******************************************************************************
                  TI ARM Linker Unix v16.9.3                   
******************************************************************************
>> Linked Wed Sep 27 20:18:54 2017

OUTPUT FILE NAME:   <lab3_uart.out>
ENTRY POINT SYMBOL: "_c_int00"  address: 00000669


MEMORY CONFIGURATION

         name            origin    length      used     unused   attr    fill
----------------------  --------  ---------  --------  --------  ----  --------
  MAIN                  00000000   00040000  00000818  0003f7e8  R  X
  INFO                  00200000   00004000  00000000  00004000  R  X
  SRAM_CODE             01000000   00010000  0000021c  0000fde4  RW X
  SRAM_DATA             20000000   00010000  0000021c  0000fde4  RW  


SEGMENT ALLOCATION MAP

run origin  load origin   length   init length attrs members
----------  ----------- ---------- ----------- ----- -------
00000000    00000000    00000818   00000818    r-x
  00000000    00000000    000000e4   000000e4    r-- .intvecs
  000000e4    000000e4    0000070c   0000070c    r-x .text
  000007f0    000007f0    00000028   00000028    r-- .cinit
20000000    20000000    0000001c   00000000    rw-
  20000000    20000000    0000001c   00000000    rw- .data
2000fe00    2000fe00    00000200   00000000    rw-
  2000fe00    2000fe00    00000200   00000000    rw- .stack


SECTION ALLOCATION MAP

 output                                  attributes/
section   page    origin      length       input sections
--------  ----  ----------  ----------   ----------------
.intvecs   0    00000000    000000e4     
                  00000000    000000e4     startup_msp432p401r_ccs.obj (.intvecs:retain)

.text      0    000000e4    0000070c     
                  000000e4    0000032c     system_msp432p401r.obj (.text)
                  00000410    0000009c     rtsv7M4_T_le_v4SPD16_eabi.lib : memcpy_t2.obj (.text)
                  000004ac    00000080     uart.obj (.text)
                  0000052c    00000070     rtsv7M4_T_le_v4SPD16_eabi.lib : autoinit.obj (.text)
                  0000059c    00000068                                   : copy_decompress_lzss.obj (.text:decompress:lzss)
                  00000604    00000064     main.obj (.text)
                  00000668    00000054     rtsv7M4_T_le_v4SPD16_eabi.lib : boot.obj (.text)
                  000006bc    00000054                                   : exit.obj (.text)
                  00000710    0000004c                                   : cpy_tbl.obj (.text)
                  0000075c    00000044     lab3.obj (.text)
                  000007a0    00000018     rtsv7M4_T_le_v4SPD16_eabi.lib : args_main.obj (.text)
                  000007b8    00000014                                   : _lock.obj (.text)
                  000007cc    0000000e                                   : copy_decompress_none.obj (.text:decompress:none)
                  000007da    0000000e     startup_msp432p401r_ccs.obj (.text)
                  000007e8    00000004     rtsv7M4_T_le_v4SPD16_eabi.lib : pre_init.obj (.text)
                  000007ec    00000002                                   : mpu_init.obj (.text)
                  000007ee    00000002                                   : startup.obj (.text)

.cinit     0    000007f0    00000028     
                  000007f0    00000015     (.cinit..data.load) [load image, compression = lzss]
                  00000805    00000003     --HOLE-- [fill = 0]
                  00000808    00000008     (__TI_handler_table)
                  00000810    00000008     (__TI_cinit_table)

.init_array 
*          0    00000000    00000000     UNINITIALIZED

.binit     0    00000000    00000000     

.data      0    20000000    0000001c     UNINITIALIZED
                  20000000    0000000c     rtsv7M4_T_le_v4SPD16_eabi.lib : exit.obj (.data:$O1$$)
                  2000000c    00000008                                   : _lock.obj (.data:$O1$$)
                  20000014    00000004                                   : stkdepth_vars.obj (.data)
                  20000018    00000004     system_msp432p401r.obj (.data)

.stack     0    2000fe00    00000200     UNINITIALIZED
                  2000fe00    00000200     --HOLE--

MODULE SUMMARY

       Module                        code   ro data   rw data
       ------                        ----   -------   -------
    ./
       system_msp432p401r.obj        812    0         8      
       startup_msp432p401r_ccs.obj   14     228       0      
       uart.obj                      128    0         0      
       main.obj                      100    0         0      
       lab3.obj                      68     0         0      
    +--+-----------------------------+------+---------+---------+
       Total:                        1122   228       8      
                                                             
    /home/kk/ti/ccsv7/tools/compiler/ti-cgt-arm_16.9.3.LTS/lib/rtsv7M4_T_le_v4SPD16_eabi.lib
       memcpy_t2.obj                 156    0         0      
       autoinit.obj                  112    0         0      
       exit.obj                      84     0         24     
       copy_decompress_lzss.obj      104    0         0      
       boot.obj                      84     0         0      
       cpy_tbl.obj                   76     0         0      
       _lock.obj                     20     0         16     
       args_main.obj                 24     0         0      
       copy_decompress_none.obj      14     0         0      
       stkdepth_vars.obj             0      0         8      
       pre_init.obj                  4      0         0      
       mpu_init.obj                  2      0         0      
       startup.obj                   2      0         0      
    +--+-----------------------------+------+---------+---------+
       Total:                        682    0         48     
                                                             
       Stack:                        0      0         1024   
       Linker Generated:             0      37        0      
    +--+-----------------------------+------+---------+---------+
       Grand Total:                  1804   265       1080   


LINKER GENERATED COPY TABLES

__TI_cinit_table @ 00000810 records: 1, size/record: 8, table size: 8
	.data: load addr=000007f0, load size=00000015 bytes, run addr=20000000, run size=0000001c bytes, compression=lzss


LINKER GENERATED HANDLER TABLE

__TI_handler_table @ 00000808 records: 2, size/record: 4, table size: 8
	index: 0, handler: __TI_decompress_lzss
	index: 1, handler: __TI_decompress_none


GLOBAL SYMBOLS: SORTED ALPHABETICALLY BY Name 

address   name                           
-------   ----                           
000007e7  ADC14_IRQHandler               
000007e7  AES256_IRQHandler              
000007e7  BusFault_Handler               
000006bd  C$$EXIT                        
000007e7  COMP_E0_IRQHandler             
000007e7  COMP_E1_IRQHandler             
000007e7  CS_IRQHandler                  
000007e7  DMA_ERR_IRQHandler             
000007e7  DMA_INT0_IRQHandler            
000007e7  DMA_INT1_IRQHandler            
000007e7  DMA_INT2_IRQHandler            
000007e7  DMA_INT3_IRQHandler            
000007e7  DebugMon_Handler               
000007e7  Default_Handler                
000007e7  EUSCIA0_IRQHandler             
000007e7  EUSCIA1_IRQHandler             
000007e7  EUSCIA2_IRQHandler             
000007e7  EUSCIA3_IRQHandler             
000007e7  EUSCIB0_IRQHandler             
000007e7  EUSCIB1_IRQHandler             
000007e7  EUSCIB2_IRQHandler             
000007e7  EUSCIB3_IRQHandler             
000007e7  FLCTL_IRQHandler               
000007e7  FPU_IRQHandler                 
00000637  HSMCLK_OUT                     
000007e7  HardFault_Handler              
000007e7  MemManage_Handler              
000007e7  NMI_Handler                    
000007e7  PCM_IRQHandler                 
000007e7  PORT1_IRQHandler               
000007e7  PORT2_IRQHandler               
000007e7  PORT3_IRQHandler               
000007e7  PORT4_IRQHandler               
000007e7  PORT5_IRQHandler               
000007e7  PORT6_IRQHandler               
000007e7  PSS_IRQHandler                 
000007e7  PendSV_Handler                 
000007e7  RTC_C_IRQHandler               
000007db  Reset_Handler                  
UNDEFED   SHT$$INIT_ARRAY$$Base          
UNDEFED   SHT$$INIT_ARRAY$$Limit         
000007e7  SVC_Handler                    
000007e7  SysTick_Handler                
20000018  SystemCoreClock                
000000e5  SystemCoreClockUpdate          
00000359  SystemInit                     
000007e7  T32_INT1_IRQHandler            
000007e7  T32_INT2_IRQHandler            
000007e7  T32_INTC_IRQHandler            
000007e7  TA0_0_IRQHandler               
000007e7  TA0_N_IRQHandler               
000007e7  TA1_0_IRQHandler               
000007e7  TA1_N_IRQHandler               
000007e7  TA2_0_IRQHandler               
000007e7  TA2_N_IRQHandler               
000007e7  TA3_0_IRQHandler               
000007e7  TA3_N_IRQHandler               
000004ad  UART_config                    
00000503  UART_putchar                   
000007e7  UsageFault_Handler             
4000480c  WDTCTL_SYM                     
000007e7  WDT_A_IRQHandler               
20010000  __STACK_END                    
00000200  __STACK_SIZE                   
00000810  __TI_CINIT_Base                
00000818  __TI_CINIT_Limit               
00000808  __TI_Handler_Table_Base        
00000810  __TI_Handler_Table_Limit       
0000052d  __TI_auto_init                 
20000000  __TI_cleanup_ptr               
0000059d  __TI_decompress_lzss           
000007cd  __TI_decompress_none           
20000004  __TI_dtors_ptr                 
20000008  __TI_enable_exit_profile_output
ffffffff  __TI_pprof_out_hndl            
ffffffff  __TI_prof_data_size            
ffffffff  __TI_prof_data_start           
00000000  __TI_static_base__             
00000411  __aeabi_memcpy                 
00000411  __aeabi_memcpy4                
00000411  __aeabi_memcpy8                
ffffffff  __binit__                      
ffffffff  __c_args__                     
000007ed  __mpu_init                     
2000fe00  __stack                        
000007a1  _args_main                     
00000669  _c_int00                       
2000000c  _lock                          
000007c7  _nop                           
000007bf  _register_lock                 
000007b9  _register_unlock               
000007ef  _system_post_cinit             
000007e9  _system_pre_init               
20000010  _unlock                        
000006c1  abort                          
ffffffff  binit                          
0000075d  configure_clocks               
00000711  copy_in                        
000006c9  exit                           
00000000  interruptVectors               
00000605  main                           
20000014  main_func_sp                   
00000411  memcpy                         


GLOBAL SYMBOLS: SORTED BY Symbol Address 

address   name                           
-------   ----                           
00000000  __TI_static_base__             
00000000  interruptVectors               
000000e5  SystemCoreClockUpdate          
00000200  __STACK_SIZE                   
00000359  SystemInit                     
00000411  __aeabi_memcpy                 
00000411  __aeabi_memcpy4                
00000411  __aeabi_memcpy8                
00000411  memcpy                         
000004ad  UART_config                    
00000503  UART_putchar                   
0000052d  __TI_auto_init                 
0000059d  __TI_decompress_lzss           
00000605  main                           
00000637  HSMCLK_OUT                     
00000669  _c_int00                       
000006bd  C$$EXIT                        
000006c1  abort                          
000006c9  exit                           
00000711  copy_in                        
0000075d  configure_clocks               
000007a1  _args_main                     
000007b9  _register_unlock               
000007bf  _register_lock                 
000007c7  _nop                           
000007cd  __TI_decompress_none           
000007db  Reset_Handler                  
000007e7  ADC14_IRQHandler               
000007e7  AES256_IRQHandler              
000007e7  BusFault_Handler               
000007e7  COMP_E0_IRQHandler             
000007e7  COMP_E1_IRQHandler             
000007e7  CS_IRQHandler                  
000007e7  DMA_ERR_IRQHandler             
000007e7  DMA_INT0_IRQHandler            
000007e7  DMA_INT1_IRQHandler            
000007e7  DMA_INT2_IRQHandler            
000007e7  DMA_INT3_IRQHandler            
000007e7  DebugMon_Handler               
000007e7  Default_Handler                
000007e7  EUSCIA0_IRQHandler             
000007e7  EUSCIA1_IRQHandler             
000007e7  EUSCIA2_IRQHandler             
000007e7  EUSCIA3_IRQHandler             
000007e7  EUSCIB0_IRQHandler             
000007e7  EUSCIB1_IRQHandler             
000007e7  EUSCIB2_IRQHandler             
000007e7  EUSCIB3_IRQHandler             
000007e7  FLCTL_IRQHandler               
000007e7  FPU_IRQHandler                 
000007e7  HardFault_Handler              
000007e7  MemManage_Handler              
000007e7  NMI_Handler                    
000007e7  PCM_IRQHandler                 
000007e7  PORT1_IRQHandler               
000007e7  PORT2_IRQHandler               
000007e7  PORT3_IRQHandler               
000007e7  PORT4_IRQHandler               
000007e7  PORT5_IRQHandler               
000007e7  PORT6_IRQHandler               
000007e7  PSS_IRQHandler                 
000007e7  PendSV_Handler                 
000007e7  RTC_C_IRQHandler               
000007e7  SVC_Handler                    
000007e7  SysTick_Handler                
000007e7  T32_INT1_IRQHandler            
000007e7  T32_INT2_IRQHandler            
000007e7  T32_INTC_IRQHandler            
000007e7  TA0_0_IRQHandler               
000007e7  TA0_N_IRQHandler               
000007e7  TA1_0_IRQHandler               
000007e7  TA1_N_IRQHandler               
000007e7  TA2_0_IRQHandler               
000007e7  TA2_N_IRQHandler               
000007e7  TA3_0_IRQHandler               
000007e7  TA3_N_IRQHandler               
000007e7  UsageFault_Handler             
000007e7  WDT_A_IRQHandler               
000007e9  _system_pre_init               
000007ed  __mpu_init                     
000007ef  _system_post_cinit             
00000808  __TI_Handler_Table_Base        
00000810  __TI_CINIT_Base                
00000810  __TI_Handler_Table_Limit       
00000818  __TI_CINIT_Limit               
20000000  __TI_cleanup_ptr               
20000004  __TI_dtors_ptr                 
20000008  __TI_enable_exit_profile_output
2000000c  _lock                          
20000010  _unlock                        
20000014  main_func_sp                   
20000018  SystemCoreClock                
2000fe00  __stack                        
20010000  __STACK_END                    
4000480c  WDTCTL_SYM                     
ffffffff  __TI_pprof_out_hndl            
ffffffff  __TI_prof_data_size            
ffffffff  __TI_prof_data_start           
ffffffff  __binit__                      
ffffffff  __c_args__                     
ffffffff  binit                          
UNDEFED   SHT$$INIT_ARRAY$$Base          
UNDEFED   SHT$$INIT_ARRAY$$Limit         

[103 symbols]
