******************************************************************************
                  TI ARM Linker Unix v16.9.3                   
******************************************************************************
>> Linked Mon Oct  2 19:05:39 2017

OUTPUT FILE NAME:   <lab3_uart.out>
ENTRY POINT SYMBOL: "_c_int00"  address: 00000789


MEMORY CONFIGURATION

         name            origin    length      used     unused   attr    fill
----------------------  --------  ---------  --------  --------  ----  --------
  MAIN                  00000000   00040000  00000947  0003f6b9  R  X
  INFO                  00200000   00004000  00000000  00004000  R  X
  SRAM_CODE             01000000   00010000  0000022c  0000fdd4  RW X
  SRAM_DATA             20000000   00010000  0000022c  0000fdd4  RW  


SEGMENT ALLOCATION MAP

run origin  load origin   length   init length attrs members
----------  ----------- ---------- ----------- ----- -------
00000000    00000000    0000094c   0000094c    r-x
  00000000    00000000    000000e4   000000e4    r-- .intvecs
  000000e4    000000e4    0000082c   0000082c    r-x .text
  00000910    00000910    00000003   00000003    r-- .const
  00000918    00000918    00000034   00000034    r-- .cinit
20000000    20000000    0000002c   00000000    rw-
  20000000    20000000    0000002c   00000000    rw- .data
2000fe00    2000fe00    00000200   00000000    rw-
  2000fe00    2000fe00    00000200   00000000    rw- .stack


SECTION ALLOCATION MAP

 output                                  attributes/
section   page    origin      length       input sections
--------  ----  ----------  ----------   ----------------
.intvecs   0    00000000    000000e4     
                  00000000    000000e4     startup_msp432p401r_ccs.obj (.intvecs:retain)

.text      0    000000e4    0000082c     
                  000000e4    0000032c     system_msp432p401r.obj (.text)
                  00000410    000001a0     uart.obj (.text)
                  000005b0    0000009c     rtsv7M4_T_le_v4SPD16_eabi.lib : memcpy_t2.obj (.text)
                  0000064c    00000070                                   : autoinit.obj (.text)
                  000006bc    00000068                                   : copy_decompress_lzss.obj (.text:decompress:lzss)
                  00000724    00000064     main.obj (.text)
                  00000788    00000054     rtsv7M4_T_le_v4SPD16_eabi.lib : boot.obj (.text)
                  000007dc    00000054                                   : exit.obj (.text)
                  00000830    0000004c                                   : cpy_tbl.obj (.text)
                  0000087c    00000044     lab3.obj (.text)
                  000008c0    00000018     rtsv7M4_T_le_v4SPD16_eabi.lib : args_main.obj (.text)
                  000008d8    00000014                                   : _lock.obj (.text)
                  000008ec    0000000e                                   : copy_decompress_none.obj (.text:decompress:none)
                  000008fa    0000000e     startup_msp432p401r_ccs.obj (.text)
                  00000908    00000004     rtsv7M4_T_le_v4SPD16_eabi.lib : pre_init.obj (.text)
                  0000090c    00000002                                   : mpu_init.obj (.text)
                  0000090e    00000002                                   : startup.obj (.text)

.const     0    00000910    00000003     
                  00000910    00000003     main.obj (.const:.string:$P$T0$1)

.cinit     0    00000918    00000034     
                  00000918    00000024     (.cinit..data.load) [load image, compression = lzss]
                  0000093c    00000008     (__TI_handler_table)
                  00000944    00000008     (__TI_cinit_table)

.init_array 
*          0    00000000    00000000     UNINITIALIZED

.binit     0    00000000    00000000     

.data      0    20000000    0000002c     UNINITIALIZED
                  20000000    0000000d     main.obj (.data:mySentence)
                  2000000d    00000003     --HOLE--
                  20000010    0000000c     rtsv7M4_T_le_v4SPD16_eabi.lib : exit.obj (.data:$O1$$)
                  2000001c    00000008                                   : _lock.obj (.data:$O1$$)
                  20000024    00000004                                   : stkdepth_vars.obj (.data)
                  20000028    00000004     system_msp432p401r.obj (.data)

.stack     0    2000fe00    00000200     UNINITIALIZED
                  2000fe00    00000200     --HOLE--

MODULE SUMMARY

       Module                        code   ro data   rw data
       ------                        ----   -------   -------
    ./
       system_msp432p401r.obj        812    0         8      
       uart.obj                      416    0         0      
       startup_msp432p401r_ccs.obj   14     228       0      
       main.obj                      100    3         26     
       lab3.obj                      68     0         0      
    +--+-----------------------------+------+---------+---------+
       Total:                        1410   231       34     
                                                             
    /home/kk/ti/ccsv7/tools/compiler/ti-cgt-arm_16.9.3.LTS/lib/rtsv7M4_T_le_v4SPD16_eabi.lib
       memcpy_t2.obj                 156    0         0      
       autoinit.obj                  112    0         0      
       exit.obj                      84     0         24     
       copy_decompress_lzss.obj      104    0         0      
       boot.obj                      84     0         0      
       cpy_tbl.obj                   76     0         0      
       _lock.obj                     20     0         16     
       args_main.obj                 24     0         0      
       copy_decompress_none.obj      14     0         0      
       stkdepth_vars.obj             0      0         8      
       pre_init.obj                  4      0         0      
       mpu_init.obj                  2      0         0      
       startup.obj                   2      0         0      
    +--+-----------------------------+------+---------+---------+
       Total:                        682    0         48     
                                                             
       Stack:                        0      0         1024   
       Linker Generated:             0      52        0      
    +--+-----------------------------+------+---------+---------+
       Grand Total:                  2092   283       1106   


LINKER GENERATED COPY TABLES

__TI_cinit_table @ 00000944 records: 1, size/record: 8, table size: 8
	.data: load addr=00000918, load size=00000024 bytes, run addr=20000000, run size=0000002c bytes, compression=lzss


LINKER GENERATED HANDLER TABLE

__TI_handler_table @ 0000093c records: 2, size/record: 4, table size: 8
	index: 0, handler: __TI_decompress_lzss
	index: 1, handler: __TI_decompress_none


GLOBAL SYMBOLS: SORTED ALPHABETICALLY BY Name 

address   name                           
-------   ----                           
00000907  ADC14_IRQHandler               
00000907  AES256_IRQHandler              
00000907  BusFault_Handler               
000007dd  C$$EXIT                        
00000907  COMP_E0_IRQHandler             
00000907  COMP_E1_IRQHandler             
00000907  CS_IRQHandler                  
00000907  DMA_ERR_IRQHandler             
00000907  DMA_INT0_IRQHandler            
00000907  DMA_INT1_IRQHandler            
00000907  DMA_INT2_IRQHandler            
00000907  DMA_INT3_IRQHandler            
00000907  DebugMon_Handler               
00000907  Default_Handler                
00000529  EUSCIA0_IRQHandler             
00000529  EUSCIA0_IRQHandler             
00000907  EUSCIA1_IRQHandler             
00000907  EUSCIA2_IRQHandler             
00000907  EUSCIA3_IRQHandler             
00000907  EUSCIB0_IRQHandler             
00000907  EUSCIB1_IRQHandler             
00000907  EUSCIB2_IRQHandler             
00000907  EUSCIB3_IRQHandler             
00000907  FLCTL_IRQHandler               
00000907  FPU_IRQHandler                 
0000074f  HSMCLK_OUT                     
00000907  HardFault_Handler              
00000907  MemManage_Handler              
00000907  NMI_Handler                    
00000907  PCM_IRQHandler                 
00000907  PORT1_IRQHandler               
00000907  PORT2_IRQHandler               
00000907  PORT3_IRQHandler               
00000907  PORT4_IRQHandler               
00000907  PORT5_IRQHandler               
00000907  PORT6_IRQHandler               
00000907  PSS_IRQHandler                 
00000907  PendSV_Handler                 
00000907  RTC_C_IRQHandler               
000008fb  Reset_Handler                  
UNDEFED   SHT$$INIT_ARRAY$$Base          
UNDEFED   SHT$$INIT_ARRAY$$Limit         
00000907  SVC_Handler                    
00000907  SysTick_Handler                
20000028  SystemCoreClock                
000000e5  SystemCoreClockUpdate          
00000359  SystemInit                     
00000907  T32_INT1_IRQHandler            
00000907  T32_INT2_IRQHandler            
00000907  T32_INTC_IRQHandler            
00000907  TA0_0_IRQHandler               
00000907  TA0_N_IRQHandler               
00000907  TA1_0_IRQHandler               
00000907  TA1_N_IRQHandler               
00000907  TA2_0_IRQHandler               
00000907  TA2_N_IRQHandler               
00000907  TA3_0_IRQHandler               
00000907  TA3_N_IRQHandler               
0000043d  UART_config                    
000004c7  UART_putchar                   
00000907  UsageFault_Handler             
4000480c  WDTCTL_SYM                     
00000907  WDT_A_IRQHandler               
20010000  __STACK_END                    
00000200  __STACK_SIZE                   
00000944  __TI_CINIT_Base                
0000094c  __TI_CINIT_Limit               
0000093c  __TI_Handler_Table_Base        
00000944  __TI_Handler_Table_Limit       
0000064d  __TI_auto_init                 
20000010  __TI_cleanup_ptr               
000006bd  __TI_decompress_lzss           
000008ed  __TI_decompress_none           
20000014  __TI_dtors_ptr                 
20000018  __TI_enable_exit_profile_output
ffffffff  __TI_pprof_out_hndl            
ffffffff  __TI_prof_data_size            
ffffffff  __TI_prof_data_start           
00000000  __TI_static_base__             
000005b1  __aeabi_memcpy                 
000005b1  __aeabi_memcpy4                
000005b1  __aeabi_memcpy8                
ffffffff  __binit__                      
ffffffff  __c_args__                     
0000090d  __mpu_init                     
2000fe00  __stack                        
000008c1  _args_main                     
00000789  _c_int00                       
2000001c  _lock                          
000008e7  _nop                           
000008df  _register_lock                 
000008d9  _register_unlock               
0000090f  _system_post_cinit             
00000909  _system_pre_init               
20000020  _unlock                        
000007e1  abort                          
ffffffff  binit                          
0000087d  configure_clocks               
00000831  copy_in                        
000007e9  exit                           
00000000  interruptVectors               
00000725  main                           
20000024  main_func_sp                   
000005b1  memcpy                         
20000000  mySentence                     
000004e3  uart_putchar_n                 


GLOBAL SYMBOLS: SORTED BY Symbol Address 

address   name                           
-------   ----                           
00000000  __TI_static_base__             
00000000  interruptVectors               
000000e5  SystemCoreClockUpdate          
00000200  __STACK_SIZE                   
00000359  SystemInit                     
0000043d  UART_config                    
000004c7  UART_putchar                   
000004e3  uart_putchar_n                 
00000529  EUSCIA0_IRQHandler             
00000529  EUSCIA0_IRQHandler             
000005b1  __aeabi_memcpy                 
000005b1  __aeabi_memcpy4                
000005b1  __aeabi_memcpy8                
000005b1  memcpy                         
0000064d  __TI_auto_init                 
000006bd  __TI_decompress_lzss           
00000725  main                           
0000074f  HSMCLK_OUT                     
00000789  _c_int00                       
000007dd  C$$EXIT                        
000007e1  abort                          
000007e9  exit                           
00000831  copy_in                        
0000087d  configure_clocks               
000008c1  _args_main                     
000008d9  _register_unlock               
000008df  _register_lock                 
000008e7  _nop                           
000008ed  __TI_decompress_none           
000008fb  Reset_Handler                  
00000907  ADC14_IRQHandler               
00000907  AES256_IRQHandler              
00000907  BusFault_Handler               
00000907  COMP_E0_IRQHandler             
00000907  COMP_E1_IRQHandler             
00000907  CS_IRQHandler                  
00000907  DMA_ERR_IRQHandler             
00000907  DMA_INT0_IRQHandler            
00000907  DMA_INT1_IRQHandler            
00000907  DMA_INT2_IRQHandler            
00000907  DMA_INT3_IRQHandler            
00000907  DebugMon_Handler               
00000907  Default_Handler                
00000907  EUSCIA1_IRQHandler             
00000907  EUSCIA2_IRQHandler             
00000907  EUSCIA3_IRQHandler             
00000907  EUSCIB0_IRQHandler             
00000907  EUSCIB1_IRQHandler             
00000907  EUSCIB2_IRQHandler             
00000907  EUSCIB3_IRQHandler             
00000907  FLCTL_IRQHandler               
00000907  FPU_IRQHandler                 
00000907  HardFault_Handler              
00000907  MemManage_Handler              
00000907  NMI_Handler                    
00000907  PCM_IRQHandler                 
00000907  PORT1_IRQHandler               
00000907  PORT2_IRQHandler               
00000907  PORT3_IRQHandler               
00000907  PORT4_IRQHandler               
00000907  PORT5_IRQHandler               
00000907  PORT6_IRQHandler               
00000907  PSS_IRQHandler                 
00000907  PendSV_Handler                 
00000907  RTC_C_IRQHandler               
00000907  SVC_Handler                    
00000907  SysTick_Handler                
00000907  T32_INT1_IRQHandler            
00000907  T32_INT2_IRQHandler            
00000907  T32_INTC_IRQHandler            
00000907  TA0_0_IRQHandler               
00000907  TA0_N_IRQHandler               
00000907  TA1_0_IRQHandler               
00000907  TA1_N_IRQHandler               
00000907  TA2_0_IRQHandler               
00000907  TA2_N_IRQHandler               
00000907  TA3_0_IRQHandler               
00000907  TA3_N_IRQHandler               
00000907  UsageFault_Handler             
00000907  WDT_A_IRQHandler               
00000909  _system_pre_init               
0000090d  __mpu_init                     
0000090f  _system_post_cinit             
0000093c  __TI_Handler_Table_Base        
00000944  __TI_CINIT_Base                
00000944  __TI_Handler_Table_Limit       
0000094c  __TI_CINIT_Limit               
20000000  mySentence                     
20000010  __TI_cleanup_ptr               
20000014  __TI_dtors_ptr                 
20000018  __TI_enable_exit_profile_output
2000001c  _lock                          
20000020  _unlock                        
20000024  main_func_sp                   
20000028  SystemCoreClock                
2000fe00  __stack                        
20010000  __STACK_END                    
4000480c  WDTCTL_SYM                     
ffffffff  __TI_pprof_out_hndl            
ffffffff  __TI_prof_data_size            
ffffffff  __TI_prof_data_start           
ffffffff  __binit__                      
ffffffff  __c_args__                     
ffffffff  binit                          
UNDEFED   SHT$$INIT_ARRAY$$Base          
UNDEFED   SHT$$INIT_ARRAY$$Limit         

[106 symbols]
