******************************************************************************
                  TI ARM Linker Unix v16.9.3                   
******************************************************************************
>> Linked Sun Oct  8 20:56:50 2017

OUTPUT FILE NAME:   <lab3_uart.out>
ENTRY POINT SYMBOL: "_c_int00"  address: 0000110d


MEMORY CONFIGURATION

         name            origin    length      used     unused   attr    fill
----------------------  --------  ---------  --------  --------  ----  --------
  MAIN                  00000000   00040000  000012a2  0003ed5e  R  X
  INFO                  00200000   00004000  00000000  00004000  R  X
  SRAM_CODE             01000000   00010000  00000648  0000f9b8  RW X
  SRAM_DATA             20000000   00010000  00000648  0000f9b8  RW  


SEGMENT ALLOCATION MAP

run origin  load origin   length   init length attrs members
----------  ----------- ---------- ----------- ----- -------
00000000    00000000    000012a8   000012a8    r-x
  00000000    00000000    000000e4   000000e4    r-- .intvecs
  000000e4    000000e4    00001176   00001176    r-x .text
  00001260    00001260    00000048   00000048    r-- .cinit
20000000    20000000    00000448   00000000    rw-
  20000000    20000000    00000400   00000000    rw- .sysmem
  20000400    20000400    00000030   00000000    rw- .data
  20000430    20000430    00000018   00000000    rw- .bss
2000fe00    2000fe00    00000200   00000000    rw-
  2000fe00    2000fe00    00000200   00000000    rw- .stack


SECTION ALLOCATION MAP

 output                                  attributes/
section   page    origin      length       input sections
--------  ----  ----------  ----------   ----------------
.intvecs   0    00000000    000000e4     
                  00000000    000000e4     startup_msp432p401r_ccs.obj (.intvecs:retain)

.text      0    000000e4    00001176     
                  000000e4    000003d0     rtsv7M4_T_le_v4SPD16_eabi.lib : memory.obj (.text)
                  000004b4    0000032c     system_msp432p401r.obj (.text)
                  000007e0    000002f8     circ_buffer_basic.obj (.text)
                  00000ad8    0000019c     lab3.obj (.text)
                  00000c74    00000198     uart.obj (.text)
                  00000e0c    00000110     main.obj (.text)
                  00000f1c    0000009c     rtsv7M4_T_le_v4SPD16_eabi.lib : memcpy_t2.obj (.text)
                  00000fb8    0000007a                                   : memset_t2.obj (.text)
                  00001032    00000002                                   : mpu_init.obj (.text)
                  00001034    00000070                                   : autoinit.obj (.text)
                  000010a4    00000068                                   : copy_decompress_lzss.obj (.text:decompress:lzss)
                  0000110c    00000054                                   : boot.obj (.text)
                  00001160    00000054                                   : exit.obj (.text)
                  000011b4    0000004c                                   : cpy_tbl.obj (.text)
                  00001200    00000018                                   : args_main.obj (.text)
                  00001218    00000014                                   : _lock.obj (.text)
                  0000122c    0000000e                                   : copy_decompress_none.obj (.text:decompress:none)
                  0000123a    0000000e     startup_msp432p401r_ccs.obj (.text)
                  00001248    0000000c     rtsv7M4_T_le_v4SPD16_eabi.lib : copy_zero_init.obj (.text:decompress:ZI)
                  00001254    00000004                                   : pre_init.obj (.text)
                  00001258    00000002                                   : startup.obj (.text)

.cinit     0    00001260    00000048     
                  00001260    00000020     (.cinit..data.load) [load image, compression = lzss]
                  00001280    0000000c     (__TI_handler_table)
                  0000128c    00000004     --HOLE-- [fill = 0]
                  00001290    00000008     (.cinit..bss.load) [load image, compression = zero_init]
                  00001298    00000010     (__TI_cinit_table)

.init_array 
*          0    00000000    00000000     UNINITIALIZED

.binit     0    00000000    00000000     

.sysmem    0    20000000    00000400     UNINITIALIZED
                  20000000    00000008     rtsv7M4_T_le_v4SPD16_eabi.lib : memory.obj (.sysmem)
                  20000008    000003f8     --HOLE--

.data      0    20000400    00000030     UNINITIALIZED
                  20000400    0000000c     rtsv7M4_T_le_v4SPD16_eabi.lib : exit.obj (.data:$O1$$)
                  2000040c    0000000c                                   : memory.obj (.data:$O1$$)
                  20000418    00000008                                   : _lock.obj (.data:$O1$$)
                  20000420    00000005     main.obj (.data)
                  20000425    00000003     --HOLE--
                  20000428    00000004     rtsv7M4_T_le_v4SPD16_eabi.lib : stkdepth_vars.obj (.data)
                  2000042c    00000004     system_msp432p401r.obj (.data)

.bss       0    20000430    00000018     UNINITIALIZED
                  20000430    00000018     (.common:myBuffer)

.stack     0    2000fe00    00000200     UNINITIALIZED
                  2000fe00    00000200     --HOLE--

MODULE SUMMARY

       Module                        code   ro data   rw data
       ------                        ----   -------   -------
    ./
       system_msp432p401r.obj        812    0         8      
       circ_buffer_basic.obj         760    0         0      
       lab3.obj                      412    0         0      
       uart.obj                      408    0         0      
       main.obj                      272    0         58     
       startup_msp432p401r_ccs.obj   14     228       0      
    +--+-----------------------------+------+---------+---------+
       Total:                        2678   228       66     
                                                             
    /home/kk/ti/ccsv7/tools/compiler/ti-cgt-arm_16.9.3.LTS/lib/rtsv7M4_T_le_v4SPD16_eabi.lib
       memory.obj                    976    0         24     
       memcpy_t2.obj                 156    0         0      
       memset_t2.obj                 122    0         0      
       autoinit.obj                  112    0         0      
       exit.obj                      84     0         24     
       copy_decompress_lzss.obj      104    0         0      
       boot.obj                      84     0         0      
       cpy_tbl.obj                   76     0         0      
       _lock.obj                     20     0         16     
       args_main.obj                 24     0         0      
       copy_decompress_none.obj      14     0         0      
       copy_zero_init.obj            12     0         0      
       stkdepth_vars.obj             0      0         8      
       pre_init.obj                  4      0         0      
       mpu_init.obj                  2      0         0      
       startup.obj                   2      0         0      
    +--+-----------------------------+------+---------+---------+
       Total:                        1792   0         72     
                                                             
       Heap:                         0      0         2048   
       Stack:                        0      0         1024   
       Linker Generated:             0      68        0      
    +--+-----------------------------+------+---------+---------+
       Grand Total:                  4470   296       3210   


LINKER GENERATED COPY TABLES

__TI_cinit_table @ 00001298 records: 2, size/record: 8, table size: 16
	.data: load addr=00001260, load size=00000020 bytes, run addr=20000400, run size=00000030 bytes, compression=lzss
	.bss: load addr=00001290, load size=00000008 bytes, run addr=20000430, run size=00000018 bytes, compression=zero_init


LINKER GENERATED HANDLER TABLE

__TI_handler_table @ 00001280 records: 3, size/record: 4, table size: 12
	index: 0, handler: __TI_decompress_lzss
	index: 1, handler: __TI_decompress_none
	index: 2, handler: __TI_zero_init


GLOBAL SYMBOLS: SORTED ALPHABETICALLY BY Name 

address   name                           
-------   ----                           
00001247  ADC14_IRQHandler               
00001247  AES256_IRQHandler              
00001247  BusFault_Handler               
00001161  C$$EXIT                        
00001247  COMP_E0_IRQHandler             
00001247  COMP_E1_IRQHandler             
00001247  CS_IRQHandler                  
20000424  Calculate_Stats                
00001247  DMA_ERR_IRQHandler             
00001247  DMA_INT0_IRQHandler            
00001247  DMA_INT1_IRQHandler            
00001247  DMA_INT2_IRQHandler            
00001247  DMA_INT3_IRQHandler            
00001247  DebugMon_Handler               
00001247  Default_Handler                
00000d7f  EUSCIA0_IRQHandler             
00000d7f  EUSCIA0_IRQHandler             
00001247  EUSCIA1_IRQHandler             
00001247  EUSCIA2_IRQHandler             
00001247  EUSCIA3_IRQHandler             
00001247  EUSCIB0_IRQHandler             
00001247  EUSCIB1_IRQHandler             
00001247  EUSCIB2_IRQHandler             
00001247  EUSCIB3_IRQHandler             
00001247  FLCTL_IRQHandler               
00001247  FPU_IRQHandler                 
00000ea1  HSMCLK_OUT                     
00001247  HardFault_Handler              
00001247  MemManage_Handler              
00001247  NMI_Handler                    
00001247  PCM_IRQHandler                 
00000be7  PORT1_IRQHandler               
00000be7  PORT1_IRQHandler               
00001247  PORT2_IRQHandler               
00001247  PORT3_IRQHandler               
00001247  PORT4_IRQHandler               
00001247  PORT5_IRQHandler               
00001247  PORT6_IRQHandler               
00001247  PSS_IRQHandler                 
00001247  PendSV_Handler                 
00001247  RTC_C_IRQHandler               
0000123b  Reset_Handler                  
UNDEFED   SHT$$INIT_ARRAY$$Base          
UNDEFED   SHT$$INIT_ARRAY$$Limit         
00001247  SVC_Handler                    
00001247  SysTick_Handler                
2000042c  SystemCoreClock                
000004b5  SystemCoreClockUpdate          
00000729  SystemInit                     
00001247  T32_INT1_IRQHandler            
00001247  T32_INT2_IRQHandler            
00001247  T32_INTC_IRQHandler            
00001247  TA0_0_IRQHandler               
00001247  TA0_N_IRQHandler               
00001247  TA1_0_IRQHandler               
00001247  TA1_N_IRQHandler               
00001247  TA2_0_IRQHandler               
00001247  TA2_N_IRQHandler               
00001247  TA3_0_IRQHandler               
00001247  TA3_N_IRQHandler               
00000ca1  UART_config                    
00000d25  UART_putchar                   
00001247  UsageFault_Handler             
4000480c  WDTCTL_SYM                     
00001247  WDT_A_IRQHandler               
20010000  __STACK_END                    
00000200  __STACK_SIZE                   
00000400  __SYSMEM_SIZE                  
00001298  __TI_CINIT_Base                
000012a8  __TI_CINIT_Limit               
00001280  __TI_Handler_Table_Base        
0000128c  __TI_Handler_Table_Limit       
00001035  __TI_auto_init                 
20000400  __TI_cleanup_ptr               
000010a5  __TI_decompress_lzss           
0000122d  __TI_decompress_none           
20000404  __TI_dtors_ptr                 
20000408  __TI_enable_exit_profile_output
ffffffff  __TI_pprof_out_hndl            
ffffffff  __TI_prof_data_size            
ffffffff  __TI_prof_data_start           
00000000  __TI_static_base__             
00001249  __TI_zero_init                 
00000fb9  __aeabi_memclr                 
00000fb9  __aeabi_memclr4                
00000fb9  __aeabi_memclr8                
00000f1d  __aeabi_memcpy                 
00000f1d  __aeabi_memcpy4                
00000f1d  __aeabi_memcpy8                
00000fbb  __aeabi_memset                 
00000fbb  __aeabi_memset4                
00000fbb  __aeabi_memset8                
ffffffff  __binit__                      
ffffffff  __c_args__                     
00001033  __mpu_init                     
2000fe00  __stack                        
00001201  _args_main                     
0000110d  _c_int00                       
20000418  _lock                          
00001227  _nop                           
0000121f  _register_lock                 
00001219  _register_unlock               
20000000  _sys_memory                    
00001259  _system_post_cinit             
00001255  _system_pre_init               
2000041c  _unlock                        
00001165  abort                          
00000833  add_To_Buffer                  
ffffffff  binit                          
00000485  calloc                         
00000a61  clear_Buffer                   
00000b05  configure_clocks               
00000b3d  configure_ports                
000011b5  copy_in                        
00000ec1  create_Test_Buffer             
000009d9  currentSize                    
0000116d  exit                           
000001cf  free                           
000007e1  initialize_Circ_Buffer         
00000000  interruptVectors               
000009c1  is_Circ_Buf_Empty              
000009a1  is_Circ_Buf_Full               
00000e0d  main                           
20000428  main_func_sp                   
00000165  malloc                         
00000399  memalign                       
00000f1d  memcpy                         
00000fc1  memset                         
000000e5  minit                          
20000430  myBuffer                       
20000420  myBufferPTR                    
000009eb  print                          
00000291  realloc                        
000008df  remove_From_Buffer             
00000d41  uart_putchar_n                 


GLOBAL SYMBOLS: SORTED BY Symbol Address 

address   name                           
-------   ----                           
00000000  __TI_static_base__             
00000000  interruptVectors               
000000e5  minit                          
00000165  malloc                         
000001cf  free                           
00000200  __STACK_SIZE                   
00000291  realloc                        
00000399  memalign                       
00000400  __SYSMEM_SIZE                  
00000485  calloc                         
000004b5  SystemCoreClockUpdate          
00000729  SystemInit                     
000007e1  initialize_Circ_Buffer         
00000833  add_To_Buffer                  
000008df  remove_From_Buffer             
000009a1  is_Circ_Buf_Full               
000009c1  is_Circ_Buf_Empty              
000009d9  currentSize                    
000009eb  print                          
00000a61  clear_Buffer                   
00000b05  configure_clocks               
00000b3d  configure_ports                
00000be7  PORT1_IRQHandler               
00000be7  PORT1_IRQHandler               
00000ca1  UART_config                    
00000d25  UART_putchar                   
00000d41  uart_putchar_n                 
00000d7f  EUSCIA0_IRQHandler             
00000d7f  EUSCIA0_IRQHandler             
00000e0d  main                           
00000ea1  HSMCLK_OUT                     
00000ec1  create_Test_Buffer             
00000f1d  __aeabi_memcpy                 
00000f1d  __aeabi_memcpy4                
00000f1d  __aeabi_memcpy8                
00000f1d  memcpy                         
00000fb9  __aeabi_memclr                 
00000fb9  __aeabi_memclr4                
00000fb9  __aeabi_memclr8                
00000fbb  __aeabi_memset                 
00000fbb  __aeabi_memset4                
00000fbb  __aeabi_memset8                
00000fc1  memset                         
00001033  __mpu_init                     
00001035  __TI_auto_init                 
000010a5  __TI_decompress_lzss           
0000110d  _c_int00                       
00001161  C$$EXIT                        
00001165  abort                          
0000116d  exit                           
000011b5  copy_in                        
00001201  _args_main                     
00001219  _register_unlock               
0000121f  _register_lock                 
00001227  _nop                           
0000122d  __TI_decompress_none           
0000123b  Reset_Handler                  
00001247  ADC14_IRQHandler               
00001247  AES256_IRQHandler              
00001247  BusFault_Handler               
00001247  COMP_E0_IRQHandler             
00001247  COMP_E1_IRQHandler             
00001247  CS_IRQHandler                  
00001247  DMA_ERR_IRQHandler             
00001247  DMA_INT0_IRQHandler            
00001247  DMA_INT1_IRQHandler            
00001247  DMA_INT2_IRQHandler            
00001247  DMA_INT3_IRQHandler            
00001247  DebugMon_Handler               
00001247  Default_Handler                
00001247  EUSCIA1_IRQHandler             
00001247  EUSCIA2_IRQHandler             
00001247  EUSCIA3_IRQHandler             
00001247  EUSCIB0_IRQHandler             
00001247  EUSCIB1_IRQHandler             
00001247  EUSCIB2_IRQHandler             
00001247  EUSCIB3_IRQHandler             
00001247  FLCTL_IRQHandler               
00001247  FPU_IRQHandler                 
00001247  HardFault_Handler              
00001247  MemManage_Handler              
00001247  NMI_Handler                    
00001247  PCM_IRQHandler                 
00001247  PORT2_IRQHandler               
00001247  PORT3_IRQHandler               
00001247  PORT4_IRQHandler               
00001247  PORT5_IRQHandler               
00001247  PORT6_IRQHandler               
00001247  PSS_IRQHandler                 
00001247  PendSV_Handler                 
00001247  RTC_C_IRQHandler               
00001247  SVC_Handler                    
00001247  SysTick_Handler                
00001247  T32_INT1_IRQHandler            
00001247  T32_INT2_IRQHandler            
00001247  T32_INTC_IRQHandler            
00001247  TA0_0_IRQHandler               
00001247  TA0_N_IRQHandler               
00001247  TA1_0_IRQHandler               
00001247  TA1_N_IRQHandler               
00001247  TA2_0_IRQHandler               
00001247  TA2_N_IRQHandler               
00001247  TA3_0_IRQHandler               
00001247  TA3_N_IRQHandler               
00001247  UsageFault_Handler             
00001247  WDT_A_IRQHandler               
00001249  __TI_zero_init                 
00001255  _system_pre_init               
00001259  _system_post_cinit             
00001280  __TI_Handler_Table_Base        
0000128c  __TI_Handler_Table_Limit       
00001298  __TI_CINIT_Base                
000012a8  __TI_CINIT_Limit               
20000000  _sys_memory                    
20000400  __TI_cleanup_ptr               
20000404  __TI_dtors_ptr                 
20000408  __TI_enable_exit_profile_output
20000418  _lock                          
2000041c  _unlock                        
20000420  myBufferPTR                    
20000424  Calculate_Stats                
20000428  main_func_sp                   
2000042c  SystemCoreClock                
20000430  myBuffer                       
2000fe00  __stack                        
20010000  __STACK_END                    
4000480c  WDTCTL_SYM                     
ffffffff  __TI_pprof_out_hndl            
ffffffff  __TI_prof_data_size            
ffffffff  __TI_prof_data_start           
ffffffff  __binit__                      
ffffffff  __c_args__                     
ffffffff  binit                          
UNDEFED   SHT$$INIT_ARRAY$$Base          
UNDEFED   SHT$$INIT_ARRAY$$Limit         

[135 symbols]
