******************************************************************************
                  TI ARM Linker Unix v16.9.3                   
******************************************************************************
>> Linked Sun Oct  8 10:04:12 2017

OUTPUT FILE NAME:   <lab3_uart.out>
ENTRY POINT SYMBOL: "_c_int00"  address: 00001039


MEMORY CONFIGURATION

         name            origin    length      used     unused   attr    fill
----------------------  --------  ---------  --------  --------  ----  --------
  MAIN                  00000000   00040000  00001212  0003edee  R  X
  INFO                  00200000   00004000  00000000  00004000  R  X
  SRAM_CODE             01000000   00010000  00000650  0000f9b0  RW X
  SRAM_DATA             20000000   00010000  00000650  0000f9b0  RW  


SEGMENT ALLOCATION MAP

run origin  load origin   length   init length attrs members
----------  ----------- ---------- ----------- ----- -------
00000000    00000000    00001218   00001218    r-x
  00000000    00000000    000000e4   000000e4    r-- .intvecs
  000000e4    000000e4    000010e6   000010e6    r-x .text
  000011d0    000011d0    00000048   00000048    r-- .cinit
20000000    20000000    00000450   00000000    rw-
  20000000    20000000    00000400   00000000    rw- .sysmem
  20000400    20000400    00000038   00000000    rw- .data
  20000438    20000438    00000018   00000000    rw- .bss
2000fe00    2000fe00    00000200   00000000    rw-
  2000fe00    2000fe00    00000200   00000000    rw- .stack


SECTION ALLOCATION MAP

 output                                  attributes/
section   page    origin      length       input sections
--------  ----  ----------  ----------   ----------------
.intvecs   0    00000000    000000e4     
                  00000000    000000e4     startup_msp432p401r_ccs.obj (.intvecs:retain)

.text      0    000000e4    000010e6     
                  000000e4    000003d0     rtsv7M4_T_le_v4SPD16_eabi.lib : memory.obj (.text)
                  000004b4    0000032c     system_msp432p401r.obj (.text)
                  000007e0    000002ac     main.obj (.text)
                  00000a8c    0000020c     circ_buffer_basic.obj (.text)
                  00000c98    000001b0     uart.obj (.text)
                  00000e48    0000009c     rtsv7M4_T_le_v4SPD16_eabi.lib : memcpy_t2.obj (.text)
                  00000ee4    0000007a                                   : memset_t2.obj (.text)
                  00000f5e    00000002                                   : mpu_init.obj (.text)
                  00000f60    00000070                                   : autoinit.obj (.text)
                  00000fd0    00000068                                   : copy_decompress_lzss.obj (.text:decompress:lzss)
                  00001038    00000054                                   : boot.obj (.text)
                  0000108c    00000054                                   : exit.obj (.text)
                  000010e0    0000004c                                   : cpy_tbl.obj (.text)
                  0000112c    00000044     lab3.obj (.text)
                  00001170    00000018     rtsv7M4_T_le_v4SPD16_eabi.lib : args_main.obj (.text)
                  00001188    00000014                                   : _lock.obj (.text)
                  0000119c    0000000e                                   : copy_decompress_none.obj (.text:decompress:none)
                  000011aa    0000000e     startup_msp432p401r_ccs.obj (.text)
                  000011b8    0000000c     rtsv7M4_T_le_v4SPD16_eabi.lib : copy_zero_init.obj (.text:decompress:ZI)
                  000011c4    00000004                                   : pre_init.obj (.text)
                  000011c8    00000002                                   : startup.obj (.text)

.cinit     0    000011d0    00000048     
                  000011d0    00000022     (.cinit..data.load) [load image, compression = lzss]
                  000011f2    00000002     --HOLE-- [fill = 0]
                  000011f4    0000000c     (__TI_handler_table)
                  00001200    00000008     (.cinit..bss.load) [load image, compression = zero_init]
                  00001208    00000010     (__TI_cinit_table)

.init_array 
*          0    00000000    00000000     UNINITIALIZED

.binit     0    00000000    00000000     

.sysmem    0    20000000    00000400     UNINITIALIZED
                  20000000    00000008     rtsv7M4_T_le_v4SPD16_eabi.lib : memory.obj (.sysmem)
                  20000008    000003f8     --HOLE--

.data      0    20000400    00000038     UNINITIALIZED
                  20000400    0000000c     rtsv7M4_T_le_v4SPD16_eabi.lib : exit.obj (.data:$O1$$)
                  2000040c    0000000c                                   : memory.obj (.data:$O1$$)
                  20000418    00000008                                   : _lock.obj (.data:$O1$$)
                  20000420    00000005     main.obj (.data:count)
                  20000425    00000003     --HOLE--
                  20000428    00000005     main.obj (.data)
                  2000042d    00000003     --HOLE--
                  20000430    00000004     rtsv7M4_T_le_v4SPD16_eabi.lib : stkdepth_vars.obj (.data)
                  20000434    00000004     system_msp432p401r.obj (.data)

.bss       0    20000438    00000018     UNINITIALIZED
                  20000438    00000018     (.common:myBuffer)

.stack     0    2000fe00    00000200     UNINITIALIZED
                  2000fe00    00000200     --HOLE--

MODULE SUMMARY

       Module                        code   ro data   rw data
       ------                        ----   -------   -------
    ./
       system_msp432p401r.obj        812    0         8      
       main.obj                      684    0         68     
       circ_buffer_basic.obj         524    0         0      
       uart.obj                      432    0         0      
       startup_msp432p401r_ccs.obj   14     228       0      
       lab3.obj                      68     0         0      
    +--+-----------------------------+------+---------+---------+
       Total:                        2534   228       76     
                                                             
    /home/kk/ti/ccsv7/tools/compiler/ti-cgt-arm_16.9.3.LTS/lib/rtsv7M4_T_le_v4SPD16_eabi.lib
       memory.obj                    976    0         24     
       memcpy_t2.obj                 156    0         0      
       memset_t2.obj                 122    0         0      
       autoinit.obj                  112    0         0      
       exit.obj                      84     0         24     
       copy_decompress_lzss.obj      104    0         0      
       boot.obj                      84     0         0      
       cpy_tbl.obj                   76     0         0      
       _lock.obj                     20     0         16     
       args_main.obj                 24     0         0      
       copy_decompress_none.obj      14     0         0      
       copy_zero_init.obj            12     0         0      
       stkdepth_vars.obj             0      0         8      
       pre_init.obj                  4      0         0      
       mpu_init.obj                  2      0         0      
       startup.obj                   2      0         0      
    +--+-----------------------------+------+---------+---------+
       Total:                        1792   0         72     
                                                             
       Heap:                         0      0         2048   
       Stack:                        0      0         1024   
       Linker Generated:             0      70        0      
    +--+-----------------------------+------+---------+---------+
       Grand Total:                  4326   298       3220   


LINKER GENERATED COPY TABLES

__TI_cinit_table @ 00001208 records: 2, size/record: 8, table size: 16
	.data: load addr=000011d0, load size=00000022 bytes, run addr=20000400, run size=00000038 bytes, compression=lzss
	.bss: load addr=00001200, load size=00000008 bytes, run addr=20000438, run size=00000018 bytes, compression=zero_init


LINKER GENERATED HANDLER TABLE

__TI_handler_table @ 000011f4 records: 3, size/record: 4, table size: 12
	index: 0, handler: __TI_decompress_lzss
	index: 1, handler: __TI_decompress_none
	index: 2, handler: __TI_zero_init


GLOBAL SYMBOLS: SORTED ALPHABETICALLY BY Name 

address   name                           
-------   ----                           
000011b7  ADC14_IRQHandler               
000011b7  AES256_IRQHandler              
000011b7  BusFault_Handler               
0000108d  C$$EXIT                        
000011b7  COMP_E0_IRQHandler             
000011b7  COMP_E1_IRQHandler             
000011b7  CS_IRQHandler                  
2000042c  Calculate_Stats                
000011b7  DMA_ERR_IRQHandler             
000011b7  DMA_INT0_IRQHandler            
000011b7  DMA_INT1_IRQHandler            
000011b7  DMA_INT2_IRQHandler            
000011b7  DMA_INT3_IRQHandler            
000011b7  DebugMon_Handler               
000011b7  Default_Handler                
00000db1  EUSCIA0_IRQHandler             
00000db1  EUSCIA0_IRQHandler             
000011b7  EUSCIA1_IRQHandler             
000011b7  EUSCIA2_IRQHandler             
000011b7  EUSCIA3_IRQHandler             
000011b7  EUSCIB0_IRQHandler             
000011b7  EUSCIB1_IRQHandler             
000011b7  EUSCIB2_IRQHandler             
000011b7  EUSCIB3_IRQHandler             
000011b7  FLCTL_IRQHandler               
000011b7  FPU_IRQHandler                 
000009fb  HSMCLK_OUT                     
000011b7  HardFault_Handler              
000011b7  MemManage_Handler              
000011b7  NMI_Handler                    
000011b7  PCM_IRQHandler                 
000011b7  PORT1_IRQHandler               
000011b7  PORT2_IRQHandler               
000011b7  PORT3_IRQHandler               
000011b7  PORT4_IRQHandler               
000011b7  PORT5_IRQHandler               
000011b7  PORT6_IRQHandler               
000011b7  PSS_IRQHandler                 
000011b7  PendSV_Handler                 
000011b7  RTC_C_IRQHandler               
000011ab  Reset_Handler                  
UNDEFED   SHT$$INIT_ARRAY$$Base          
UNDEFED   SHT$$INIT_ARRAY$$Limit         
000011b7  SVC_Handler                    
000011b7  SysTick_Handler                
20000434  SystemCoreClock                
000004b5  SystemCoreClockUpdate          
00000729  SystemInit                     
000011b7  T32_INT1_IRQHandler            
000011b7  T32_INT2_IRQHandler            
000011b7  T32_INTC_IRQHandler            
000011b7  TA0_0_IRQHandler               
000011b7  TA0_N_IRQHandler               
000011b7  TA1_0_IRQHandler               
000011b7  TA1_N_IRQHandler               
000011b7  TA2_0_IRQHandler               
000011b7  TA2_N_IRQHandler               
000011b7  TA3_0_IRQHandler               
000011b7  TA3_N_IRQHandler               
00000cc5  UART_config                    
00000d4f  UART_putchar                   
000011b7  UsageFault_Handler             
4000480c  WDTCTL_SYM                     
000011b7  WDT_A_IRQHandler               
20010000  __STACK_END                    
00000200  __STACK_SIZE                   
00000400  __SYSMEM_SIZE                  
00001208  __TI_CINIT_Base                
00001218  __TI_CINIT_Limit               
000011f4  __TI_Handler_Table_Base        
00001200  __TI_Handler_Table_Limit       
00000f61  __TI_auto_init                 
20000400  __TI_cleanup_ptr               
00000fd1  __TI_decompress_lzss           
0000119d  __TI_decompress_none           
20000404  __TI_dtors_ptr                 
20000408  __TI_enable_exit_profile_output
ffffffff  __TI_pprof_out_hndl            
ffffffff  __TI_prof_data_size            
ffffffff  __TI_prof_data_start           
00000000  __TI_static_base__             
000011b9  __TI_zero_init                 
00000ee5  __aeabi_memclr                 
00000ee5  __aeabi_memclr4                
00000ee5  __aeabi_memclr8                
00000e49  __aeabi_memcpy                 
00000e49  __aeabi_memcpy4                
00000e49  __aeabi_memcpy8                
00000ee7  __aeabi_memset                 
00000ee7  __aeabi_memset4                
00000ee7  __aeabi_memset8                
ffffffff  __binit__                      
ffffffff  __c_args__                     
00000f5f  __mpu_init                     
2000fe00  __stack                        
00001171  _args_main                     
00001039  _c_int00                       
20000418  _lock                          
00001197  _nop                           
0000118f  _register_lock                 
00001189  _register_unlock               
20000000  _sys_memory                    
000011c9  _system_post_cinit             
000011c5  _system_pre_init               
2000041c  _unlock                        
00001091  abort                          
00000adf  add_To_Buffer                  
ffffffff  binit                          
00000485  calloc                         
0000112d  configure_clocks               
000010e1  copy_in                        
20000420  count                          
00000a1b  create_Test_Buffer             
00000c81  currentSize                    
00001099  exit                           
000001cf  free                           
00000a8d  initialize_Circ_Buffer         
00000000  interruptVectors               
00000c69  is_Circ_Buf_Empty              
00000c49  is_Circ_Buf_Full               
000007e1  main                           
20000430  main_func_sp                   
00000165  malloc                         
00000399  memalign                       
00000e49  memcpy                         
00000eed  memset                         
000000e5  minit                          
20000438  myBuffer                       
20000428  myBufferPTR                    
00000291  realloc                        
00000b87  remove_From_Buffer             
00000d6b  uart_putchar_n                 


GLOBAL SYMBOLS: SORTED BY Symbol Address 

address   name                           
-------   ----                           
00000000  __TI_static_base__             
00000000  interruptVectors               
000000e5  minit                          
00000165  malloc                         
000001cf  free                           
00000200  __STACK_SIZE                   
00000291  realloc                        
00000399  memalign                       
00000400  __SYSMEM_SIZE                  
00000485  calloc                         
000004b5  SystemCoreClockUpdate          
00000729  SystemInit                     
000007e1  main                           
000009fb  HSMCLK_OUT                     
00000a1b  create_Test_Buffer             
00000a8d  initialize_Circ_Buffer         
00000adf  add_To_Buffer                  
00000b87  remove_From_Buffer             
00000c49  is_Circ_Buf_Full               
00000c69  is_Circ_Buf_Empty              
00000c81  currentSize                    
00000cc5  UART_config                    
00000d4f  UART_putchar                   
00000d6b  uart_putchar_n                 
00000db1  EUSCIA0_IRQHandler             
00000db1  EUSCIA0_IRQHandler             
00000e49  __aeabi_memcpy                 
00000e49  __aeabi_memcpy4                
00000e49  __aeabi_memcpy8                
00000e49  memcpy                         
00000ee5  __aeabi_memclr                 
00000ee5  __aeabi_memclr4                
00000ee5  __aeabi_memclr8                
00000ee7  __aeabi_memset                 
00000ee7  __aeabi_memset4                
00000ee7  __aeabi_memset8                
00000eed  memset                         
00000f5f  __mpu_init                     
00000f61  __TI_auto_init                 
00000fd1  __TI_decompress_lzss           
00001039  _c_int00                       
0000108d  C$$EXIT                        
00001091  abort                          
00001099  exit                           
000010e1  copy_in                        
0000112d  configure_clocks               
00001171  _args_main                     
00001189  _register_unlock               
0000118f  _register_lock                 
00001197  _nop                           
0000119d  __TI_decompress_none           
000011ab  Reset_Handler                  
000011b7  ADC14_IRQHandler               
000011b7  AES256_IRQHandler              
000011b7  BusFault_Handler               
000011b7  COMP_E0_IRQHandler             
000011b7  COMP_E1_IRQHandler             
000011b7  CS_IRQHandler                  
000011b7  DMA_ERR_IRQHandler             
000011b7  DMA_INT0_IRQHandler            
000011b7  DMA_INT1_IRQHandler            
000011b7  DMA_INT2_IRQHandler            
000011b7  DMA_INT3_IRQHandler            
000011b7  DebugMon_Handler               
000011b7  Default_Handler                
000011b7  EUSCIA1_IRQHandler             
000011b7  EUSCIA2_IRQHandler             
000011b7  EUSCIA3_IRQHandler             
000011b7  EUSCIB0_IRQHandler             
000011b7  EUSCIB1_IRQHandler             
000011b7  EUSCIB2_IRQHandler             
000011b7  EUSCIB3_IRQHandler             
000011b7  FLCTL_IRQHandler               
000011b7  FPU_IRQHandler                 
000011b7  HardFault_Handler              
000011b7  MemManage_Handler              
000011b7  NMI_Handler                    
000011b7  PCM_IRQHandler                 
000011b7  PORT1_IRQHandler               
000011b7  PORT2_IRQHandler               
000011b7  PORT3_IRQHandler               
000011b7  PORT4_IRQHandler               
000011b7  PORT5_IRQHandler               
000011b7  PORT6_IRQHandler               
000011b7  PSS_IRQHandler                 
000011b7  PendSV_Handler                 
000011b7  RTC_C_IRQHandler               
000011b7  SVC_Handler                    
000011b7  SysTick_Handler                
000011b7  T32_INT1_IRQHandler            
000011b7  T32_INT2_IRQHandler            
000011b7  T32_INTC_IRQHandler            
000011b7  TA0_0_IRQHandler               
000011b7  TA0_N_IRQHandler               
000011b7  TA1_0_IRQHandler               
000011b7  TA1_N_IRQHandler               
000011b7  TA2_0_IRQHandler               
000011b7  TA2_N_IRQHandler               
000011b7  TA3_0_IRQHandler               
000011b7  TA3_N_IRQHandler               
000011b7  UsageFault_Handler             
000011b7  WDT_A_IRQHandler               
000011b9  __TI_zero_init                 
000011c5  _system_pre_init               
000011c9  _system_post_cinit             
000011f4  __TI_Handler_Table_Base        
00001200  __TI_Handler_Table_Limit       
00001208  __TI_CINIT_Base                
00001218  __TI_CINIT_Limit               
20000000  _sys_memory                    
20000400  __TI_cleanup_ptr               
20000404  __TI_dtors_ptr                 
20000408  __TI_enable_exit_profile_output
20000418  _lock                          
2000041c  _unlock                        
20000420  count                          
20000428  myBufferPTR                    
2000042c  Calculate_Stats                
20000430  main_func_sp                   
20000434  SystemCoreClock                
20000438  myBuffer                       
2000fe00  __stack                        
20010000  __STACK_END                    
4000480c  WDTCTL_SYM                     
ffffffff  __TI_pprof_out_hndl            
ffffffff  __TI_prof_data_size            
ffffffff  __TI_prof_data_start           
ffffffff  __binit__                      
ffffffff  __c_args__                     
ffffffff  binit                          
UNDEFED   SHT$$INIT_ARRAY$$Base          
UNDEFED   SHT$$INIT_ARRAY$$Limit         

[132 symbols]
