******************************************************************************
                  TI ARM Linker Unix v16.9.3                   
******************************************************************************
>> Linked Wed Oct  4 17:22:40 2017

OUTPUT FILE NAME:   <lab3_uart.out>
ENTRY POINT SYMBOL: "_c_int00"  address: 00000d0d


MEMORY CONFIGURATION

         name            origin    length      used     unused   attr    fill
----------------------  --------  ---------  --------  --------  ----  --------
  MAIN                  00000000   00040000  00000ece  0003f132  R  X
  INFO                  00200000   00004000  00000000  00004000  R  X
  SRAM_CODE             01000000   00010000  00000628  0000f9d8  RW X
  SRAM_DATA             20000000   00010000  00000628  0000f9d8  RW  


SEGMENT ALLOCATION MAP

run origin  load origin   length   init length attrs members
----------  ----------- ---------- ----------- ----- -------
00000000    00000000    00000ed4   00000ed4    r-x
  00000000    00000000    000000e4   000000e4    r-- .intvecs
  000000e4    000000e4    00000dae   00000dae    r-x .text
  00000e92    00000e92    00000010   00000010    r-- .const
  00000ea8    00000ea8    0000002c   0000002c    r-- .cinit
20000000    20000000    00000428   00000000    rw-
  20000000    20000000    00000400   00000000    rw- .sysmem
  20000400    20000400    00000028   00000000    rw- .data
2000fe00    2000fe00    00000200   00000000    rw-
  2000fe00    2000fe00    00000200   00000000    rw- .stack


SECTION ALLOCATION MAP

 output                                  attributes/
section   page    origin      length       input sections
--------  ----  ----------  ----------   ----------------
.intvecs   0    00000000    000000e4     
                  00000000    000000e4     startup_msp432p401r_ccs.obj (.intvecs:retain)

.text      0    000000e4    00000dae     
                  000000e4    000003d0     rtsv7M4_T_le_v4SPD16_eabi.lib : memory.obj (.text)
                  000004b4    0000032c     system_msp432p401r.obj (.text)
                  000007e0    000001a8     uart.obj (.text)
                  00000988    0000019e     circular_buffer.obj (.text)
                  00000b26    0000009c     rtsv7M4_T_le_v4SPD16_eabi.lib : memcpy_t2.obj (.text)
                  00000bc2    00000002                                   : mpu_init.obj (.text)
                  00000bc4    00000070     main.obj (.text)
                  00000c34    00000070     rtsv7M4_T_le_v4SPD16_eabi.lib : autoinit.obj (.text)
                  00000ca4    00000068                                   : copy_decompress_lzss.obj (.text:decompress:lzss)
                  00000d0c    00000054                                   : boot.obj (.text)
                  00000d60    00000054                                   : exit.obj (.text)
                  00000db4    0000004c                                   : cpy_tbl.obj (.text)
                  00000e00    00000044     lab3.obj (.text)
                  00000e44    00000018     rtsv7M4_T_le_v4SPD16_eabi.lib : args_main.obj (.text)
                  00000e5c    00000014                                   : _lock.obj (.text)
                  00000e70    0000000e                                   : copy_decompress_none.obj (.text:decompress:none)
                  00000e7e    0000000e     startup_msp432p401r_ccs.obj (.text)
                  00000e8c    00000004     rtsv7M4_T_le_v4SPD16_eabi.lib : pre_init.obj (.text)
                  00000e90    00000002                                   : startup.obj (.text)

.const     0    00000e92    00000010     
                  00000e92    0000000d     main.obj (.const:.string:$P$T1$2)
                  00000e9f    00000003     main.obj (.const:.string:$P$T0$1)

.cinit     0    00000ea8    0000002c     
                  00000ea8    0000001c     (.cinit..data.load) [load image, compression = lzss]
                  00000ec4    00000008     (__TI_handler_table)
                  00000ecc    00000008     (__TI_cinit_table)

.init_array 
*          0    00000000    00000000     UNINITIALIZED

.binit     0    00000000    00000000     

.data      0    20000400    00000028     UNINITIALIZED
                  20000400    0000000c     rtsv7M4_T_le_v4SPD16_eabi.lib : exit.obj (.data:$O1$$)
                  2000040c    0000000c                                   : memory.obj (.data:$O1$$)
                  20000418    00000008                                   : _lock.obj (.data:$O1$$)
                  20000420    00000004                                   : stkdepth_vars.obj (.data)
                  20000424    00000004     system_msp432p401r.obj (.data)

.sysmem    0    20000000    00000400     UNINITIALIZED
                  20000000    00000008     rtsv7M4_T_le_v4SPD16_eabi.lib : memory.obj (.sysmem)
                  20000008    000003f8     --HOLE--

.stack     0    2000fe00    00000200     UNINITIALIZED
                  2000fe00    00000200     --HOLE--

MODULE SUMMARY

       Module                        code   ro data   rw data
       ------                        ----   -------   -------
    ./
       system_msp432p401r.obj        812    0         8      
       uart.obj                      424    0         0      
       circular_buffer.obj           414    0         0      
       startup_msp432p401r_ccs.obj   14     228       0      
       main.obj                      112    16        0      
       lab3.obj                      68     0         0      
    +--+-----------------------------+------+---------+---------+
       Total:                        1844   244       8      
                                                             
    /home/kk/ti/ccsv7/tools/compiler/ti-cgt-arm_16.9.3.LTS/lib/rtsv7M4_T_le_v4SPD16_eabi.lib
       memory.obj                    976    0         24     
       memcpy_t2.obj                 156    0         0      
       autoinit.obj                  112    0         0      
       exit.obj                      84     0         24     
       copy_decompress_lzss.obj      104    0         0      
       boot.obj                      84     0         0      
       cpy_tbl.obj                   76     0         0      
       _lock.obj                     20     0         16     
       args_main.obj                 24     0         0      
       copy_decompress_none.obj      14     0         0      
       stkdepth_vars.obj             0      0         8      
       pre_init.obj                  4      0         0      
       mpu_init.obj                  2      0         0      
       startup.obj                   2      0         0      
    +--+-----------------------------+------+---------+---------+
       Total:                        1658   0         72     
                                                             
       Heap:                         0      0         2048   
       Stack:                        0      0         1024   
       Linker Generated:             0      44        0      
    +--+-----------------------------+------+---------+---------+
       Grand Total:                  3502   288       3152   


LINKER GENERATED COPY TABLES

__TI_cinit_table @ 00000ecc records: 1, size/record: 8, table size: 8
	.data: load addr=00000ea8, load size=0000001c bytes, run addr=20000400, run size=00000028 bytes, compression=lzss


LINKER GENERATED HANDLER TABLE

__TI_handler_table @ 00000ec4 records: 2, size/record: 4, table size: 8
	index: 0, handler: __TI_decompress_lzss
	index: 1, handler: __TI_decompress_none


GLOBAL SYMBOLS: SORTED ALPHABETICALLY BY Name 

address   name                           
-------   ----                           
00000e8b  ADC14_IRQHandler               
00000e8b  AES256_IRQHandler              
00000e8b  BusFault_Handler               
00000d61  C$$EXIT                        
00000a39  CB_add_item_to_buffer          
000009bb  CB_clear_buffer                
000009dd  CB_delete_buffer               
00000989  CB_initialize_buffer           
00000a19  CB_is_buffer_empty             
000009f3  CB_is_buffer_full              
00000ab7  CB_remove_item_from_buffer     
00000e8b  COMP_E0_IRQHandler             
00000e8b  COMP_E1_IRQHandler             
00000e8b  CS_IRQHandler                  
00000e8b  DMA_ERR_IRQHandler             
00000e8b  DMA_INT0_IRQHandler            
00000e8b  DMA_INT1_IRQHandler            
00000e8b  DMA_INT2_IRQHandler            
00000e8b  DMA_INT3_IRQHandler            
00000e8b  DebugMon_Handler               
00000e8b  Default_Handler                
000008f9  EUSCIA0_IRQHandler             
000008f9  EUSCIA0_IRQHandler             
00000e8b  EUSCIA1_IRQHandler             
00000e8b  EUSCIA2_IRQHandler             
00000e8b  EUSCIA3_IRQHandler             
00000e8b  EUSCIB0_IRQHandler             
00000e8b  EUSCIB1_IRQHandler             
00000e8b  EUSCIB2_IRQHandler             
00000e8b  EUSCIB3_IRQHandler             
00000e8b  FLCTL_IRQHandler               
00000e8b  FPU_IRQHandler                 
00000bfd  HSMCLK_OUT                     
00000e8b  HardFault_Handler              
00000e8b  MemManage_Handler              
00000e8b  NMI_Handler                    
00000e8b  PCM_IRQHandler                 
00000e8b  PORT1_IRQHandler               
00000e8b  PORT2_IRQHandler               
00000e8b  PORT3_IRQHandler               
00000e8b  PORT4_IRQHandler               
00000e8b  PORT5_IRQHandler               
00000e8b  PORT6_IRQHandler               
00000e8b  PSS_IRQHandler                 
00000e8b  PendSV_Handler                 
00000e8b  RTC_C_IRQHandler               
00000e7f  Reset_Handler                  
UNDEFED   SHT$$INIT_ARRAY$$Base          
UNDEFED   SHT$$INIT_ARRAY$$Limit         
00000e8b  SVC_Handler                    
00000e8b  SysTick_Handler                
20000424  SystemCoreClock                
000004b5  SystemCoreClockUpdate          
00000729  SystemInit                     
00000e8b  T32_INT1_IRQHandler            
00000e8b  T32_INT2_IRQHandler            
00000e8b  T32_INTC_IRQHandler            
00000e8b  TA0_0_IRQHandler               
00000e8b  TA0_N_IRQHandler               
00000e8b  TA1_0_IRQHandler               
00000e8b  TA1_N_IRQHandler               
00000e8b  TA2_0_IRQHandler               
00000e8b  TA2_N_IRQHandler               
00000e8b  TA3_0_IRQHandler               
00000e8b  TA3_N_IRQHandler               
0000080d  UART_config                    
00000897  UART_putchar                   
00000e8b  UsageFault_Handler             
4000480c  WDTCTL_SYM                     
00000e8b  WDT_A_IRQHandler               
20010000  __STACK_END                    
00000200  __STACK_SIZE                   
00000400  __SYSMEM_SIZE                  
00000ecc  __TI_CINIT_Base                
00000ed4  __TI_CINIT_Limit               
00000ec4  __TI_Handler_Table_Base        
00000ecc  __TI_Handler_Table_Limit       
00000c35  __TI_auto_init                 
20000400  __TI_cleanup_ptr               
00000ca5  __TI_decompress_lzss           
00000e71  __TI_decompress_none           
20000404  __TI_dtors_ptr                 
20000408  __TI_enable_exit_profile_output
ffffffff  __TI_pprof_out_hndl            
ffffffff  __TI_prof_data_size            
ffffffff  __TI_prof_data_start           
00000000  __TI_static_base__             
00000b27  __aeabi_memcpy                 
00000b27  __aeabi_memcpy4                
00000b27  __aeabi_memcpy8                
ffffffff  __binit__                      
ffffffff  __c_args__                     
00000bc3  __mpu_init                     
2000fe00  __stack                        
00000e45  _args_main                     
00000d0d  _c_int00                       
20000418  _lock                          
00000e6b  _nop                           
00000e63  _register_lock                 
00000e5d  _register_unlock               
20000000  _sys_memory                    
00000e91  _system_post_cinit             
00000e8d  _system_pre_init               
2000041c  _unlock                        
00000d65  abort                          
ffffffff  binit                          
00000485  calloc                         
00000e01  configure_clocks               
00000db5  copy_in                        
00000d6d  exit                           
000001cf  free                           
00000000  interruptVectors               
00000bc5  main                           
20000420  main_func_sp                   
00000165  malloc                         
00000399  memalign                       
00000b27  memcpy                         
000000e5  minit                          
00000291  realloc                        
000008b3  uart_putchar_n                 


GLOBAL SYMBOLS: SORTED BY Symbol Address 

address   name                           
-------   ----                           
00000000  __TI_static_base__             
00000000  interruptVectors               
000000e5  minit                          
00000165  malloc                         
000001cf  free                           
00000200  __STACK_SIZE                   
00000291  realloc                        
00000399  memalign                       
00000400  __SYSMEM_SIZE                  
00000485  calloc                         
000004b5  SystemCoreClockUpdate          
00000729  SystemInit                     
0000080d  UART_config                    
00000897  UART_putchar                   
000008b3  uart_putchar_n                 
000008f9  EUSCIA0_IRQHandler             
000008f9  EUSCIA0_IRQHandler             
00000989  CB_initialize_buffer           
000009bb  CB_clear_buffer                
000009dd  CB_delete_buffer               
000009f3  CB_is_buffer_full              
00000a19  CB_is_buffer_empty             
00000a39  CB_add_item_to_buffer          
00000ab7  CB_remove_item_from_buffer     
00000b27  __aeabi_memcpy                 
00000b27  __aeabi_memcpy4                
00000b27  __aeabi_memcpy8                
00000b27  memcpy                         
00000bc3  __mpu_init                     
00000bc5  main                           
00000bfd  HSMCLK_OUT                     
00000c35  __TI_auto_init                 
00000ca5  __TI_decompress_lzss           
00000d0d  _c_int00                       
00000d61  C$$EXIT                        
00000d65  abort                          
00000d6d  exit                           
00000db5  copy_in                        
00000e01  configure_clocks               
00000e45  _args_main                     
00000e5d  _register_unlock               
00000e63  _register_lock                 
00000e6b  _nop                           
00000e71  __TI_decompress_none           
00000e7f  Reset_Handler                  
00000e8b  ADC14_IRQHandler               
00000e8b  AES256_IRQHandler              
00000e8b  BusFault_Handler               
00000e8b  COMP_E0_IRQHandler             
00000e8b  COMP_E1_IRQHandler             
00000e8b  CS_IRQHandler                  
00000e8b  DMA_ERR_IRQHandler             
00000e8b  DMA_INT0_IRQHandler            
00000e8b  DMA_INT1_IRQHandler            
00000e8b  DMA_INT2_IRQHandler            
00000e8b  DMA_INT3_IRQHandler            
00000e8b  DebugMon_Handler               
00000e8b  Default_Handler                
00000e8b  EUSCIA1_IRQHandler             
00000e8b  EUSCIA2_IRQHandler             
00000e8b  EUSCIA3_IRQHandler             
00000e8b  EUSCIB0_IRQHandler             
00000e8b  EUSCIB1_IRQHandler             
00000e8b  EUSCIB2_IRQHandler             
00000e8b  EUSCIB3_IRQHandler             
00000e8b  FLCTL_IRQHandler               
00000e8b  FPU_IRQHandler                 
00000e8b  HardFault_Handler              
00000e8b  MemManage_Handler              
00000e8b  NMI_Handler                    
00000e8b  PCM_IRQHandler                 
00000e8b  PORT1_IRQHandler               
00000e8b  PORT2_IRQHandler               
00000e8b  PORT3_IRQHandler               
00000e8b  PORT4_IRQHandler               
00000e8b  PORT5_IRQHandler               
00000e8b  PORT6_IRQHandler               
00000e8b  PSS_IRQHandler                 
00000e8b  PendSV_Handler                 
00000e8b  RTC_C_IRQHandler               
00000e8b  SVC_Handler                    
00000e8b  SysTick_Handler                
00000e8b  T32_INT1_IRQHandler            
00000e8b  T32_INT2_IRQHandler            
00000e8b  T32_INTC_IRQHandler            
00000e8b  TA0_0_IRQHandler               
00000e8b  TA0_N_IRQHandler               
00000e8b  TA1_0_IRQHandler               
00000e8b  TA1_N_IRQHandler               
00000e8b  TA2_0_IRQHandler               
00000e8b  TA2_N_IRQHandler               
00000e8b  TA3_0_IRQHandler               
00000e8b  TA3_N_IRQHandler               
00000e8b  UsageFault_Handler             
00000e8b  WDT_A_IRQHandler               
00000e8d  _system_pre_init               
00000e91  _system_post_cinit             
00000ec4  __TI_Handler_Table_Base        
00000ecc  __TI_CINIT_Base                
00000ecc  __TI_Handler_Table_Limit       
00000ed4  __TI_CINIT_Limit               
20000000  _sys_memory                    
20000400  __TI_cleanup_ptr               
20000404  __TI_dtors_ptr                 
20000408  __TI_enable_exit_profile_output
20000418  _lock                          
2000041c  _unlock                        
20000420  main_func_sp                   
20000424  SystemCoreClock                
2000fe00  __stack                        
20010000  __STACK_END                    
4000480c  WDTCTL_SYM                     
ffffffff  __TI_pprof_out_hndl            
ffffffff  __TI_prof_data_size            
ffffffff  __TI_prof_data_start           
ffffffff  __binit__                      
ffffffff  __c_args__                     
ffffffff  binit                          
UNDEFED   SHT$$INIT_ARRAY$$Base          
UNDEFED   SHT$$INIT_ARRAY$$Limit         

[120 symbols]
