******************************************************************************
                  TI ARM Linker Unix v16.9.3                   
******************************************************************************
>> Linked Sat Oct  7 20:42:30 2017

OUTPUT FILE NAME:   <lab3_uart.out>
ENTRY POINT SYMBOL: "_c_int00"  address: 00000e25


MEMORY CONFIGURATION

         name            origin    length      used     unused   attr    fill
----------------------  --------  ---------  --------  --------  ----  --------
  MAIN                  00000000   00040000  0000100e  0003eff2  R  X
  INFO                  00200000   00004000  00000000  00004000  R  X
  SRAM_CODE             01000000   00010000  00000658  0000f9a8  RW X
  SRAM_DATA             20000000   00010000  00000658  0000f9a8  RW  


SEGMENT ALLOCATION MAP

run origin  load origin   length   init length attrs members
----------  ----------- ---------- ----------- ----- -------
00000000    00000000    00001010   00001010    r-x
  00000000    00000000    000000e4   000000e4    r-- .intvecs
  000000e4    000000e4    00000ed2   00000ed2    r-x .text
  00000fb8    00000fb8    00000058   00000058    r-- .cinit
20000000    20000000    00000458   00000000    rw-
  20000000    20000000    00000400   00000000    rw- .sysmem
  20000400    20000400    00000040   00000000    rw- .data
  20000440    20000440    00000018   00000000    rw- .bss
2000fe00    2000fe00    00000200   00000000    rw-
  2000fe00    2000fe00    00000200   00000000    rw- .stack


SECTION ALLOCATION MAP

 output                                  attributes/
section   page    origin      length       input sections
--------  ----  ----------  ----------   ----------------
.intvecs   0    00000000    000000e4     
                  00000000    000000e4     startup_msp432p401r_ccs.obj (.intvecs:retain)

.text      0    000000e4    00000ed2     
                  000000e4    000003d0     rtsv7M4_T_le_v4SPD16_eabi.lib : memory.obj (.text)
                  000004b4    0000032c     system_msp432p401r.obj (.text)
                  000007e0    000001d8     circ_buffer_basic.obj (.text)
                  000009b8    000001bc     uart.obj (.text)
                  00000b74    000000c0     main.obj (.text)
                  00000c34    0000009c     rtsv7M4_T_le_v4SPD16_eabi.lib : memcpy_t2.obj (.text)
                  00000cd0    0000007a                                   : memset_t2.obj (.text)
                  00000d4a    00000002                                   : mpu_init.obj (.text)
                  00000d4c    00000070                                   : autoinit.obj (.text)
                  00000dbc    00000068                                   : copy_decompress_lzss.obj (.text:decompress:lzss)
                  00000e24    00000054                                   : boot.obj (.text)
                  00000e78    00000054                                   : exit.obj (.text)
                  00000ecc    0000004c                                   : cpy_tbl.obj (.text)
                  00000f18    00000044     lab3.obj (.text)
                  00000f5c    00000018     rtsv7M4_T_le_v4SPD16_eabi.lib : args_main.obj (.text)
                  00000f74    00000014                                   : _lock.obj (.text)
                  00000f88    0000000e                                   : copy_decompress_none.obj (.text:decompress:none)
                  00000f96    0000000e     startup_msp432p401r_ccs.obj (.text)
                  00000fa4    0000000c     rtsv7M4_T_le_v4SPD16_eabi.lib : copy_zero_init.obj (.text:decompress:ZI)
                  00000fb0    00000004                                   : pre_init.obj (.text)
                  00000fb4    00000002                                   : startup.obj (.text)

.cinit     0    00000fb8    00000058     
                  00000fb8    00000033     (.cinit..data.load) [load image, compression = lzss]
                  00000feb    00000001     --HOLE-- [fill = 0]
                  00000fec    0000000c     (__TI_handler_table)
                  00000ff8    00000008     (.cinit..bss.load) [load image, compression = zero_init]
                  00001000    00000010     (__TI_cinit_table)

.init_array 
*          0    00000000    00000000     UNINITIALIZED

.binit     0    00000000    00000000     

.sysmem    0    20000000    00000400     UNINITIALIZED
                  20000000    00000008     rtsv7M4_T_le_v4SPD16_eabi.lib : memory.obj (.sysmem)
                  20000008    000003f8     --HOLE--

.data      0    20000400    00000040     UNINITIALIZED
                  20000400    00000011     main.obj (.data:zoid)
                  20000411    00000003     --HOLE--
                  20000414    0000000c     rtsv7M4_T_le_v4SPD16_eabi.lib : exit.obj (.data:$O1$$)
                  20000420    0000000c                                   : memory.obj (.data:$O1$$)
                  2000042c    00000008                                   : _lock.obj (.data:$O1$$)
                  20000434    00000004     main.obj (.data)
                  20000438    00000004     rtsv7M4_T_le_v4SPD16_eabi.lib : stkdepth_vars.obj (.data)
                  2000043c    00000004     system_msp432p401r.obj (.data)

.bss       0    20000440    00000018     UNINITIALIZED
                  20000440    00000018     (.common:myBuffer)

.stack     0    2000fe00    00000200     UNINITIALIZED
                  2000fe00    00000200     --HOLE--

MODULE SUMMARY

       Module                        code   ro data   rw data
       ------                        ----   -------   -------
    ./
       system_msp432p401r.obj        812    0         8      
       circ_buffer_basic.obj         472    0         0      
       uart.obj                      444    0         0      
       main.obj                      192    0         90     
       startup_msp432p401r_ccs.obj   14     228       0      
       lab3.obj                      68     0         0      
    +--+-----------------------------+------+---------+---------+
       Total:                        2002   228       98     
                                                             
    /home/kk/ti/ccsv7/tools/compiler/ti-cgt-arm_16.9.3.LTS/lib/rtsv7M4_T_le_v4SPD16_eabi.lib
       memory.obj                    976    0         24     
       memcpy_t2.obj                 156    0         0      
       memset_t2.obj                 122    0         0      
       autoinit.obj                  112    0         0      
       exit.obj                      84     0         24     
       copy_decompress_lzss.obj      104    0         0      
       boot.obj                      84     0         0      
       cpy_tbl.obj                   76     0         0      
       _lock.obj                     20     0         16     
       args_main.obj                 24     0         0      
       copy_decompress_none.obj      14     0         0      
       copy_zero_init.obj            12     0         0      
       stkdepth_vars.obj             0      0         8      
       pre_init.obj                  4      0         0      
       mpu_init.obj                  2      0         0      
       startup.obj                   2      0         0      
    +--+-----------------------------+------+---------+---------+
       Total:                        1792   0         72     
                                                             
       Heap:                         0      0         2048   
       Stack:                        0      0         1024   
       Linker Generated:             0      87        0      
    +--+-----------------------------+------+---------+---------+
       Grand Total:                  3794   315       3242   


LINKER GENERATED COPY TABLES

__TI_cinit_table @ 00001000 records: 2, size/record: 8, table size: 16
	.data: load addr=00000fb8, load size=00000033 bytes, run addr=20000400, run size=00000040 bytes, compression=lzss
	.bss: load addr=00000ff8, load size=00000008 bytes, run addr=20000440, run size=00000018 bytes, compression=zero_init


LINKER GENERATED HANDLER TABLE

__TI_handler_table @ 00000fec records: 3, size/record: 4, table size: 12
	index: 0, handler: __TI_decompress_lzss
	index: 1, handler: __TI_decompress_none
	index: 2, handler: __TI_zero_init


GLOBAL SYMBOLS: SORTED ALPHABETICALLY BY Name 

address   name                           
-------   ----                           
00000fa3  ADC14_IRQHandler               
00000fa3  AES256_IRQHandler              
00000fa3  BusFault_Handler               
00000e79  C$$EXIT                        
00000fa3  COMP_E0_IRQHandler             
00000fa3  COMP_E1_IRQHandler             
00000fa3  CS_IRQHandler                  
00000fa3  DMA_ERR_IRQHandler             
00000fa3  DMA_INT0_IRQHandler            
00000fa3  DMA_INT1_IRQHandler            
00000fa3  DMA_INT2_IRQHandler            
00000fa3  DMA_INT3_IRQHandler            
00000fa3  DebugMon_Handler               
00000fa3  Default_Handler                
00000ad1  EUSCIA0_IRQHandler             
00000ad1  EUSCIA0_IRQHandler             
00000fa3  EUSCIA1_IRQHandler             
00000fa3  EUSCIA2_IRQHandler             
00000fa3  EUSCIA3_IRQHandler             
00000fa3  EUSCIB0_IRQHandler             
00000fa3  EUSCIB1_IRQHandler             
00000fa3  EUSCIB2_IRQHandler             
00000fa3  EUSCIB3_IRQHandler             
00000fa3  FLCTL_IRQHandler               
00000fa3  FPU_IRQHandler                 
00000bed  HSMCLK_OUT                     
00000fa3  HardFault_Handler              
00000fa3  MemManage_Handler              
00000fa3  NMI_Handler                    
00000fa3  PCM_IRQHandler                 
00000fa3  PORT1_IRQHandler               
00000fa3  PORT2_IRQHandler               
00000fa3  PORT3_IRQHandler               
00000fa3  PORT4_IRQHandler               
00000fa3  PORT5_IRQHandler               
00000fa3  PORT6_IRQHandler               
00000fa3  PSS_IRQHandler                 
00000fa3  PendSV_Handler                 
00000fa3  RTC_C_IRQHandler               
00000f97  Reset_Handler                  
UNDEFED   SHT$$INIT_ARRAY$$Base          
UNDEFED   SHT$$INIT_ARRAY$$Limit         
00000fa3  SVC_Handler                    
00000fa3  SysTick_Handler                
2000043c  SystemCoreClock                
000004b5  SystemCoreClockUpdate          
00000729  SystemInit                     
00000fa3  T32_INT1_IRQHandler            
00000fa3  T32_INT2_IRQHandler            
00000fa3  T32_INTC_IRQHandler            
00000fa3  TA0_0_IRQHandler               
00000fa3  TA0_N_IRQHandler               
00000fa3  TA1_0_IRQHandler               
00000fa3  TA1_N_IRQHandler               
00000fa3  TA2_0_IRQHandler               
00000fa3  TA2_N_IRQHandler               
00000fa3  TA3_0_IRQHandler               
00000fa3  TA3_N_IRQHandler               
000009e5  UART_config                    
00000a6f  UART_putchar                   
00000fa3  UsageFault_Handler             
4000480c  WDTCTL_SYM                     
00000fa3  WDT_A_IRQHandler               
20010000  __STACK_END                    
00000200  __STACK_SIZE                   
00000400  __SYSMEM_SIZE                  
00001000  __TI_CINIT_Base                
00001010  __TI_CINIT_Limit               
00000fec  __TI_Handler_Table_Base        
00000ff8  __TI_Handler_Table_Limit       
00000d4d  __TI_auto_init                 
20000414  __TI_cleanup_ptr               
00000dbd  __TI_decompress_lzss           
00000f89  __TI_decompress_none           
20000418  __TI_dtors_ptr                 
2000041c  __TI_enable_exit_profile_output
ffffffff  __TI_pprof_out_hndl            
ffffffff  __TI_prof_data_size            
ffffffff  __TI_prof_data_start           
00000000  __TI_static_base__             
00000fa5  __TI_zero_init                 
00000cd1  __aeabi_memclr                 
00000cd1  __aeabi_memclr4                
00000cd1  __aeabi_memclr8                
00000c35  __aeabi_memcpy                 
00000c35  __aeabi_memcpy4                
00000c35  __aeabi_memcpy8                
00000cd3  __aeabi_memset                 
00000cd3  __aeabi_memset4                
00000cd3  __aeabi_memset8                
ffffffff  __binit__                      
ffffffff  __c_args__                     
00000d4b  __mpu_init                     
2000fe00  __stack                        
00000f5d  _args_main                     
00000e25  _c_int00                       
2000042c  _lock                          
00000f83  _nop                           
00000f7b  _register_lock                 
00000f75  _register_unlock               
20000000  _sys_memory                    
00000fb5  _system_post_cinit             
00000fb1  _system_pre_init               
20000430  _unlock                        
00000e7d  abort                          
00000833  add_To_Buffer                  
ffffffff  binit                          
00000485  calloc                         
00000f19  configure_clocks               
00000ecd  copy_in                        
00000e85  exit                           
000001cf  free                           
000007e1  initialize_Circ_Buffer         
00000000  interruptVectors               
000009a1  is_Circ_Buf_Empty              
00000981  is_Circ_Buf_Full               
00000b75  main                           
20000438  main_func_sp                   
00000165  malloc                         
00000399  memalign                       
00000c35  memcpy                         
00000cd9  memset                         
000000e5  minit                          
20000440  myBuffer                       
20000434  myBufferPTR                    
00000291  realloc                        
000008bf  remove_From_Buffer             
00000a8b  uart_putchar_n                 
20000400  zoid                           


GLOBAL SYMBOLS: SORTED BY Symbol Address 

address   name                           
-------   ----                           
00000000  __TI_static_base__             
00000000  interruptVectors               
000000e5  minit                          
00000165  malloc                         
000001cf  free                           
00000200  __STACK_SIZE                   
00000291  realloc                        
00000399  memalign                       
00000400  __SYSMEM_SIZE                  
00000485  calloc                         
000004b5  SystemCoreClockUpdate          
00000729  SystemInit                     
000007e1  initialize_Circ_Buffer         
00000833  add_To_Buffer                  
000008bf  remove_From_Buffer             
00000981  is_Circ_Buf_Full               
000009a1  is_Circ_Buf_Empty              
000009e5  UART_config                    
00000a6f  UART_putchar                   
00000a8b  uart_putchar_n                 
00000ad1  EUSCIA0_IRQHandler             
00000ad1  EUSCIA0_IRQHandler             
00000b75  main                           
00000bed  HSMCLK_OUT                     
00000c35  __aeabi_memcpy                 
00000c35  __aeabi_memcpy4                
00000c35  __aeabi_memcpy8                
00000c35  memcpy                         
00000cd1  __aeabi_memclr                 
00000cd1  __aeabi_memclr4                
00000cd1  __aeabi_memclr8                
00000cd3  __aeabi_memset                 
00000cd3  __aeabi_memset4                
00000cd3  __aeabi_memset8                
00000cd9  memset                         
00000d4b  __mpu_init                     
00000d4d  __TI_auto_init                 
00000dbd  __TI_decompress_lzss           
00000e25  _c_int00                       
00000e79  C$$EXIT                        
00000e7d  abort                          
00000e85  exit                           
00000ecd  copy_in                        
00000f19  configure_clocks               
00000f5d  _args_main                     
00000f75  _register_unlock               
00000f7b  _register_lock                 
00000f83  _nop                           
00000f89  __TI_decompress_none           
00000f97  Reset_Handler                  
00000fa3  ADC14_IRQHandler               
00000fa3  AES256_IRQHandler              
00000fa3  BusFault_Handler               
00000fa3  COMP_E0_IRQHandler             
00000fa3  COMP_E1_IRQHandler             
00000fa3  CS_IRQHandler                  
00000fa3  DMA_ERR_IRQHandler             
00000fa3  DMA_INT0_IRQHandler            
00000fa3  DMA_INT1_IRQHandler            
00000fa3  DMA_INT2_IRQHandler            
00000fa3  DMA_INT3_IRQHandler            
00000fa3  DebugMon_Handler               
00000fa3  Default_Handler                
00000fa3  EUSCIA1_IRQHandler             
00000fa3  EUSCIA2_IRQHandler             
00000fa3  EUSCIA3_IRQHandler             
00000fa3  EUSCIB0_IRQHandler             
00000fa3  EUSCIB1_IRQHandler             
00000fa3  EUSCIB2_IRQHandler             
00000fa3  EUSCIB3_IRQHandler             
00000fa3  FLCTL_IRQHandler               
00000fa3  FPU_IRQHandler                 
00000fa3  HardFault_Handler              
00000fa3  MemManage_Handler              
00000fa3  NMI_Handler                    
00000fa3  PCM_IRQHandler                 
00000fa3  PORT1_IRQHandler               
00000fa3  PORT2_IRQHandler               
00000fa3  PORT3_IRQHandler               
00000fa3  PORT4_IRQHandler               
00000fa3  PORT5_IRQHandler               
00000fa3  PORT6_IRQHandler               
00000fa3  PSS_IRQHandler                 
00000fa3  PendSV_Handler                 
00000fa3  RTC_C_IRQHandler               
00000fa3  SVC_Handler                    
00000fa3  SysTick_Handler                
00000fa3  T32_INT1_IRQHandler            
00000fa3  T32_INT2_IRQHandler            
00000fa3  T32_INTC_IRQHandler            
00000fa3  TA0_0_IRQHandler               
00000fa3  TA0_N_IRQHandler               
00000fa3  TA1_0_IRQHandler               
00000fa3  TA1_N_IRQHandler               
00000fa3  TA2_0_IRQHandler               
00000fa3  TA2_N_IRQHandler               
00000fa3  TA3_0_IRQHandler               
00000fa3  TA3_N_IRQHandler               
00000fa3  UsageFault_Handler             
00000fa3  WDT_A_IRQHandler               
00000fa5  __TI_zero_init                 
00000fb1  _system_pre_init               
00000fb5  _system_post_cinit             
00000fec  __TI_Handler_Table_Base        
00000ff8  __TI_Handler_Table_Limit       
00001000  __TI_CINIT_Base                
00001010  __TI_CINIT_Limit               
20000000  _sys_memory                    
20000400  zoid                           
20000414  __TI_cleanup_ptr               
20000418  __TI_dtors_ptr                 
2000041c  __TI_enable_exit_profile_output
2000042c  _lock                          
20000430  _unlock                        
20000434  myBufferPTR                    
20000438  main_func_sp                   
2000043c  SystemCoreClock                
20000440  myBuffer                       
2000fe00  __stack                        
20010000  __STACK_END                    
4000480c  WDTCTL_SYM                     
ffffffff  __TI_pprof_out_hndl            
ffffffff  __TI_prof_data_size            
ffffffff  __TI_prof_data_start           
ffffffff  __binit__                      
ffffffff  __c_args__                     
ffffffff  binit                          
UNDEFED   SHT$$INIT_ARRAY$$Base          
UNDEFED   SHT$$INIT_ARRAY$$Limit         

[129 symbols]
