******************************************************************************
                  TI ARM Linker Unix v16.9.3                   
******************************************************************************
>> Linked Mon Oct  9 00:00:46 2017

OUTPUT FILE NAME:   <lab3_uart.out>
ENTRY POINT SYMBOL: "_c_int00"  address: 000028a1


MEMORY CONFIGURATION

         name            origin    length      used     unused   attr    fill
----------------------  --------  ---------  --------  --------  ----  --------
  MAIN                  00000000   00040000  00002ae4  0003d51c  R  X
  INFO                  00200000   00004000  00000000  00004000  R  X
  SRAM_CODE             01000000   00010000  0000065c  0000f9a4  RW X
  SRAM_DATA             20000000   00010000  0000065c  0000f9a4  RW  


SEGMENT ALLOCATION MAP

run origin  load origin   length   init length attrs members
----------  ----------- ---------- ----------- ----- -------
00000000    00000000    00002ae8   00002ae8    r-x
  00000000    00000000    000000e4   000000e4    r-- .intvecs
  000000e4    000000e4    00002980   00002980    r-x .text
  00002a68    00002a68    00000030   00000030    r-- .const
  00002a98    00002a98    00000050   00000050    r-- .cinit
20000000    20000000    0000045c   00000000    rw-
  20000000    20000000    00000400   00000000    rw- .sysmem
  20000400    20000400    00000040   00000000    rw- .data
  20000440    20000440    0000001c   00000000    rw- .bss
2000fe00    2000fe00    00000200   00000000    rw-
  2000fe00    2000fe00    00000200   00000000    rw- .stack


SECTION ALLOCATION MAP

 output                                  attributes/
section   page    origin      length       input sections
--------  ----  ----------  ----------   ----------------
.intvecs   0    00000000    000000e4     
                  00000000    000000e4     startup_msp432p401r_ccs.obj (.intvecs:retain)

.text      0    000000e4    00002980     
                  000000e4    000009ac     rtsv7M4_T_le_v4SPD16_eabi.lib : e_pow.obj (.text)
                  00000a90    000004c8     main.obj (.text)
                  00000f58    000003dc     lab3.obj (.text)
                  00001334    000003d0     rtsv7M4_T_le_v4SPD16_eabi.lib : memory.obj (.text)
                  00001704    0000032c     system_msp432p401r.obj (.text)
                  00001a30    00000314     circ_buffer_basic.obj (.text)
                  00001d44    000001b6     rtsv7M4_T_le_v4SPD16_eabi.lib : fd_add_t2.obj (.text)
                  00001efa    00000002                                   : mpu_init.obj (.text)
                  00001efc    00000198     uart.obj (.text)
                  00002094    00000170     rtsv7M4_T_le_v4SPD16_eabi.lib : e_sqrt.obj (.text)
                  00002204    00000136                                   : fd_div_t2.obj (.text)
                  0000233a    000000fc                                   : fd_mul_t2.obj (.text)
                  00002436    00000002                                   : startup.obj (.text)
                  00002438    000000fc                                   : s_scalbn.obj (.text)
                  00002534    0000009c                                   : memcpy_t2.obj (.text)
                  000025d0    00000086                                   : fd_cmp_t2.obj (.text:__aeabi_cdcmple)
                  00002656    00000086                                   : fd_cmp_t2.obj (.text:__aeabi_cdrcmple)
                  000026dc    0000007a                                   : memset_t2.obj (.text)
                  00002756    00000002     --HOLE-- [fill = 0]
                  00002758    00000070                                   : autoinit.obj (.text)
                  000027c8    0000006e                                   : fd_tos_t2.obj (.text)
                  00002836    00000068                                   : copy_decompress_lzss.obj (.text:decompress:lzss)
                  0000289e    00000002     --HOLE-- [fill = 0]
                  000028a0    00000054                                   : boot.obj (.text)
                  000028f4    00000054                                   : exit.obj (.text)
                  00002948    0000004c                                   : cpy_tbl.obj (.text)
                  00002994    0000002e                                   : i_tofd_t2.obj (.text)
                  000029c2    00000020                                   : u_tofd_t2.obj (.text)
                  000029e2    00000002     --HOLE-- [fill = 0]
                  000029e4    00000018                                   : args_main.obj (.text)
                  000029fc    00000014                                   : _lock.obj (.text)
                  00002a10    00000014                                   : s_copysign.obj (.text)
                  00002a24    00000014                                   : strlen.obj (.text)
                  00002a38    0000000e                                   : copy_decompress_none.obj (.text:decompress:none)
                  00002a46    0000000e     startup_msp432p401r_ccs.obj (.text)
                  00002a54    0000000c     rtsv7M4_T_le_v4SPD16_eabi.lib : copy_zero_init.obj (.text:decompress:ZI)
                  00002a60    00000004                                   : pre_init.obj (.text)

.const     0    00002a68    00000030     
                  00002a68    00000030     rtsv7M4_T_le_v4SPD16_eabi.lib : e_pow.obj (.const:$O1$$)

.cinit     0    00002a98    00000050     
                  00002a98    00000027     (.cinit..data.load) [load image, compression = lzss]
                  00002abf    00000001     --HOLE-- [fill = 0]
                  00002ac0    0000000c     (__TI_handler_table)
                  00002acc    00000004     --HOLE-- [fill = 0]
                  00002ad0    00000008     (.cinit..bss.load) [load image, compression = zero_init]
                  00002ad8    00000010     (__TI_cinit_table)

.init_array 
*          0    00000000    00000000     UNINITIALIZED

.binit     0    00000000    00000000     

.sysmem    0    20000000    00000400     UNINITIALIZED
                  20000000    00000008     rtsv7M4_T_le_v4SPD16_eabi.lib : memory.obj (.sysmem)
                  20000008    000003f8     --HOLE--

.data      0    20000400    00000040     UNINITIALIZED
                  20000400    0000000c     rtsv7M4_T_le_v4SPD16_eabi.lib : exit.obj (.data:$O1$$)
                  2000040c    0000000c                                   : memory.obj (.data:$O1$$)
                  20000418    0000000c     main.obj (.data)
                  20000424    00000008     rtsv7M4_T_le_v4SPD16_eabi.lib : _lock.obj (.data:$O1$$)
                  2000042c    00000005     main.obj (.data:count)
                  20000431    00000003     --HOLE--
                  20000434    00000004     rtsv7M4_T_le_v4SPD16_eabi.lib : errno.obj (.data)
                  20000438    00000004                                   : stkdepth_vars.obj (.data)
                  2000043c    00000004     system_msp432p401r.obj (.data)

.bss       0    20000440    0000001c     UNINITIALIZED
                  20000440    00000018     (.common:myBuffer)
                  20000458    00000004     (.common:global_number_Of_Beam_Breaks)

.stack     0    2000fe00    00000200     UNINITIALIZED
                  2000fe00    00000200     --HOLE--

MODULE SUMMARY

       Module                        code    ro data   rw data
       ------                        ----    -------   -------
    ./
       main.obj                      1224    0         90     
       lab3.obj                      988     0         0      
       system_msp432p401r.obj        812     0         8      
       circ_buffer_basic.obj         788     0         0      
       uart.obj                      408     0         0      
       startup_msp432p401r_ccs.obj   14      228       0      
    +--+-----------------------------+-------+---------+---------+
       Total:                        4234    228       98     
                                                              
    /home/kk/ti/ccsv7/tools/compiler/ti-cgt-arm_16.9.3.LTS/lib/rtsv7M4_T_le_v4SPD16_eabi.lib
       e_pow.obj                     2476    48        0      
       memory.obj                    976     0         24     
       fd_add_t2.obj                 438     0         0      
       e_sqrt.obj                    368     0         0      
       fd_div_t2.obj                 310     0         0      
       fd_cmp_t2.obj                 268     0         0      
       fd_mul_t2.obj                 252     0         0      
       s_scalbn.obj                  252     0         0      
       memcpy_t2.obj                 156     0         0      
       memset_t2.obj                 122     0         0      
       autoinit.obj                  112     0         0      
       fd_tos_t2.obj                 110     0         0      
       exit.obj                      84      0         24     
       copy_decompress_lzss.obj      104     0         0      
       boot.obj                      84      0         0      
       cpy_tbl.obj                   76      0         0      
       i_tofd_t2.obj                 46      0         0      
       _lock.obj                     20      0         16     
       u_tofd_t2.obj                 32      0         0      
       args_main.obj                 24      0         0      
       s_copysign.obj                20      0         0      
       strlen.obj                    20      0         0      
       copy_decompress_none.obj      14      0         0      
       copy_zero_init.obj            12      0         0      
       errno.obj                     0       0         8      
       stkdepth_vars.obj             0       0         8      
       pre_init.obj                  4       0         0      
       mpu_init.obj                  2       0         0      
       startup.obj                   2       0         0      
    +--+-----------------------------+-------+---------+---------+
       Total:                        6384    48        80     
                                                              
       Heap:                         0       0         2048   
       Stack:                        0       0         1024   
       Linker Generated:             0       75        0      
    +--+-----------------------------+-------+---------+---------+
       Grand Total:                  10618   351       3250   


LINKER GENERATED COPY TABLES

__TI_cinit_table @ 00002ad8 records: 2, size/record: 8, table size: 16
	.data: load addr=00002a98, load size=00000027 bytes, run addr=20000400, run size=00000040 bytes, compression=lzss
	.bss: load addr=00002ad0, load size=00000008 bytes, run addr=20000440, run size=0000001c bytes, compression=zero_init


LINKER GENERATED HANDLER TABLE

__TI_handler_table @ 00002ac0 records: 3, size/record: 4, table size: 12
	index: 0, handler: __TI_decompress_lzss
	index: 1, handler: __TI_decompress_none
	index: 2, handler: __TI_zero_init


GLOBAL SYMBOLS: SORTED ALPHABETICALLY BY Name 

address   name                           
-------   ----                           
00002a53  ADC14_IRQHandler               
00002a53  AES256_IRQHandler              
00002a53  BusFault_Handler               
000028f5  C$$EXIT                        
00002a53  COMP_E0_IRQHandler             
00002a53  COMP_E1_IRQHandler             
00002a53  CS_IRQHandler                  
2000041d  Calculate_Distance             
2000041c  Calculate_Stats                
00002a53  DMA_ERR_IRQHandler             
00002a53  DMA_INT0_IRQHandler            
00002a53  DMA_INT1_IRQHandler            
00002a53  DMA_INT2_IRQHandler            
00002a53  DMA_INT3_IRQHandler            
00002a53  DebugMon_Handler               
00002a53  Default_Handler                
00002007  EUSCIA0_IRQHandler             
00002007  EUSCIA0_IRQHandler             
00002a53  EUSCIA1_IRQHandler             
00002a53  EUSCIA2_IRQHandler             
00002a53  EUSCIA3_IRQHandler             
00002a53  EUSCIB0_IRQHandler             
00002a53  EUSCIB1_IRQHandler             
00002a53  EUSCIB2_IRQHandler             
00002a53  EUSCIB3_IRQHandler             
00002a53  FLCTL_IRQHandler               
00002a53  FPU_IRQHandler                 
00000e1d  HSMCLK_OUT                     
00002a53  HardFault_Handler              
00002a53  MemManage_Handler              
00002a53  NMI_Handler                    
00002a53  PCM_IRQHandler                 
000010a9  PORT1_IRQHandler               
000010a9  PORT1_IRQHandler               
00002a53  PORT2_IRQHandler               
000010ff  PORT3_IRQHandler               
000010ff  PORT3_IRQHandler               
00002a53  PORT4_IRQHandler               
00002a53  PORT5_IRQHandler               
00002a53  PORT6_IRQHandler               
00002a53  PSS_IRQHandler                 
00002a53  PendSV_Handler                 
00002a53  RTC_C_IRQHandler               
00002a47  Reset_Handler                  
UNDEFED   SHT$$INIT_ARRAY$$Base          
UNDEFED   SHT$$INIT_ARRAY$$Limit         
00002a53  SVC_Handler                    
00002a53  SysTick_Handler                
2000043c  SystemCoreClock                
00001705  SystemCoreClockUpdate          
00001979  SystemInit                     
00002a53  T32_INT1_IRQHandler            
00002a53  T32_INT2_IRQHandler            
00002a53  T32_INTC_IRQHandler            
00002a53  TA0_0_IRQHandler               
00002a53  TA0_N_IRQHandler               
00002a53  TA1_0_IRQHandler               
00002a53  TA1_N_IRQHandler               
00002a53  TA2_0_IRQHandler               
00002a53  TA2_N_IRQHandler               
00002a53  TA3_0_IRQHandler               
00002a53  TA3_N_IRQHandler               
00001f29  UART_config                    
00001fad  UART_putchar                   
00002a53  UsageFault_Handler             
4000480c  WDTCTL_SYM                     
00002a53  WDT_A_IRQHandler               
20010000  __STACK_END                    
00000200  __STACK_SIZE                   
00000400  __SYSMEM_SIZE                  
00002ad8  __TI_CINIT_Base                
00002ae8  __TI_CINIT_Limit               
00002ac0  __TI_Handler_Table_Base        
00002acc  __TI_Handler_Table_Limit       
00002759  __TI_auto_init                 
20000400  __TI_cleanup_ptr               
00002837  __TI_decompress_lzss           
00002a39  __TI_decompress_none           
20000404  __TI_dtors_ptr                 
20000408  __TI_enable_exit_profile_output
ffffffff  __TI_pprof_out_hndl            
ffffffff  __TI_prof_data_size            
ffffffff  __TI_prof_data_start           
00000000  __TI_static_base__             
00002a55  __TI_zero_init                 
000025d1  __aeabi_cdcmpeq                
000025d1  __aeabi_cdcmple                
00002657  __aeabi_cdrcmple               
000027c9  __aeabi_d2f                    
00001d4f  __aeabi_dadd                   
00002205  __aeabi_ddiv                   
0000233b  __aeabi_dmul                   
00001d45  __aeabi_dsub                   
00002995  __aeabi_i2d                    
000026dd  __aeabi_memclr                 
000026dd  __aeabi_memclr4                
000026dd  __aeabi_memclr8                
00002535  __aeabi_memcpy                 
00002535  __aeabi_memcpy4                
00002535  __aeabi_memcpy8                
000026df  __aeabi_memset                 
000026df  __aeabi_memset4                
000026df  __aeabi_memset8                
000029c3  __aeabi_ui2d                   
ffffffff  __binit__                      
ffffffff  __c_args__                     
00001efb  __mpu_init                     
2000fe00  __stack                        
000029e5  _args_main                     
000028a1  _c_int00                       
20000424  _lock                          
00002a0b  _nop                           
00002a03  _register_lock                 
000029fd  _register_unlock               
20000000  _sys_memory                    
00002437  _system_post_cinit             
00002a61  _system_pre_init               
20000428  _unlock                        
000028f9  abort                          
00001a83  add_To_Buffer                  
ffffffff  binit                          
000016d5  calloc                         
00001cb9  clear_Buffer                   
00000f85  configure_clocks               
00000fbd  configure_ports                
00002949  copy_in                        
00002a11  copysign                       
00002a11  copysignl                      
2000042c  count                          
00000e3d  create_Test_Buffer             
00001c29  currentSize                    
20000434  errno                          
00002901  exit                           
0000141f  free                           
00001289  ftoa                           
20000458  global_number_Of_Beam_Breaks   
00001a31  initialize_Circ_Buffer         
00000000  interruptVectors               
00001c11  is_Circ_Buf_Empty              
00001bf1  is_Circ_Buf_Full               
000011ed  itoa                           
00002439  ldexp                          
00002439  ldexpl                         
00000a91  main                           
20000438  main_func_sp                   
000013b5  malloc                         
000015e9  memalign                       
00002535  memcpy                         
000026e5  memset                         
00001335  minit                          
20000440  myBuffer                       
20000418  myBufferPTR                    
000000e5  pow                            
000000e5  powl                           
00001c3b  print                          
000014e1  realloc                        
00001b2f  remove_From_Buffer             
00002439  scalbn                         
00002439  scalbnl                        
00002095  sqrt                           
00002095  sqrtl                          
00002a25  strlen                         
20000420  total_distance_cummulative     
00001fc9  uart_putchar_n                 


GLOBAL SYMBOLS: SORTED BY Symbol Address 

address   name                           
-------   ----                           
00000000  __TI_static_base__             
00000000  interruptVectors               
000000e5  pow                            
000000e5  powl                           
00000200  __STACK_SIZE                   
00000400  __SYSMEM_SIZE                  
00000a91  main                           
00000e1d  HSMCLK_OUT                     
00000e3d  create_Test_Buffer             
00000f85  configure_clocks               
00000fbd  configure_ports                
000010a9  PORT1_IRQHandler               
000010a9  PORT1_IRQHandler               
000010ff  PORT3_IRQHandler               
000010ff  PORT3_IRQHandler               
000011ed  itoa                           
00001289  ftoa                           
00001335  minit                          
000013b5  malloc                         
0000141f  free                           
000014e1  realloc                        
000015e9  memalign                       
000016d5  calloc                         
00001705  SystemCoreClockUpdate          
00001979  SystemInit                     
00001a31  initialize_Circ_Buffer         
00001a83  add_To_Buffer                  
00001b2f  remove_From_Buffer             
00001bf1  is_Circ_Buf_Full               
00001c11  is_Circ_Buf_Empty              
00001c29  currentSize                    
00001c3b  print                          
00001cb9  clear_Buffer                   
00001d45  __aeabi_dsub                   
00001d4f  __aeabi_dadd                   
00001efb  __mpu_init                     
00001f29  UART_config                    
00001fad  UART_putchar                   
00001fc9  uart_putchar_n                 
00002007  EUSCIA0_IRQHandler             
00002007  EUSCIA0_IRQHandler             
00002095  sqrt                           
00002095  sqrtl                          
00002205  __aeabi_ddiv                   
0000233b  __aeabi_dmul                   
00002437  _system_post_cinit             
00002439  ldexp                          
00002439  ldexpl                         
00002439  scalbn                         
00002439  scalbnl                        
00002535  __aeabi_memcpy                 
00002535  __aeabi_memcpy4                
00002535  __aeabi_memcpy8                
00002535  memcpy                         
000025d1  __aeabi_cdcmpeq                
000025d1  __aeabi_cdcmple                
00002657  __aeabi_cdrcmple               
000026dd  __aeabi_memclr                 
000026dd  __aeabi_memclr4                
000026dd  __aeabi_memclr8                
000026df  __aeabi_memset                 
000026df  __aeabi_memset4                
000026df  __aeabi_memset8                
000026e5  memset                         
00002759  __TI_auto_init                 
000027c9  __aeabi_d2f                    
00002837  __TI_decompress_lzss           
000028a1  _c_int00                       
000028f5  C$$EXIT                        
000028f9  abort                          
00002901  exit                           
00002949  copy_in                        
00002995  __aeabi_i2d                    
000029c3  __aeabi_ui2d                   
000029e5  _args_main                     
000029fd  _register_unlock               
00002a03  _register_lock                 
00002a0b  _nop                           
00002a11  copysign                       
00002a11  copysignl                      
00002a25  strlen                         
00002a39  __TI_decompress_none           
00002a47  Reset_Handler                  
00002a53  ADC14_IRQHandler               
00002a53  AES256_IRQHandler              
00002a53  BusFault_Handler               
00002a53  COMP_E0_IRQHandler             
00002a53  COMP_E1_IRQHandler             
00002a53  CS_IRQHandler                  
00002a53  DMA_ERR_IRQHandler             
00002a53  DMA_INT0_IRQHandler            
00002a53  DMA_INT1_IRQHandler            
00002a53  DMA_INT2_IRQHandler            
00002a53  DMA_INT3_IRQHandler            
00002a53  DebugMon_Handler               
00002a53  Default_Handler                
00002a53  EUSCIA1_IRQHandler             
00002a53  EUSCIA2_IRQHandler             
00002a53  EUSCIA3_IRQHandler             
00002a53  EUSCIB0_IRQHandler             
00002a53  EUSCIB1_IRQHandler             
00002a53  EUSCIB2_IRQHandler             
00002a53  EUSCIB3_IRQHandler             
00002a53  FLCTL_IRQHandler               
00002a53  FPU_IRQHandler                 
00002a53  HardFault_Handler              
00002a53  MemManage_Handler              
00002a53  NMI_Handler                    
00002a53  PCM_IRQHandler                 
00002a53  PORT2_IRQHandler               
00002a53  PORT4_IRQHandler               
00002a53  PORT5_IRQHandler               
00002a53  PORT6_IRQHandler               
00002a53  PSS_IRQHandler                 
00002a53  PendSV_Handler                 
00002a53  RTC_C_IRQHandler               
00002a53  SVC_Handler                    
00002a53  SysTick_Handler                
00002a53  T32_INT1_IRQHandler            
00002a53  T32_INT2_IRQHandler            
00002a53  T32_INTC_IRQHandler            
00002a53  TA0_0_IRQHandler               
00002a53  TA0_N_IRQHandler               
00002a53  TA1_0_IRQHandler               
00002a53  TA1_N_IRQHandler               
00002a53  TA2_0_IRQHandler               
00002a53  TA2_N_IRQHandler               
00002a53  TA3_0_IRQHandler               
00002a53  TA3_N_IRQHandler               
00002a53  UsageFault_Handler             
00002a53  WDT_A_IRQHandler               
00002a55  __TI_zero_init                 
00002a61  _system_pre_init               
00002ac0  __TI_Handler_Table_Base        
00002acc  __TI_Handler_Table_Limit       
00002ad8  __TI_CINIT_Base                
00002ae8  __TI_CINIT_Limit               
20000000  _sys_memory                    
20000400  __TI_cleanup_ptr               
20000404  __TI_dtors_ptr                 
20000408  __TI_enable_exit_profile_output
20000418  myBufferPTR                    
2000041c  Calculate_Stats                
2000041d  Calculate_Distance             
20000420  total_distance_cummulative     
20000424  _lock                          
20000428  _unlock                        
2000042c  count                          
20000434  errno                          
20000438  main_func_sp                   
2000043c  SystemCoreClock                
20000440  myBuffer                       
20000458  global_number_Of_Beam_Breaks   
2000fe00  __stack                        
20010000  __STACK_END                    
4000480c  WDTCTL_SYM                     
ffffffff  __TI_pprof_out_hndl            
ffffffff  __TI_prof_data_size            
ffffffff  __TI_prof_data_start           
ffffffff  __binit__                      
ffffffff  __c_args__                     
ffffffff  binit                          
UNDEFED   SHT$$INIT_ARRAY$$Base          
UNDEFED   SHT$$INIT_ARRAY$$Limit         

[164 symbols]
