******************************************************************************
                  TI ARM Linker Unix v16.9.3                   
******************************************************************************
>> Linked Sat Sep 30 20:08:20 2017

OUTPUT FILE NAME:   <lab3_uart.out>
ENTRY POINT SYMBOL: "_c_int00"  address: 0000074d


MEMORY CONFIGURATION

         name            origin    length      used     unused   attr    fill
----------------------  --------  ---------  --------  --------  ----  --------
  MAIN                  00000000   00040000  000008fc  0003f704  R  X
  INFO                  00200000   00004000  00000000  00004000  R  X
  SRAM_CODE             01000000   00010000  0000021c  0000fde4  RW X
  SRAM_DATA             20000000   00010000  0000021c  0000fde4  RW  


SEGMENT ALLOCATION MAP

run origin  load origin   length   init length attrs members
----------  ----------- ---------- ----------- ----- -------
00000000    00000000    00000900   00000900    r-x
  00000000    00000000    000000e4   000000e4    r-- .intvecs
  000000e4    000000e4    000007f0   000007f0    r-x .text
  000008d8    000008d8    00000028   00000028    r-- .cinit
20000000    20000000    0000001c   00000000    rw-
  20000000    20000000    0000001c   00000000    rw- .data
2000fe00    2000fe00    00000200   00000000    rw-
  2000fe00    2000fe00    00000200   00000000    rw- .stack


SECTION ALLOCATION MAP

 output                                  attributes/
section   page    origin      length       input sections
--------  ----  ----------  ----------   ----------------
.intvecs   0    00000000    000000e4     
                  00000000    000000e4     startup_msp432p401r_ccs.obj (.intvecs:retain)

.text      0    000000e4    000007f0     
                  000000e4    0000032c     system_msp432p401r.obj (.text)
                  00000410    00000148     uart.obj (.text)
                  00000558    0000009c     rtsv7M4_T_le_v4SPD16_eabi.lib : memcpy_t2.obj (.text)
                  000005f4    00000080     main.obj (.text)
                  00000674    00000070     rtsv7M4_T_le_v4SPD16_eabi.lib : autoinit.obj (.text)
                  000006e4    00000068                                   : copy_decompress_lzss.obj (.text:decompress:lzss)
                  0000074c    00000054                                   : boot.obj (.text)
                  000007a0    00000054                                   : exit.obj (.text)
                  000007f4    0000004c                                   : cpy_tbl.obj (.text)
                  00000840    00000044     lab3.obj (.text)
                  00000884    00000018     rtsv7M4_T_le_v4SPD16_eabi.lib : args_main.obj (.text)
                  0000089c    00000014                                   : _lock.obj (.text)
                  000008b0    0000000e                                   : copy_decompress_none.obj (.text:decompress:none)
                  000008be    0000000e     startup_msp432p401r_ccs.obj (.text)
                  000008cc    00000004     rtsv7M4_T_le_v4SPD16_eabi.lib : pre_init.obj (.text)
                  000008d0    00000002                                   : mpu_init.obj (.text)
                  000008d2    00000002                                   : startup.obj (.text)

.cinit     0    000008d8    00000028     
                  000008d8    00000015     (.cinit..data.load) [load image, compression = lzss]
                  000008ed    00000003     --HOLE-- [fill = 0]
                  000008f0    00000008     (__TI_handler_table)
                  000008f8    00000008     (__TI_cinit_table)

.init_array 
*          0    00000000    00000000     UNINITIALIZED

.binit     0    00000000    00000000     

.data      0    20000000    0000001c     UNINITIALIZED
                  20000000    0000000c     rtsv7M4_T_le_v4SPD16_eabi.lib : exit.obj (.data:$O1$$)
                  2000000c    00000008                                   : _lock.obj (.data:$O1$$)
                  20000014    00000004                                   : stkdepth_vars.obj (.data)
                  20000018    00000004     system_msp432p401r.obj (.data)

.stack     0    2000fe00    00000200     UNINITIALIZED
                  2000fe00    00000200     --HOLE--

MODULE SUMMARY

       Module                        code   ro data   rw data
       ------                        ----   -------   -------
    ./
       system_msp432p401r.obj        812    0         8      
       uart.obj                      328    0         0      
       startup_msp432p401r_ccs.obj   14     228       0      
       main.obj                      128    0         0      
       lab3.obj                      68     0         0      
    +--+-----------------------------+------+---------+---------+
       Total:                        1350   228       8      
                                                             
    /home/kk/ti/ccsv7/tools/compiler/ti-cgt-arm_16.9.3.LTS/lib/rtsv7M4_T_le_v4SPD16_eabi.lib
       memcpy_t2.obj                 156    0         0      
       autoinit.obj                  112    0         0      
       exit.obj                      84     0         24     
       copy_decompress_lzss.obj      104    0         0      
       boot.obj                      84     0         0      
       cpy_tbl.obj                   76     0         0      
       _lock.obj                     20     0         16     
       args_main.obj                 24     0         0      
       copy_decompress_none.obj      14     0         0      
       stkdepth_vars.obj             0      0         8      
       pre_init.obj                  4      0         0      
       mpu_init.obj                  2      0         0      
       startup.obj                   2      0         0      
    +--+-----------------------------+------+---------+---------+
       Total:                        682    0         48     
                                                             
       Stack:                        0      0         1024   
       Linker Generated:             0      37        0      
    +--+-----------------------------+------+---------+---------+
       Grand Total:                  2032   265       1080   


LINKER GENERATED COPY TABLES

__TI_cinit_table @ 000008f8 records: 1, size/record: 8, table size: 8
	.data: load addr=000008d8, load size=00000015 bytes, run addr=20000000, run size=0000001c bytes, compression=lzss


LINKER GENERATED HANDLER TABLE

__TI_handler_table @ 000008f0 records: 2, size/record: 4, table size: 8
	index: 0, handler: __TI_decompress_lzss
	index: 1, handler: __TI_decompress_none


GLOBAL SYMBOLS: SORTED ALPHABETICALLY BY Name 

address   name                           
-------   ----                           
000008cb  ADC14_IRQHandler               
000008cb  AES256_IRQHandler              
000008cb  BusFault_Handler               
000007a1  C$$EXIT                        
000008cb  COMP_E0_IRQHandler             
000008cb  COMP_E1_IRQHandler             
000008cb  CS_IRQHandler                  
000008cb  DMA_ERR_IRQHandler             
000008cb  DMA_INT0_IRQHandler            
000008cb  DMA_INT1_IRQHandler            
000008cb  DMA_INT2_IRQHandler            
000008cb  DMA_INT3_IRQHandler            
000008cb  DebugMon_Handler               
000008cb  Default_Handler                
000004db  EUSCIA0_IRQHandler             
000004db  EUSCIA0_IRQHandler             
000008cb  EUSCIA1_IRQHandler             
000008cb  EUSCIA2_IRQHandler             
000008cb  EUSCIA3_IRQHandler             
000008cb  EUSCIB0_IRQHandler             
000008cb  EUSCIB1_IRQHandler             
000008cb  EUSCIB2_IRQHandler             
000008cb  EUSCIB3_IRQHandler             
000008cb  FLCTL_IRQHandler               
000008cb  FPU_IRQHandler                 
00000633  HSMCLK_OUT                     
000008cb  HardFault_Handler              
000008cb  MemManage_Handler              
000008cb  NMI_Handler                    
000008cb  PCM_IRQHandler                 
000008cb  PORT1_IRQHandler               
000008cb  PORT2_IRQHandler               
000008cb  PORT3_IRQHandler               
000008cb  PORT4_IRQHandler               
000008cb  PORT5_IRQHandler               
000008cb  PORT6_IRQHandler               
000008cb  PSS_IRQHandler                 
000008cb  PendSV_Handler                 
000008cb  RTC_C_IRQHandler               
000008bf  Reset_Handler                  
UNDEFED   SHT$$INIT_ARRAY$$Base          
UNDEFED   SHT$$INIT_ARRAY$$Limit         
000008cb  SVC_Handler                    
000008cb  SysTick_Handler                
20000018  SystemCoreClock                
000000e5  SystemCoreClockUpdate          
00000359  SystemInit                     
000008cb  T32_INT1_IRQHandler            
000008cb  T32_INT2_IRQHandler            
000008cb  T32_INTC_IRQHandler            
000008cb  TA0_0_IRQHandler               
000008cb  TA0_N_IRQHandler               
000008cb  TA1_0_IRQHandler               
000008cb  TA1_N_IRQHandler               
000008cb  TA2_0_IRQHandler               
000008cb  TA2_N_IRQHandler               
000008cb  TA3_0_IRQHandler               
000008cb  TA3_N_IRQHandler               
0000043d  UART_config                    
000004c7  UART_putchar                   
000008cb  UsageFault_Handler             
4000480c  WDTCTL_SYM                     
000008cb  WDT_A_IRQHandler               
20010000  __STACK_END                    
00000200  __STACK_SIZE                   
000008f8  __TI_CINIT_Base                
00000900  __TI_CINIT_Limit               
000008f0  __TI_Handler_Table_Base        
000008f8  __TI_Handler_Table_Limit       
00000675  __TI_auto_init                 
20000000  __TI_cleanup_ptr               
000006e5  __TI_decompress_lzss           
000008b1  __TI_decompress_none           
20000004  __TI_dtors_ptr                 
20000008  __TI_enable_exit_profile_output
ffffffff  __TI_pprof_out_hndl            
ffffffff  __TI_prof_data_size            
ffffffff  __TI_prof_data_start           
00000000  __TI_static_base__             
00000559  __aeabi_memcpy                 
00000559  __aeabi_memcpy4                
00000559  __aeabi_memcpy8                
ffffffff  __binit__                      
ffffffff  __c_args__                     
000008d1  __mpu_init                     
2000fe00  __stack                        
00000885  _args_main                     
0000074d  _c_int00                       
2000000c  _lock                          
000008ab  _nop                           
000008a3  _register_lock                 
0000089d  _register_unlock               
000008d3  _system_post_cinit             
000008cd  _system_pre_init               
20000010  _unlock                        
000007a5  abort                          
ffffffff  binit                          
00000841  configure_clocks               
000007f5  copy_in                        
000007ad  exit                           
00000000  interruptVectors               
000005f5  main                           
20000014  main_func_sp                   
00000559  memcpy                         


GLOBAL SYMBOLS: SORTED BY Symbol Address 

address   name                           
-------   ----                           
00000000  __TI_static_base__             
00000000  interruptVectors               
000000e5  SystemCoreClockUpdate          
00000200  __STACK_SIZE                   
00000359  SystemInit                     
0000043d  UART_config                    
000004c7  UART_putchar                   
000004db  EUSCIA0_IRQHandler             
000004db  EUSCIA0_IRQHandler             
00000559  __aeabi_memcpy                 
00000559  __aeabi_memcpy4                
00000559  __aeabi_memcpy8                
00000559  memcpy                         
000005f5  main                           
00000633  HSMCLK_OUT                     
00000675  __TI_auto_init                 
000006e5  __TI_decompress_lzss           
0000074d  _c_int00                       
000007a1  C$$EXIT                        
000007a5  abort                          
000007ad  exit                           
000007f5  copy_in                        
00000841  configure_clocks               
00000885  _args_main                     
0000089d  _register_unlock               
000008a3  _register_lock                 
000008ab  _nop                           
000008b1  __TI_decompress_none           
000008bf  Reset_Handler                  
000008cb  ADC14_IRQHandler               
000008cb  AES256_IRQHandler              
000008cb  BusFault_Handler               
000008cb  COMP_E0_IRQHandler             
000008cb  COMP_E1_IRQHandler             
000008cb  CS_IRQHandler                  
000008cb  DMA_ERR_IRQHandler             
000008cb  DMA_INT0_IRQHandler            
000008cb  DMA_INT1_IRQHandler            
000008cb  DMA_INT2_IRQHandler            
000008cb  DMA_INT3_IRQHandler            
000008cb  DebugMon_Handler               
000008cb  Default_Handler                
000008cb  EUSCIA1_IRQHandler             
000008cb  EUSCIA2_IRQHandler             
000008cb  EUSCIA3_IRQHandler             
000008cb  EUSCIB0_IRQHandler             
000008cb  EUSCIB1_IRQHandler             
000008cb  EUSCIB2_IRQHandler             
000008cb  EUSCIB3_IRQHandler             
000008cb  FLCTL_IRQHandler               
000008cb  FPU_IRQHandler                 
000008cb  HardFault_Handler              
000008cb  MemManage_Handler              
000008cb  NMI_Handler                    
000008cb  PCM_IRQHandler                 
000008cb  PORT1_IRQHandler               
000008cb  PORT2_IRQHandler               
000008cb  PORT3_IRQHandler               
000008cb  PORT4_IRQHandler               
000008cb  PORT5_IRQHandler               
000008cb  PORT6_IRQHandler               
000008cb  PSS_IRQHandler                 
000008cb  PendSV_Handler                 
000008cb  RTC_C_IRQHandler               
000008cb  SVC_Handler                    
000008cb  SysTick_Handler                
000008cb  T32_INT1_IRQHandler            
000008cb  T32_INT2_IRQHandler            
000008cb  T32_INTC_IRQHandler            
000008cb  TA0_0_IRQHandler               
000008cb  TA0_N_IRQHandler               
000008cb  TA1_0_IRQHandler               
000008cb  TA1_N_IRQHandler               
000008cb  TA2_0_IRQHandler               
000008cb  TA2_N_IRQHandler               
000008cb  TA3_0_IRQHandler               
000008cb  TA3_N_IRQHandler               
000008cb  UsageFault_Handler             
000008cb  WDT_A_IRQHandler               
000008cd  _system_pre_init               
000008d1  __mpu_init                     
000008d3  _system_post_cinit             
000008f0  __TI_Handler_Table_Base        
000008f8  __TI_CINIT_Base                
000008f8  __TI_Handler_Table_Limit       
00000900  __TI_CINIT_Limit               
20000000  __TI_cleanup_ptr               
20000004  __TI_dtors_ptr                 
20000008  __TI_enable_exit_profile_output
2000000c  _lock                          
20000010  _unlock                        
20000014  main_func_sp                   
20000018  SystemCoreClock                
2000fe00  __stack                        
20010000  __STACK_END                    
4000480c  WDTCTL_SYM                     
ffffffff  __TI_pprof_out_hndl            
ffffffff  __TI_prof_data_size            
ffffffff  __TI_prof_data_start           
ffffffff  __binit__                      
ffffffff  __c_args__                     
ffffffff  binit                          
UNDEFED   SHT$$INIT_ARRAY$$Base          
UNDEFED   SHT$$INIT_ARRAY$$Limit         

[104 symbols]
